Component: ARM Compiler 5.05 update 1 (build 106) Tool: armlink [4d0efa]

==============================================================================

Section Cross References

    main.o(.text) refers to delay.o(.text) for delay_init
    main.o(.text) refers to usart.o(.text) for uart_init
    main.o(.text) refers to misc.o(.text) for NVIC_PriorityGroupConfig
    main.o(.text) refers to led.o(.text) for LED_Init
    main.o(.text) refers to key.o(.text) for KEY_Init
    main.o(.text) refers to oled.o(.text) for OLED_Init
    main.o(.text) refers to timer.o(.text) for TIM3_Cap_Init
    main.o(.text) refers to encoder.o(.text) for Encoder_Init_TIM2
    main.o(.text) refers to usartx.o(.text) for uart2_init
    main.o(.text) refers to ioi2c.o(.text) for IIC_Init
    main.o(.text) refers to mpu6050.o(.text) for MPU6050_initialize
    main.o(.text) refers to adc.o(.text) for Adc_Init
    main.o(.text) refers to can.o(.text) for CAN1_Mode_Init
    main.o(.text) refers to motor.o(.text) for MiniBalance_PWM_Init
    main.o(.text) refers to exti.o(.text) for MiniBalance_EXTI_Init
    main.o(.text) refers to stmflash.o(.text) for Flash_Write
    main.o(.text) refers to show.o(.text) for APP_Show
    main.o(.text) refers to main.o(.data) for Flash_Send
    system_stm32f4xx.o(.text) refers to system_stm32f4xx.o(.data) for SystemCoreClock
    startup_stm32f40_41xxx.o(STACK) refers (Special) to heapauxi.o(.text) for __use_two_region_memory
    startup_stm32f40_41xxx.o(HEAP) refers (Special) to heapauxi.o(.text) for __use_two_region_memory
    startup_stm32f40_41xxx.o(RESET) refers (Special) to heapauxi.o(.text) for __use_two_region_memory
    startup_stm32f40_41xxx.o(RESET) refers to startup_stm32f40_41xxx.o(STACK) for __initial_sp
    startup_stm32f40_41xxx.o(RESET) refers to startup_stm32f40_41xxx.o(.text) for Reset_Handler
    startup_stm32f40_41xxx.o(RESET) refers to stm32f4xx_it.o(.text) for NMI_Handler
    startup_stm32f40_41xxx.o(RESET) refers to can.o(.text) for CAN1_RX0_IRQHandler
    startup_stm32f40_41xxx.o(RESET) refers to encoder.o(.text) for TIM2_IRQHandler
    startup_stm32f40_41xxx.o(RESET) refers to timer.o(.text) for TIM3_IRQHandler
    startup_stm32f40_41xxx.o(RESET) refers to usart.o(.text) for USART1_IRQHandler
    startup_stm32f40_41xxx.o(RESET) refers to usartx.o(.text) for USART2_IRQHandler
    startup_stm32f40_41xxx.o(RESET) refers to control.o(.text) for EXTI15_10_IRQHandler
    startup_stm32f40_41xxx.o(.text) refers (Special) to heapauxi.o(.text) for __use_two_region_memory
    startup_stm32f40_41xxx.o(.text) refers to system_stm32f4xx.o(.text) for SystemInit
    startup_stm32f40_41xxx.o(.text) refers to __main.o(!!!main) for __main
    startup_stm32f40_41xxx.o(.text) refers to startup_stm32f40_41xxx.o(HEAP) for Heap_Mem
    startup_stm32f40_41xxx.o(.text) refers to startup_stm32f40_41xxx.o(STACK) for Stack_Mem
    stm32f4xx_adc.o(.text) refers to stm32f4xx_rcc.o(.text) for RCC_APB2PeriphResetCmd
    stm32f4xx_can.o(.text) refers to stm32f4xx_rcc.o(.text) for RCC_APB1PeriphResetCmd
    stm32f4xx_cryp.o(.text) refers to stm32f4xx_rcc.o(.text) for RCC_AHB2PeriphResetCmd
    stm32f4xx_cryp_aes.o(.text) refers to stm32f4xx_cryp.o(.text) for CRYP_KeyStructInit
    stm32f4xx_cryp_des.o(.text) refers to stm32f4xx_cryp.o(.text) for CRYP_KeyStructInit
    stm32f4xx_cryp_tdes.o(.text) refers to stm32f4xx_cryp.o(.text) for CRYP_KeyStructInit
    stm32f4xx_dac.o(.text) refers to stm32f4xx_rcc.o(.text) for RCC_APB1PeriphResetCmd
    stm32f4xx_dma2d.o(.text) refers to stm32f4xx_rcc.o(.text) for RCC_AHB1PeriphResetCmd
    stm32f4xx_fsmc.o(.text) refers to stm32f4xx_fsmc.o(.constdata) for FSMC_DefaultTimingStruct
    stm32f4xx_gpio.o(.text) refers to stm32f4xx_rcc.o(.text) for RCC_AHB1PeriphResetCmd
    stm32f4xx_hash.o(.text) refers to stm32f4xx_rcc.o(.text) for RCC_AHB2PeriphResetCmd
    stm32f4xx_hash_md5.o(.text) refers to stm32f4xx_hash.o(.text) for HASH_DeInit
    stm32f4xx_hash_sha1.o(.text) refers to stm32f4xx_hash.o(.text) for HASH_DeInit
    stm32f4xx_i2c.o(.text) refers to stm32f4xx_rcc.o(.text) for RCC_APB1PeriphResetCmd
    stm32f4xx_ltdc.o(.text) refers to stm32f4xx_rcc.o(.text) for RCC_APB2PeriphResetCmd
    stm32f4xx_pwr.o(.text) refers to stm32f4xx_rcc.o(.text) for RCC_APB1PeriphResetCmd
    stm32f4xx_rcc.o(.text) refers to stm32f4xx_rcc.o(.data) for APBAHBPrescTable
    stm32f4xx_rng.o(.text) refers to stm32f4xx_rcc.o(.text) for RCC_AHB2PeriphResetCmd
    stm32f4xx_sai.o(.text) refers to stm32f4xx_rcc.o(.text) for RCC_APB2PeriphResetCmd
    stm32f4xx_sdio.o(.text) refers to stm32f4xx_rcc.o(.text) for RCC_APB2PeriphResetCmd
    stm32f4xx_spi.o(.text) refers to stm32f4xx_rcc.o(.text) for RCC_APB2PeriphResetCmd
    stm32f4xx_syscfg.o(.text) refers to stm32f4xx_rcc.o(.text) for RCC_APB2PeriphResetCmd
    stm32f4xx_tim.o(.text) refers to stm32f4xx_rcc.o(.text) for RCC_APB2PeriphResetCmd
    stm32f4xx_usart.o(.text) refers to stm32f4xx_rcc.o(.text) for RCC_APB2PeriphResetCmd
[...]
    ADC_GetITStatus                          0x08000ac1   Thumb Code    38  stm32f4xx_adc.o(.text)
    ADC_ClearITPendingBit                    0x08000ae7   Thumb Code    10  stm32f4xx_adc.o(.text)
    CAN_DeInit                               0x08000af1   Thumb Code    50  stm32f4xx_can.o(.text)
    CAN_Init                                 0x08000b23   Thumb Code   276  stm32f4xx_can.o(.text)
    CAN_FilterInit                           0x08000c37   Thumb Code   258  stm32f4xx_can.o(.text)
    CAN_StructInit                           0x08000d39   Thumb Code    32  stm32f4xx_can.o(.text)
    CAN_SlaveStartBank                       0x08000d59   Thumb Code    48  stm32f4xx_can.o(.text)
    CAN_DBGFreeze                            0x08000d89   Thumb Code    22  stm32f4xx_can.o(.text)
    CAN_TTComModeCmd                         0x08000d9f   Thumb Code   118  stm32f4xx_can.o(.text)
    CAN_Transmit                             0x08000e15   Thumb Code   304  stm32f4xx_can.o(.text)
    CAN_TransmitStatus                       0x08000f45   Thumb Code   138  stm32f4xx_can.o(.text)
    CAN_CancelTransmit                       0x08000fcf   Thumb Code    48  stm32f4xx_can.o(.text)
    CAN_Receive                              0x08000fff   Thumb Code   240  stm32f4xx_can.o(.text)
    CAN_FIFORelease                          0x080010ef   Thumb Code    22  stm32f4xx_can.o(.text)
    CAN_MessagePending                       0x08001105   Thumb Code    30  stm32f4xx_can.o(.text)
    CAN_OperatingModeRequest                 0x08001123   Thumb Code   162  stm32f4xx_can.o(.text)
    CAN_Sleep                                0x080011c5   Thumb Code    30  stm32f4xx_can.o(.text)
    CAN_WakeUp                               0x080011e3   Thumb Code    48  stm32f4xx_can.o(.text)
    CAN_GetLastErrorCode                     0x08001213   Thumb Code    12  stm32f4xx_can.o(.text)
    CAN_GetReceiveErrorCounter               0x0800121f   Thumb Code    10  stm32f4xx_can.o(.text)
    CAN_GetLSBTransmitErrorCounter           0x08001229   Thumb Code    12  stm32f4xx_can.o(.text)
    CAN_ITConfig                             0x08001235   Thumb Code    18  stm32f4xx_can.o(.text)
    CAN_GetFlagStatus                        0x08001247   Thumb Code   120  stm32f4xx_can.o(.text)
    CAN_ClearFlag                            0x080012bf   Thumb Code    52  stm32f4xx_can.o(.text)
    CAN_GetITStatus                          0x08001305   Thumb Code   310  stm32f4xx_can.o(.text)
    CAN_ClearITPendingBit                    0x0800143b   Thumb Code   162  stm32f4xx_can.o(.text)
    EXTI_DeInit                              0x080014e1   Thumb Code    28  stm32f4xx_exti.o(.text)
    EXTI_Init                                0x080014fd   Thumb Code   142  stm32f4xx_exti.o(.text)
    EXTI_StructInit                          0x0800158b   Thumb Code    16  stm32f4xx_exti.o(.text)
    EXTI_GenerateSWInterrupt                 0x0800159b   Thumb Code    16  stm32f4xx_exti.o(.text)
    EXTI_GetFlagStatus                       0x080015ab   Thumb Code    22  stm32f4xx_exti.o(.text)
    EXTI_ClearFlag                           0x080015c1   Thumb Code     8  stm32f4xx_exti.o(.text)
    EXTI_GetITStatus                         0x080015c9   Thumb Code    22  stm32f4xx_exti.o(.text)
    EXTI_ClearITPendingBit                   0x080015df   Thumb Code     8  stm32f4xx_exti.o(.text)
    FLASH_SetLatency                         0x080015f1   Thumb Code     6  stm32f4xx_flash.o(.text)
    FLASH_PrefetchBufferCmd                  0x080015f7   Thumb Code    30  stm32f4xx_flash.o(.text)
    FLASH_InstructionCacheCmd                0x08001615   Thumb Code    30  stm32f4xx_flash.o(.text)
    FLASH_DataCacheCmd                       0x08001633   Thumb Code    30  stm32f4xx_flash.o(.text)
    FLASH_InstructionCacheReset              0x08001651   Thumb Code    14  stm32f4xx_flash.o(.text)
    FLASH_DataCacheReset                     0x0800165f   Thumb Code    14  stm32f4xx_flash.o(.text)
    FLASH_Unlock                             0x0800166d   Thumb Code    26  stm32f4xx_flash.o(.text)
    FLASH_Lock                               0x08001687   Thumb Code    18  stm32f4xx_flash.o(.text)
    FLASH_GetStatus                          0x08001699   Thumb Code    90  stm32f4xx_flash.o(.text)
    FLASH_WaitForLastOperation               0x080016f3   Thumb Code    34  stm32f4xx_flash.o(.text)
    FLASH_EraseSector                        0x08001715   Thumb Code   140  stm32f4xx_flash.o(.text)
    FLASH_EraseAllSectors                    0x080017a1   Thumb Code   112  stm32f4xx_flash.o(.text)
    FLASH_EraseAllBank1Sectors               0x08001811   Thumb Code   112  stm32f4xx_flash.o(.text)
    FLASH_EraseAllBank2Sectors               0x08001881   Thumb Code   112  stm32f4xx_flash.o(.text)
    FLASH_ProgramDoubleWord                  0x080018f1   Thumb Code    86  stm32f4xx_flash.o(.text)
    FLASH_ProgramWord                        0x08001947   Thumb Code    82  stm32f4xx_flash.o(.text)
    FLASH_ProgramHalfWord                    0x08001999   Thumb Code    96  stm32f4xx_flash.o(.text)
    FLASH_ProgramByte                        0x080019f9   Thumb Code    70  stm32f4xx_flash.o(.text)
    FLASH_OB_Unlock                          0x08001a3f   Thumb Code    26  stm32f4xx_flash.o(.text)
    FLASH_OB_Lock                            0x08001a59   Thumb Code    18  stm32f4xx_flash.o(.text)
    FLASH_OB_WRPConfig                       0x08001a6b   Thumb Code    54  stm32f4xx_flash.o(.text)
    FLASH_OB_WRP1Config                      0x08001aa1   Thumb Code    54  stm32f4xx_flash.o(.text)
    FLASH_OB_PCROPSelectionConfig            0x08001ad7   Thumb Code    24  stm32f4xx_flash.o(.text)
    FLASH_OB_PCROPConfig                     0x08001aef   Thumb Code    54  stm32f4xx_flash.o(.text)
    FLASH_OB_PCROP1Config                    0x08001b25   Thumb Code    54  stm32f4xx_flash.o(.text)
    FLASH_OB_RDPConfig                       0x08001b5b   Thumb Code    24  stm32f4xx_flash.o(.text)
    FLASH_OB_UserConfig                      0x08001b73   Thumb Code    46  stm32f4xx_flash.o(.text)
    FLASH_OB_BootConfig                      0x08001ba1   Thumb Code    26  stm32f4xx_flash.o(.text)
    FLASH_OB_BORConfig                       0x08001bbb   Thumb Code    26  stm32f4xx_flash.o(.text)
    FLASH_OB_Launch                          0x08001bd5   Thumb Code    30  stm32f4xx_flash.o(.text)
    FLASH_OB_GetUser                         0x08001bf3   Thumb Code    12  stm32f4xx_flash.o(.text)
    FLASH_OB_GetWRP                          0x08001bff   Thumb Code     8  stm32f4xx_flash.o(.text)
    FLASH_OB_GetWRP1                         0x08001c07   Thumb Code     8  stm32f4xx_flash.o(.text)
    FLASH_OB_GetPCROP                        0x08001c0f   Thumb Code     8  stm32f4xx_flash.o(.text)
    FLASH_OB_GetPCROP1                       0x08001c17   Thumb Code     8  stm32f4xx_flash.o(.text)
    FLASH_OB_GetRDP                          0x08001c1f   Thumb Code    20  stm32f4xx_flash.o(.text)
    FLASH_OB_GetBOR                          0x08001c33   Thumb Code    12  stm32f4xx_flash.o(.text)
    FLASH_ITConfig                           0x08001c3f   Thumb Code    26  stm32f4xx_flash.o(.text)
    FLASH_GetFlagStatus                      0x08001c59   Thumb Code    22  stm32f4xx_flash.o(.text)
    FLASH_ClearFlag                          0x08001c6f   Thumb Code     8  stm32f4xx_flash.o(.text)
    GPIO_DeInit                              0x08001c85   Thumb Code   268  stm32f4xx_gpio.o(.text)
    GPIO_Init                                0x08001d91   Thumb Code   144  stm32f4xx_gpio.o(.text)
    GPIO_StructInit                          0x08001e21   Thumb Code    18  stm32f4xx_gpio.o(.text)
    GPIO_PinLockConfig                       0x08001e33   Thumb Code    34  stm32f4xx_gpio.o(.text)
    GPIO_ReadInputDataBit                    0x08001e55   Thumb Code    18  stm32f4xx_gpio.o(.text)
    GPIO_ReadInputData                       0x08001e67   Thumb Code     8  stm32f4xx_gpio.o(.text)
    GPIO_ReadOutputDataBit                   0x08001e6f   Thumb Code    18  stm32f4xx_gpio.o(.text)
    GPIO_ReadOutputData                      0x08001e81   Thumb Code     8  stm32f4xx_gpio.o(.text)
    GPIO_SetBits                             0x08001e89   Thumb Code     4  stm32f4xx_gpio.o(.text)
    GPIO_ResetBits                           0x08001e8d   Thumb Code     4  stm32f4xx_gpio.o(.text)
    GPIO_WriteBit                            0x08001e91   Thumb Code    10  stm32f4xx_gpio.o(.text)
    GPIO_Write                               0x08001e9b   Thumb Code     4  stm32f4xx_gpio.o(.text)
    GPIO_ToggleBits                          0x08001e9f   Thumb Code     8  stm32f4xx_gpio.o(.text)
    GPIO_PinAFConfig                         0x08001ea7   Thumb Code    70  stm32f4xx_gpio.o(.text)
    PWR_DeInit                               0x08001f19   Thumb Code    22  stm32f4xx_pwr.o(.text)
    PWR_BackupAccessCmd                      0x08001f2f   Thumb Code     6  stm32f4xx_pwr.o(.text)
    PWR_PVDLevelConfig                       0x08001f35   Thumb Code    18  stm32f4xx_pwr.o(.text)
    PWR_PVDCmd                               0x08001f47   Thumb Code     6  stm32f4xx_pwr.o(.text)
    PWR_WakeUpPinCmd                         0x08001f4d   Thumb Code     8  stm32f4xx_pwr.o(.text)
    PWR_BackupRegulatorCmd                   0x08001f55   Thumb Code     8  stm32f4xx_pwr.o(.text)
    PWR_MainRegulatorModeConfig              0x08001f5d   Thumb Code    18  stm32f4xx_pwr.o(.text)
    PWR_OverDriveCmd                         0x08001f6f   Thumb Code     6  stm32f4xx_pwr.o(.text)
    PWR_OverDriveSWCmd                       0x08001f75   Thumb Code     6  stm32f4xx_pwr.o(.text)
    PWR_UnderDriveCmd                        0x08001f7b   Thumb Code    30  stm32f4xx_pwr.o(.text)
    PWR_MainRegulatorLowVoltageCmd           0x08001f99   Thumb Code    18  stm32f4xx_pwr.o(.text)
    PWR_LowRegulatorLowVoltageCmd            0x08001fab   Thumb Code    18  stm32f4xx_pwr.o(.text)
    PWR_FlashPowerDownCmd                    0x08001fbd   Thumb Code     6  stm32f4xx_pwr.o(.text)
    PWR_EnterSTOPMode                        0x08001fc3   Thumb Code    58  stm32f4xx_pwr.o(.text)
    PWR_EnterUnderDriveSTOPMode              0x08001ffd   Thumb Code    58  stm32f4xx_pwr.o(.text)
    PWR_EnterSTANDBYMode                     0x08002037   Thumb Code    32  stm32f4xx_pwr.o(.text)
    PWR_GetFlagStatus                        0x08002057   Thumb Code    20  stm32f4xx_pwr.o(.text)
    PWR_ClearFlag                            0x0800206b   Thumb Code    14  stm32f4xx_pwr.o(.text)
    RCC_DeInit                               0x08002085   Thumb Code    82  stm32f4xx_rcc.o(.text)
    RCC_HSEConfig                            0x080020d7   Thumb Code    14  stm32f4xx_rcc.o(.text)
    RCC_GetFlagStatus                        0x080020e5   Thumb Code    60  stm32f4xx_rcc.o(.text)
    RCC_WaitForHSEStartUp                    0x08002121   Thumb Code    56  stm32f4xx_rcc.o(.text)
    RCC_AdjustHSICalibrationValue            0x08002159   Thumb Code    20  stm32f4xx_rcc.o(.text)
    RCC_HSICmd                               0x0800216d   Thumb Code     6  stm32f4xx_rcc.o(.text)
    RCC_LSEConfig                            0x08002173   Thumb Code    46  stm32f4xx_rcc.o(.text)
    RCC_LSICmd                               0x080021a1   Thumb Code     6  stm32f4xx_rcc.o(.text)
    RCC_PLLConfig                            0x080021a7   Thumb Code    32  stm32f4xx_rcc.o(.text)
    RCC_PLLCmd                               0x080021c7   Thumb Code     6  stm32f4xx_rcc.o(.text)
    RCC_PLLI2SConfig                         0x080021cd   Thumb Code    14  stm32f4xx_rcc.o(.text)
    RCC_PLLI2SCmd                            0x080021db   Thumb Code     6  stm32f4xx_rcc.o(.text)
    RCC_PLLSAIConfig                         0x080021e1   Thumb Code    20  stm32f4xx_rcc.o(.text)
    RCC_PLLSAICmd                            0x080021f5   Thumb Code     6  stm32f4xx_rcc.o(.text)
    RCC_ClockSecuritySystemCmd               0x080021fb   Thumb Code     6  stm32f4xx_rcc.o(.text)
    RCC_MCO1Config                           0x08002201   Thumb Code    28  stm32f4xx_rcc.o(.text)
    RCC_MCO2Config                           0x0800221d   Thumb Code    28  stm32f4xx_rcc.o(.text)
    RCC_SYSCLKConfig                         0x08002239   Thumb Code    20  stm32f4xx_rcc.o(.text)
    RCC_GetSYSCLKSource                      0x0800224d   Thumb Code    12  stm32f4xx_rcc.o(.text)
    RCC_HCLKConfig                           0x08002259   Thumb Code    20  stm32f4xx_rcc.o(.text)
    RCC_PCLK1Config                          0x0800226d   Thumb Code    20  stm32f4xx_rcc.o(.text)
    RCC_PCLK2Config                          0x08002281   Thumb Code    22  stm32f4xx_rcc.o(.text)
    RCC_GetClocksFreq                        0x08002297   Thumb Code   222  stm32f4xx_rcc.o(.text)
    RCC_RTCCLKConfig                         0x08002375   Thumb Code    54  stm32f4xx_rcc.o(.text)
    RCC_RTCCLKCmd                            0x080023ab   Thumb Code     8  stm32f4xx_rcc.o(.text)
    RCC_BackupResetCmd                       0x080023b3   Thumb Code     8  stm32f4xx_rcc.o(.text)
    RCC_I2SCLKConfig                         0x080023bb   Thumb Code     6  stm32f4xx_rcc.o(.text)
    RCC_SAIPLLI2SClkDivConfig                0x080023c1   Thumb Code    26  stm32f4xx_rcc.o(.text)
    RCC_SAIPLLSAIClkDivConfig                0x080023db   Thumb Code    28  stm32f4xx_rcc.o(.text)
    RCC_SAIBlockACLKConfig                   0x080023f7   Thumb Code    20  stm32f4xx_rcc.o(.text)
    RCC_SAIBlockBCLKConfig                   0x0800240b   Thumb Code    20  stm32f4xx_rcc.o(.text)
    RCC_LTDCCLKDivConfig                     0x0800241f   Thumb Code    20  stm32f4xx_rcc.o(.text)
    RCC_TIMCLKPresConfig                     0x08002433   Thumb Code     6  stm32f4xx_rcc.o(.text)
    RCC_AHB1PeriphClockCmd                   0x08002439   Thumb Code    34  stm32f4xx_rcc.o(.text)
    RCC_AHB2PeriphClockCmd                   0x0800245b   Thumb Code    78  stm32f4xx_rcc.o(.text)
    RCC_AHB3PeriphClockCmd                   0x080024a9   Thumb Code    34  stm32f4xx_rcc.o(.text)
    RCC_APB1PeriphClockCmd                   0x080024cb   Thumb Code    34  stm32f4xx_rcc.o(.text)
    RCC_APB2PeriphClockCmd                   0x080024ed   Thumb Code    34  stm32f4xx_rcc.o(.text)
    RCC_AHB1PeriphResetCmd                   0x0800250f   Thumb Code    34  stm32f4xx_rcc.o(.text)
    RCC_AHB2PeriphResetCmd                   0x08002531   Thumb Code    34  stm32f4xx_rcc.o(.text)
    RCC_AHB3PeriphResetCmd                   0x08002553   Thumb Code    34  stm32f4xx_rcc.o(.text)
    RCC_APB1PeriphResetCmd                   0x08002575   Thumb Code    34  stm32f4xx_rcc.o(.text)
    RCC_APB2PeriphResetCmd                   0x08002597   Thumb Code    34  stm32f4xx_rcc.o(.text)
    RCC_AHB1PeriphClockLPModeCmd             0x080025b9   Thumb Code    34  stm32f4xx_rcc.o(.text)
    RCC_AHB2PeriphClockLPModeCmd             0x080025db   Thumb Code    34  stm32f4xx_rcc.o(.text)
    RCC_AHB3PeriphClockLPModeCmd             0x080025fd   Thumb Code    34  stm32f4xx_rcc.o(.text)
    RCC_APB1PeriphClockLPModeCmd             0x0800261f   Thumb Code    34  stm32f4xx_rcc.o(.text)
    RCC_APB2PeriphClockLPModeCmd             0x08002641   Thumb Code    34  stm32f4xx_rcc.o(.text)
    RCC_LSEModeConfig                        0x08002663   Thumb Code    40  stm32f4xx_rcc.o(.text)
    RCC_ITConfig                             0x0800268b   Thumb Code    34  stm32f4xx_rcc.o(.text)
    RCC_ClearFlag                            0x080026ad   Thumb Code    18  stm32f4xx_rcc.o(.text)
    RCC_GetITStatus                          0x080026bf   Thumb Code    22  stm32f4xx_rcc.o(.text)
    RCC_ClearITPendingBit                    0x080026d5   Thumb Code     8  stm32f4xx_rcc.o(.text)
    SYSCFG_DeInit                            0x080026e1   Thumb Code    22  stm32f4xx_syscfg.o(.text)
    SYSCFG_MemoryRemapConfig                 0x080026f7   Thumb Code     6  stm32f4xx_syscfg.o(.text)
    SYSCFG_MemorySwappingBank                0x080026fd   Thumb Code     6  stm32f4xx_syscfg.o(.text)
    SYSCFG_EXTILineConfig                    0x08002703   Thumb Code    66  stm32f4xx_syscfg.o(.text)
    SYSCFG_ETH_MediaInterfaceConfig          0x08002745   Thumb Code     8  stm32f4xx_syscfg.o(.text)
    SYSCFG_CompensationCellCmd               0x0800274d   Thumb Code     6  stm32f4xx_syscfg.o(.text)
    SYSCFG_GetCompensationCellStatus         0x08002753   Thumb Code    22  stm32f4xx_syscfg.o(.text)
    TIM_DeInit                               0x08002775   Thumb Code   346  stm32f4xx_tim.o(.text)
    TIM_TimeBaseInit                         0x080028cf   Thumb Code   104  stm32f4xx_tim.o(.text)
    TIM_TimeBaseStructInit                   0x08002937   Thumb Code    18  stm32f4xx_tim.o(.text)
    TIM_PrescalerConfig                      0x08002949   Thumb Code     6  stm32f4xx_tim.o(.text)
    TIM_CounterModeConfig                    0x0800294f   Thumb Code    18  stm32f4xx_tim.o(.text)
    TIM_SetCounter                           0x08002961   Thumb Code     4  stm32f4xx_tim.o(.text)
    TIM_SetAutoreload                        0x08002965   Thumb Code     4  stm32f4xx_tim.o(.text)
    TIM_GetCounter                           0x08002969   Thumb Code     6  stm32f4xx_tim.o(.text)
    TIM_GetPrescaler                         0x0800296f   Thumb Code     6  stm32f4xx_tim.o(.text)
    TIM_UpdateDisableConfig                  0x08002975   Thumb Code    24  stm32f4xx_tim.o(.text)
    TIM_UpdateRequestConfig                  0x0800298d   Thumb Code    24  stm32f4xx_tim.o(.text)
    TIM_ARRPreloadConfig                     0x080029a5   Thumb Code    24  stm32f4xx_tim.o(.text)
    TIM_SelectOnePulseMode                   0x080029bd   Thumb Code    18  stm32f4xx_tim.o(.text)
    TIM_SetClockDivision                     0x080029cf   Thumb Code    18  stm32f4xx_tim.o(.text)
    TIM_Cmd                                  0x080029e1   Thumb Code    24  stm32f4xx_tim.o(.text)
    TIM_OC1Init                              0x080029f9   Thumb Code   114  stm32f4xx_tim.o(.text)
    TIM_OC2Init                              0x08002a6b   Thumb Code   154  stm32f4xx_tim.o(.text)
    TIM_OC3Init                              0x08002b05   Thumb Code   204  stm32f4xx_tim.o(.text)
    TIM_OC4Init                              0x08002bd1   Thumb Code   112  stm32f4xx_tim.o(.text)
    TIM_OCStructInit                         0x08002c41   Thumb Code    20  stm32f4xx_tim.o(.text)
    TIM_SelectOCxM                           0x08002c55   Thumb Code    86  stm32f4xx_tim.o(.text)
    TIM_SetCompare1                          0x08002cab   Thumb Code     4  stm32f4xx_tim.o(.text)
    TIM_SetCompare2                          0x08002caf   Thumb Code     4  stm32f4xx_tim.o(.text)
    TIM_SetCompare3                          0x08002cb3   Thumb Code     4  stm32f4xx_tim.o(.text)
    TIM_SetCompare4                          0x08002cb7   Thumb Code     4  stm32f4xx_tim.o(.text)
    TIM_ForcedOC1Config                      0x08002cbb   Thumb Code    18  stm32f4xx_tim.o(.text)
    TIM_ForcedOC2Config                      0x08002ccd   Thumb Code    26  stm32f4xx_tim.o(.text)
    TIM_ForcedOC3Config                      0x08002ce7   Thumb Code    18  stm32f4xx_tim.o(.text)
    TIM_ForcedOC4Config                      0x08002cf9   Thumb Code    26  stm32f4xx_tim.o(.text)
    TIM_OC1PreloadConfig                     0x08002d13   Thumb Code    18  stm32f4xx_tim.o(.text)
    TIM_OC2PreloadConfig                     0x08002d25   Thumb Code    26  stm32f4xx_tim.o(.text)
    TIM_OC3PreloadConfig                     0x08002d3f   Thumb Code    18  stm32f4xx_tim.o(.text)
    TIM_OC4PreloadConfig                     0x08002d51   Thumb Code    26  stm32f4xx_tim.o(.text)
    TIM_OC1FastConfig                        0x08002d6b   Thumb Code    18  stm32f4xx_tim.o(.text)
    TIM_OC2FastConfig                        0x08002d7d   Thumb Code    26  stm32f4xx_tim.o(.text)
    TIM_OC3FastConfig                        0x08002d97   Thumb Code    18  stm32f4xx_tim.o(.text)
    TIM_OC4FastConfig                        0x08002da9   Thumb Code    26  stm32f4xx_tim.o(.text)
    TIM_ClearOC1Ref                          0x08002dc3   Thumb Code    18  stm32f4xx_tim.o(.text)
    TIM_ClearOC2Ref                          0x08002dd5   Thumb Code    24  stm32f4xx_tim.o(.text)
    TIM_ClearOC3Ref                          0x08002ded   Thumb Code    18  stm32f4xx_tim.o(.text)
    TIM_ClearOC4Ref                          0x08002dff   Thumb Code    24  stm32f4xx_tim.o(.text)
    TIM_OC1PolarityConfig                    0x08002e17   Thumb Code    18  stm32f4xx_tim.o(.text)
    TIM_OC1NPolarityConfig                   0x08002e29   Thumb Code    18  stm32f4xx_tim.o(.text)
    TIM_OC2PolarityConfig                    0x08002e3b   Thumb Code    26  stm32f4xx_tim.o(.text)
    TIM_OC2NPolarityConfig                   0x08002e55   Thumb Code    26  stm32f4xx_tim.o(.text)
    TIM_OC3PolarityConfig                    0x08002e6f   Thumb Code    26  stm32f4xx_tim.o(.text)
    TIM_OC3NPolarityConfig                   0x08002e89   Thumb Code    26  stm32f4xx_tim.o(.text)
    TIM_OC4PolarityConfig                    0x08002ea3   Thumb Code    26  stm32f4xx_tim.o(.text)
    TIM_CCxCmd                               0x08002ebd   Thumb Code    30  stm32f4xx_tim.o(.text)
    TIM_CCxNCmd                              0x08002edb   Thumb Code    30  stm32f4xx_tim.o(.text)
    TIM_SetIC4Prescaler                      0x08002ef9   Thumb Code    26  stm32f4xx_tim.o(.text)
    TIM_SetIC3Prescaler                      0x08002f63   Thumb Code    18  stm32f4xx_tim.o(.text)
    TIM_SetIC2Prescaler                      0x08002fbd   Thumb Code    26  stm32f4xx_tim.o(.text)
    TIM_SetIC1Prescaler                      0x08003031   Thumb Code    18  stm32f4xx_tim.o(.text)
    TIM_ICInit                               0x0800307d   Thumb Code   110  stm32f4xx_tim.o(.text)
    TIM_ICStructInit                         0x080030eb   Thumb Code    18  stm32f4xx_tim.o(.text)
    TIM_PWMIConfig                           0x080030fd   Thumb Code   124  stm32f4xx_tim.o(.text)
    TIM_GetCapture1                          0x08003179   Thumb Code     6  stm32f4xx_tim.o(.text)
    TIM_GetCapture2                          0x0800317f   Thumb Code     6  stm32f4xx_tim.o(.text)
    TIM_GetCapture3                          0x08003185   Thumb Code     6  stm32f4xx_tim.o(.text)
    TIM_GetCapture4                          0x0800318b   Thumb Code     6  stm32f4xx_tim.o(.text)
    TIM_BDTRConfig                           0x08003191   Thumb Code    32  stm32f4xx_tim.o(.text)
    TIM_BDTRStructInit                       0x080031b1   Thumb Code    18  stm32f4xx_tim.o(.text)
    TIM_CtrlPWMOutputs                       0x080031c3   Thumb Code    30  stm32f4xx_tim.o(.text)
    TIM_SelectCOM                            0x080031e1   Thumb Code    24  stm32f4xx_tim.o(.text)
    TIM_CCPreloadControl                     0x080031f9   Thumb Code    24  stm32f4xx_tim.o(.text)
    TIM_ITConfig                             0x08003211   Thumb Code    18  stm32f4xx_tim.o(.text)
    TIM_GenerateEvent                        0x08003223   Thumb Code     4  stm32f4xx_tim.o(.text)
    TIM_GetFlagStatus                        0x08003227   Thumb Code    18  stm32f4xx_tim.o(.text)
    TIM_ClearFlag                            0x08003239   Thumb Code     6  stm32f4xx_tim.o(.text)
    TIM_GetITStatus                          0x0800323f   Thumb Code    34  stm32f4xx_tim.o(.text)
    TIM_ClearITPendingBit                    0x08003261   Thumb Code     6  stm32f4xx_tim.o(.text)
    TIM_DMAConfig                            0x08003267   Thumb Code    10  stm32f4xx_tim.o(.text)
    TIM_DMACmd                               0x08003271   Thumb Code    18  stm32f4xx_tim.o(.text)
    TIM_SelectCCDMA                          0x08003283   Thumb Code    24  stm32f4xx_tim.o(.text)
    TIM_InternalClockConfig                  0x0800329b   Thumb Code    12  stm32f4xx_tim.o(.text)
    TIM_SelectInputTrigger                   0x080032a7   Thumb Code    18  stm32f4xx_tim.o(.text)
    TIM_ITRxExternalClockConfig              0x080032b9   Thumb Code    24  stm32f4xx_tim.o(.text)
    TIM_TIxExternalClockConfig               0x080032d1   Thumb Code    62  stm32f4xx_tim.o(.text)
    TIM_ETRConfig                            0x0800330f   Thumb Code    28  stm32f4xx_tim.o(.text)
    TIM_ETRClockMode1Config                  0x0800332b   Thumb Code    54  stm32f4xx_tim.o(.text)
    TIM_ETRClockMode2Config                  0x08003361   Thumb Code    32  stm32f4xx_tim.o(.text)
    TIM_SelectOutputTrigger                  0x08003381   Thumb Code    18  stm32f4xx_tim.o(.text)
    TIM_SelectSlaveMode                      0x08003393   Thumb Code    18  stm32f4xx_tim.o(.text)
    TIM_SelectMasterSlaveMode                0x080033a5   Thumb Code    18  stm32f4xx_tim.o(.text)
    TIM_EncoderInterfaceConfig               0x080033b7   Thumb Code    66  stm32f4xx_tim.o(.text)
    TIM_SelectHallSensor                     0x080033f9   Thumb Code    24  stm32f4xx_tim.o(.text)
    TIM_RemapConfig                          0x08003411   Thumb Code     6  stm32f4xx_tim.o(.text)
    USART_DeInit                             0x08003419   Thumb Code   206  stm32f4xx_usart.o(.text)
    USART_Init                               0x080034e7   Thumb Code   204  stm32f4xx_usart.o(.text)
    USART_StructInit                         0x080035b3   Thumb Code    24  stm32f4xx_usart.o(.text)
    USART_ClockInit                          0x080035cb   Thumb Code    32  stm32f4xx_usart.o(.text)
    USART_ClockStructInit                    0x080035eb   Thumb Code    12  stm32f4xx_usart.o(.text)
    USART_Cmd                                0x080035f7   Thumb Code    24  stm32f4xx_usart.o(.text)
    USART_SetPrescaler                       0x0800360f   Thumb Code    16  stm32f4xx_usart.o(.text)
    USART_OverSampling8Cmd                   0x0800361f   Thumb Code    22  stm32f4xx_usart.o(.text)
    USART_OneBitMethodCmd                    0x08003635   Thumb Code    24  stm32f4xx_usart.o(.text)
    USART_SendData                           0x0800364d   Thumb Code     8  stm32f4xx_usart.o(.text)
    USART_ReceiveData                        0x08003655   Thumb Code    10  stm32f4xx_usart.o(.text)
    USART_SetAddress                         0x0800365f   Thumb Code    18  stm32f4xx_usart.o(.text)
    USART_ReceiverWakeUpCmd                  0x08003671   Thumb Code    24  stm32f4xx_usart.o(.text)
    USART_WakeUpConfig                       0x08003689   Thumb Code    18  stm32f4xx_usart.o(.text)
    USART_LINBreakDetectLengthConfig         0x0800369b   Thumb Code    18  stm32f4xx_usart.o(.text)
    USART_LINCmd                             0x080036ad   Thumb Code    24  stm32f4xx_usart.o(.text)
    USART_SendBreak                          0x080036c5   Thumb Code    10  stm32f4xx_usart.o(.text)
    USART_HalfDuplexCmd                      0x080036cf   Thumb Code    24  stm32f4xx_usart.o(.text)
    USART_SetGuardTime                       0x080036e7   Thumb Code    16  stm32f4xx_usart.o(.text)
    USART_SmartCardCmd                       0x080036f7   Thumb Code    24  stm32f4xx_usart.o(.text)
    USART_SmartCardNACKCmd                   0x0800370f   Thumb Code    24  stm32f4xx_usart.o(.text)
    USART_IrDAConfig                         0x08003727   Thumb Code    18  stm32f4xx_usart.o(.text)
    USART_IrDACmd                            0x08003739   Thumb Code    24  stm32f4xx_usart.o(.text)
    USART_DMACmd                             0x08003751   Thumb Code    18  stm32f4xx_usart.o(.text)
    USART_ITConfig                           0x08003763   Thumb Code    74  stm32f4xx_usart.o(.text)
    USART_GetFlagStatus                      0x080037ad   Thumb Code    26  stm32f4xx_usart.o(.text)
    USART_ClearFlag                          0x080037c7   Thumb Code    18  stm32f4xx_usart.o(.text)
    USART_GetITStatus                        0x080037d9   Thumb Code   118  stm32f4xx_usart.o(.text)
    USART_ClearITPendingBit                  0x0800384f   Thumb Code    30  stm32f4xx_usart.o(.text)
    delay_init                               0x0800386d   Thumb Code    52  delay.o(.text)
    delay_us                                 0x080038a1   Thumb Code    72  delay.o(.text)
    delay_xms                                0x080038e9   Thumb Code    72  delay.o(.text)
    delay_ms                                 0x08003931   Thumb Code    56  delay.o(.text)
    _sys_exit                                0x08003971   Thumb Code     6  usart.o(.text)
    fputc                                    0x08003977   Thumb Code    52  usart.o(.text)
    uart_init                                0x080039ab   Thumb Code   124  usart.o(.text)
    USART1_IRQHandler                        0x08003a27   Thumb Code     2  usart.o(.text)
    Adc_Init                                 0x08003a39   Thumb Code   172  adc.o(.text)
    Get_Adc                                  0x08003ae5   Thumb Code    44  adc.o(.text)
    Get_battery_volt                         0x08003b11   Thumb Code   100  adc.o(.text)
    Encoder_Init_TIM2                        0x08003ba5   Thumb Code   176  encoder.o(.text)
    Encoder_Init_TIM4                        0x08003c55   Thumb Code   172  encoder.o(.text)
    Read_Encoder                             0x08003d01   Thumb Code    74  encoder.o(.text)
    TIM4_IRQHandler                          0x08003d4b   Thumb Code    24  encoder.o(.text)
    TIM2_IRQHandler                          0x08003d63   Thumb Code    24  encoder.o(.text)
    MiniBalance_EXTI_Init                    0x08003d8d   Thumb Code   120  exti.o(.text)
    KEY_Init                                 0x08003e09   Thumb Code    44  key.o(.text)
    click_N_Double                           0x08003e35   Thumb Code   184  key.o(.text)
    click                                    0x08003eed   Thumb Code    38  key.o(.text)
    Long_Press                               0x08003f13   Thumb Code    72  key.o(.text)
    LED_Init                                 0x08003f85   Thumb Code    60  led.o(.text)
    Led_Flash                                0x08003fc1   Thumb Code    44  led.o(.text)
    MiniBalance_Motor_Init                   0x08003ffd   Thumb Code   104  motor.o(.text)
    MiniBalance_PWM_Init                     0x08004065   Thumb Code   188  motor.o(.text)
    OLED_WR_Byte                             0x0800412d   Thumb Code    82  oled.o(.text)
    OLED_Refresh_Gram                        0x0800417f   Thumb Code    70  oled.o(.text)
    OLED_Display_On                          0x080041c5   Thumb Code    28  oled.o(.text)
    OLED_Display_Off                         0x080041e1   Thumb Code    28  oled.o(.text)
    OLED_Clear                               0x080041fd   Thumb Code    42  oled.o(.text)
    OLED_DrawPoint                           0x08004227   Thumb Code   100  oled.o(.text)
    OLED_ShowChar                            0x0800428b   Thumb Code   158  oled.o(.text)
    oled_pow                                 0x08004329   Thumb Code    22  oled.o(.text)
    OLED_ShowNumber                          0x0800433f   Thumb Code   148  oled.o(.text)
    OLED_ShowString                          0x080043d3   Thumb Code    68  oled.o(.text)
    OLED_Init                                0x08004417   Thumb Code   340  oled.o(.text)
    IIC_Init                                 0x0800456d   Thumb Code    62  ioi2c.o(.text)
    IIC_Start                                0x080045ab   Thumb Code    90  ioi2c.o(.text)
    IIC_Stop                                 0x08004605   Thumb Code    60  ioi2c.o(.text)
    IIC_Wait_Ack                             0x08004641   Thumb Code    88  ioi2c.o(.text)
    IIC_Ack                                  0x08004699   Thumb Code    64  ioi2c.o(.text)
    IIC_NAck                                 0x080046d9   Thumb Code    62  ioi2c.o(.text)
    IIC_Send_Byte                            0x08004717   Thumb Code    88  ioi2c.o(.text)
    i2cWrite                                 0x0800476f   Thumb Code    96  ioi2c.o(.text)
    IIC_Read_Byte                            0x080047cf   Thumb Code    94  ioi2c.o(.text)
    i2cRead                                  0x0800482d   Thumb Code   118  ioi2c.o(.text)
    I2C_ReadOneByte                          0x080048a3   Thumb Code    70  ioi2c.o(.text)
    IICreadBytes                             0x080048e9   Thumb Code   100  ioi2c.o(.text)
    IICwriteBytes                            0x0800494d   Thumb Code    84  ioi2c.o(.text)
    IICreadByte                              0x080049a1   Thumb Code    22  ioi2c.o(.text)
    IICwriteByte                             0x080049b7   Thumb Code    20  ioi2c.o(.text)
    IICwriteBits                             0x080049cb   Thumb Code   106  ioi2c.o(.text)
    IICwriteBit                              0x08004a35   Thumb Code    64  ioi2c.o(.text)
    uart2_init                               0x08004a75   Thumb Code   162  usartx.o(.text)
    USART2_IRQHandler                        0x08004b17   Thumb Code  1102  usartx.o(.text)
    STMFLASH_ReadWord                        0x08004f89   Thumb Code     6  stmflash.o(.text)
    STMFLASH_GetFlashSector                  0x08004f8f   Thumb Code   116  stmflash.o(.text)
    STMFLASH_Write                           0x08005003   Thumb Code   146  stmflash.o(.text)
    STMFLASH_Read                            0x08005095   Thumb Code    32  stmflash.o(.text)
    Flash_Read                               0x080050b5   Thumb Code   196  stmflash.o(.text)
    Flash_Write                              0x08005179   Thumb Code   110  stmflash.o(.text)
    TIM3_Cap_Init                            0x08005245   Thumb Code   210  timer.o(.text)
    Read_Distane                             0x08005317   Thumb Code    94  timer.o(.text)
    TIM3_IRQHandler                          0x08005375   Thumb Code   194  timer.o(.text)
    TIM8_Cap_Init                            0x08005437   Thumb Code   218  timer.o(.text)
    TIM8_CC_IRQHandler                       0x08005511   Thumb Code   296  timer.o(.text)
    TIM8_UP_TIM13_IRQHandler                 0x08005639   Thumb Code    12  timer.o(.text)
    CAN1_Mode_Init                           0x08005691   Thumb Code   474  can.o(.text)
    CAN1_Tx_Msg                              0x0800586b   Thumb Code   296  can.o(.text)
    CAN1_Tx_Staus                            0x08005993   Thumb Code   144  can.o(.text)
    CAN1_Msg_Pend                            0x08005a23   Thumb Code    36  can.o(.text)
    CAN1_Rx_Msg                              0x08005a47   Thumb Code   244  can.o(.text)
    CAN1_RX0_IRQHandler                      0x08005b3b   Thumb Code   234  can.o(.text)
    CAN1_Send_Msg                            0x08005c25   Thumb Code    66  can.o(.text)
    CAN1_Receive_Msg                         0x08005c67   Thumb Code    66  can.o(.text)
    CAN1_Send_MsgTEST                        0x08005ca9   Thumb Code    66  can.o(.text)
    CAN1_Send_Num                            0x08005ceb   Thumb Code    64  can.o(.text)
    CAN1_SEND                                0x08005d2b   Thumb Code     2  can.o(.text)
    Key                                      0x08005d51   Thumb Code    78  control.o(.text)
    myabs                                    0x08005d9f   Thumb Code    14  control.o(.text)
    Set_Pwm                                  0x08005dad   Thumb Code   164  control.o(.text)
    Turn_Off                                 0x08005e51   Thumb Code    96  control.o(.text)
    Xianfu_Pwm                               0x08005eb1   Thumb Code    62  control.o(.text)
    turn                                     0x08005eef   Thumb Code    62  control.o(.text)
    velocity                                 0x08005f2d   Thumb Code   272  control.o(.text)
    balance                                  0x0800603d   Thumb Code    44  control.o(.text)
    Get_Angle                                0x08006069   Thumb Code   692  control.o(.text)
    Get_MC6                                  0x0800631d   Thumb Code   414  control.o(.text)
    EXTI15_10_IRQHandler                     0x080064bb   Thumb Code   594  control.o(.text)
    Pick_Up                                  0x0800670d   Thumb Code   224  control.o(.text)
    Put_Down                                 0x080067ed   Thumb Code   146  control.o(.text)
    Float2Byte                               0x080068cd   Thumb Code    28  datascope_dp.o(.text)
    DataScope_Get_Channel_Data               0x080068e9   Thumb Code   162  datascope_dp.o(.text)
    DataScope_Data_Generate                  0x0800698b   Thumb Code   148  datascope_dp.o(.text)
    Kalman_Filter                            0x08006a25   Thumb Code   580  filter.o(.text)
    Yijielvbo                                0x08006c69   Thumb Code    50  filter.o(.text)
    oled_show                                0x08006ced   Thumb Code   572  show.o(.text)
    APP_Show                                 0x08006f29   Thumb Code   330  show.o(.text)
    DataScope                                0x08007073   Thumb Code   396  show.o(.text)
    MPU6050_newValues                        0x08007323   Thumb Code   494  mpu6050.o(.text)
    MPU6050_setClockSource                   0x08007511   Thumb Code    20  mpu6050.o(.text)
    MPU6050_setFullScaleGyroRange            0x08007525   Thumb Code    20  mpu6050.o(.text)
    MPU6050_setFullScaleAccelRange           0x08007539   Thumb Code    20  mpu6050.o(.text)
    MPU6050_setSleepEnabled                  0x0800754d   Thumb Code    18  mpu6050.o(.text)
    MPU6050_getDeviceID                      0x0800755f   Thumb Code    20  mpu6050.o(.text)
    MPU6050_testConnection                   0x08007573   Thumb Code    18  mpu6050.o(.text)
    MPU6050_setI2CMasterModeEnabled          0x08007585   Thumb Code    18  mpu6050.o(.text)
    MPU6050_setI2CBypassEnabled              0x08007597   Thumb Code    18  mpu6050.o(.text)
    MPU6050_initialize                       0x080075a9   Thumb Code    40  mpu6050.o(.text)
    DMP_Init                                 0x080075d1   Thumb Code   210  mpu6050.o(.text)
    Read_DMP                                 0x080076a3   Thumb Code   842  mpu6050.o(.text)
    Read_Temperature                         0x080079ed   Thumb Code   108  mpu6050.o(.text)
    mpu_reg_dump                             0x08007b13   Thumb Code    72  inv_mpu.o(.text)
    mpu_read_reg                             0x08007b5b   Thumb Code    66  inv_mpu.o(.text)
    mpu_set_int_latched                      0x08007b9d   Thumb Code   102  inv_mpu.o(.text)
    mpu_set_sensors                          0x08007c03   Thumb Code   202  inv_mpu.o(.text)
    mpu_set_bypass                           0x08007ccd   Thumb Code   328  inv_mpu.o(.text)
    mpu_reset_fifo                           0x08007e15   Thumb Code   444  inv_mpu.o(.text)
    mpu_configure_fifo                       0x08007fd1   Thumb Code   106  inv_mpu.o(.text)
    mpu_set_lpf                              0x0800803b   Thumb Code   126  inv_mpu.o(.text)
    mpu_lp_accel_mode                        0x080080b9   Thumb Code   218  inv_mpu.o(.text)
    mpu_set_sample_rate                      0x08008193   Thumb Code   152  inv_mpu.o(.text)
    mpu_set_accel_fsr                        0x0800822b   Thumb Code   132  inv_mpu.o(.text)
    mpu_set_gyro_fsr                         0x080082af   Thumb Code   132  inv_mpu.o(.text)
    mpu_init                                 0x08008333   Thumb Code   416  inv_mpu.o(.text)
    myget_ms                                 0x080084d3   Thumb Code     2  inv_mpu.o(.text)
    mpu_get_gyro_reg                         0x080084d5   Thumb Code   110  inv_mpu.o(.text)
    mpu_get_accel_reg                        0x08008543   Thumb Code   110  inv_mpu.o(.text)
    mpu_get_temperature                      0x080085b1   Thumb Code   142  inv_mpu.o(.text)
    mpu_set_accel_bias                       0x0800863f   Thumb Code   472  inv_mpu.o(.text)
    mpu_get_gyro_fsr                         0x08008817   Thumb Code    64  inv_mpu.o(.text)
    mpu_get_accel_fsr                        0x08008857   Thumb Code    72  inv_mpu.o(.text)
    mpu_get_lpf                              0x0800889f   Thumb Code    74  inv_mpu.o(.text)
    mpu_get_sample_rate                      0x080088e9   Thumb Code    26  inv_mpu.o(.text)
    mpu_get_compass_sample_rate              0x08008903   Thumb Code    10  inv_mpu.o(.text)
    mpu_set_compass_sample_rate              0x0800890d   Thumb Code     8  inv_mpu.o(.text)
    mpu_get_gyro_sens                        0x08008915   Thumb Code    74  inv_mpu.o(.text)
    mpu_get_accel_sens                       0x0800895f   Thumb Code    78  inv_mpu.o(.text)
    mpu_get_fifo_config                      0x080089ad   Thumb Code    12  inv_mpu.o(.text)
    mpu_get_power_state                      0x080089b9   Thumb Code    22  inv_mpu.o(.text)
    mpu_get_int_status                       0x080089cf   Thumb Code    64  inv_mpu.o(.text)
    mpu_read_fifo                            0x08008a0f   Thumb Code   520  inv_mpu.o(.text)
    mpu_read_fifo_stream                     0x08008c17   Thumb Code   186  inv_mpu.o(.text)
    mpu_set_int_level                        0x08008cd1   Thumb Code    12  inv_mpu.o(.text)
    mpu_set_dmp_state                        0x080093e1   Thumb Code   138  inv_mpu.o(.text)
    mpu_run_self_test                        0x0800946b   Thumb Code   278  inv_mpu.o(.text)
    mpu_write_mem                            0x08009581   Thumb Code   122  inv_mpu.o(.text)
    mpu_read_mem                             0x080095fb   Thumb Code   122  inv_mpu.o(.text)
    mpu_load_firmware                        0x08009675   Thumb Code   190  inv_mpu.o(.text)
    mpu_get_dmp_state                        0x08009733   Thumb Code    14  inv_mpu.o(.text)
    mpu_get_compass_reg                      0x08009741   Thumb Code     8  inv_mpu.o(.text)
    mpu_get_compass_fsr                      0x08009749   Thumb Code     8  inv_mpu.o(.text)
    mpu_lp_motion_interrupt                  0x08009751   Thumb Code   512  inv_mpu.o(.text)
    dmp_load_motion_driver_firmware          0x08009955   Thumb Code    20  inv_mpu_dmp_motion_driver.o(.text)
    dmp_set_orientation                      0x08009969   Thumb Code   290  inv_mpu_dmp_motion_driver.o(.text)
    dmp_set_gyro_bias                        0x08009a8b   Thumb Code   294  inv_mpu_dmp_motion_driver.o(.text)
    dmp_set_accel_bias                       0x08009bb1   Thumb Code   300  inv_mpu_dmp_motion_driver.o(.text)
    dmp_set_fifo_rate                        0x08009cdd   Thumb Code   136  inv_mpu_dmp_motion_driver.o(.text)
    dmp_get_fifo_rate                        0x08009d65   Thumb Code    12  inv_mpu_dmp_motion_driver.o(.text)
    dmp_set_tap_thresh                       0x08009d71   Thumb Code   412  inv_mpu_dmp_motion_driver.o(.text)
    dmp_set_tap_axes                         0x08009f0d   Thumb Code    70  inv_mpu_dmp_motion_driver.o(.text)
    dmp_set_tap_count                        0x08009f53   Thumb Code    38  inv_mpu_dmp_motion_driver.o(.text)
    dmp_set_tap_time                         0x08009f79   Thumb Code    38  inv_mpu_dmp_motion_driver.o(.text)
    dmp_set_tap_time_multi                   0x08009f9f   Thumb Code    38  inv_mpu_dmp_motion_driver.o(.text)
    dmp_set_shake_reject_thresh              0x08009fc5   Thumb Code    56  inv_mpu_dmp_motion_driver.o(.text)
    dmp_set_shake_reject_time                0x08009ffd   Thumb Code    38  inv_mpu_dmp_motion_driver.o(.text)
    dmp_set_shake_reject_timeout             0x0800a023   Thumb Code    38  inv_mpu_dmp_motion_driver.o(.text)
    dmp_get_pedometer_step_count             0x0800a049   Thumb Code    66  inv_mpu_dmp_motion_driver.o(.text)
    dmp_set_pedometer_step_count             0x0800a08b   Thumb Code    42  inv_mpu_dmp_motion_driver.o(.text)
    dmp_get_pedometer_walk_time              0x0800a0b5   Thumb Code    72  inv_mpu_dmp_motion_driver.o(.text)
    dmp_set_pedometer_walk_time              0x0800a0fd   Thumb Code    48  inv_mpu_dmp_motion_driver.o(.text)
    dmp_enable_6x_lp_quat                    0x0800a12d   Thumb Code   100  inv_mpu_dmp_motion_driver.o(.text)
    dmp_enable_lp_quat                       0x0800a191   Thumb Code    60  inv_mpu_dmp_motion_driver.o(.text)
    dmp_enable_gyro_cal                      0x0800a1cd   Thumb Code    62  inv_mpu_dmp_motion_driver.o(.text)
    dmp_enable_feature                       0x0800a20b   Thumb Code   530  inv_mpu_dmp_motion_driver.o(.text)
    dmp_get_enabled_features                 0x0800a41d   Thumb Code    12  inv_mpu_dmp_motion_driver.o(.text)
    dmp_set_interrupt_mode                   0x0800a487   Thumb Code    66  inv_mpu_dmp_motion_driver.o(.text)
    dmp_read_fifo                            0x0800a4c9   Thumb Code   514  inv_mpu_dmp_motion_driver.o(.text)
    dmp_register_tap_cb                      0x0800a6cb   Thumb Code    10  inv_mpu_dmp_motion_driver.o(.text)
    dmp_register_android_orient_cb           0x0800a6d5   Thumb Code    10  inv_mpu_dmp_motion_driver.o(.text)
    __use_no_semihosting                     0x0800a6e5   Thumb Code     2  use_no_semi_2.o(.text)
    __aeabi_ldivmod                          0x0800a6e7   Thumb Code     0  llsdiv.o(.text)
    _ll_sdiv                                 0x0800a6e7   Thumb Code    72  llsdiv.o(.text)
    __2printf                                0x0800a731   Thumb Code    20  noretval__2printf.o(.text)
    __printf                                 0x0800a749   Thumb Code   104  __printf.o(.text)
    _printf_int_dec                          0x0800a7b1   Thumb Code   104  _printf_dec.o(.text)
    memcmp                                   0x0800a829   Thumb Code    88  memcmp.o(.text)
    __aeabi_memset                           0x0800a881   Thumb Code    16  aeabi_memset.o(.text)
    __aeabi_memclr                           0x0800a891   Thumb Code     0  rt_memclr.o(.text)
    __rt_memclr                              0x0800a891   Thumb Code    68  rt_memclr.o(.text)
    _memset                                  0x0800a895   Thumb Code     0  rt_memclr.o(.text)
    __use_two_region_memory                  0x0800a8d5   Thumb Code     2  heapauxi.o(.text)
    __rt_heap_escrow$2region                 0x0800a8d7   Thumb Code     2  heapauxi.o(.text)
    __rt_heap_expand$2region                 0x0800a8d9   Thumb Code     2  heapauxi.o(.text)
    __I$use$semihosting                      0x0800a8db   Thumb Code     0  use_no_semi.o(.text)
    __use_no_semihosting_swi                 0x0800a8db   Thumb Code     2  use_no_semi.o(.text)
    __aeabi_uldivmod                         0x0800a8dd   Thumb Code     0  lludivv7m.o(.text)
    _ll_udiv                                 0x0800a8dd   Thumb Code   238  lludivv7m.o(.text)
    __read_errno                             0x0800a9cb   Thumb Code    10  _rserrno.o(.text)
    __set_errno                              0x0800a9d5   Thumb Code    12  _rserrno.o(.text)
    _printf_int_common                       0x0800a9e1   Thumb Code   178  _printf_intcommon.o(.text)
    _printf_char_file                        0x0800aa95   Thumb Code    32  _printf_char_file.o(.text)
    __aeabi_memclr4                          0x0800aab9   Thumb Code     0  rt_memclr_w.o(.text)
    __aeabi_memclr8                          0x0800aab9   Thumb Code     0  rt_memclr_w.o(.text)
    __rt_memclr_w                            0x0800aab9   Thumb Code    78  rt_memclr_w.o(.text)
    _memset_w                                0x0800aabd   Thumb Code     0  rt_memclr_w.o(.text)
    __aeabi_errno_addr                       0x0800ab09   Thumb Code     8  rt_errno_addr_intlibspace.o(.text)
    __errno$intlibspace                      0x0800ab09   Thumb Code     0  rt_errno_addr_intlibspace.o(.text)
    __rt_errno_addr$intlibspace              0x0800ab09   Thumb Code     0  rt_errno_addr_intlibspace.o(.text)
    _printf_char_common                      0x0800ab1b   Thumb Code    32  _printf_char_common.o(.text)
    ferror                                   0x0800ab41   Thumb Code     8  ferror.o(.text)
    __user_libspace                          0x0800ab49   Thumb Code     8  libspace.o(.text)
    __user_perproc_libspace                  0x0800ab49   Thumb Code     0  libspace.o(.text)
    __user_perthread_libspace                0x0800ab49   Thumb Code     0  libspace.o(.text)
    __user_setup_stackheap                   0x0800ab51   Thumb Code    74  sys_stackheap_outer.o(.text)
    exit                                     0x0800ab9b   Thumb Code    12  exit.o(.text)
    __ARM_fpclassify                         0x0800aba7   Thumb Code    48  fpclassify.o(i.__ARM_fpclassify)
    __hardfp_asin                            0x0800abd9   Thumb Code   770  asin.o(i.__hardfp_asin)
    __hardfp_atan                            0x0800af39   Thumb Code   622  atan.o(i.__hardfp_atan)
    __hardfp_atan2                           0x0800b211   Thumb Code   432  atan2.o(i.__hardfp_atan2)
    __hardfp_pow                             0x0800b401   Thumb Code  3044  pow.o(i.__hardfp_pow)
    __kernel_poly                            0x0800c039   Thumb Code   248  poly.o(i.__kernel_poly)
    __mathlib_dbl_divzero                    0x0800c131   Thumb Code    28  dunder.o(i.__mathlib_dbl_divzero)
    __mathlib_dbl_infnan                     0x0800c161   Thumb Code    20  dunder.o(i.__mathlib_dbl_infnan)
    __mathlib_dbl_infnan2                    0x0800c175   Thumb Code    20  dunder.o(i.__mathlib_dbl_infnan2)
    __mathlib_dbl_invalid                    0x0800c189   Thumb Code    24  dunder.o(i.__mathlib_dbl_invalid)
    __mathlib_dbl_overflow                   0x0800c1a9   Thumb Code    24  dunder.o(i.__mathlib_dbl_overflow)
    __mathlib_dbl_underflow                  0x0800c1c9   Thumb Code    24  dunder.o(i.__mathlib_dbl_underflow)
    atan                                     0x0800c1e9   Thumb Code    16  atan.o(i.atan)
    fabs                                     0x0800c1f9   Thumb Code    24  fabs.o(i.fabs)
    sqrt                                     0x0800c211   Thumb Code   110  sqrt.o(i.sqrt)
    __aeabi_dneg                             0x0800c27f   Thumb Code     0  basic.o(x$fpl$basic)
    _dneg                                    0x0800c27f   Thumb Code     6  basic.o(x$fpl$basic)
    __aeabi_fneg                             0x0800c285   Thumb Code     0  basic.o(x$fpl$basic)
    _fneg                                    0x0800c285   Thumb Code     6  basic.o(x$fpl$basic)
    _dabs                                    0x0800c28b   Thumb Code     6  basic.o(x$fpl$basic)
    _fabs                                    0x0800c291   Thumb Code     6  basic.o(x$fpl$basic)
    __aeabi_d2f                              0x0800c299   Thumb Code     0  d2f.o(x$fpl$d2f)
    _d2f                                     0x0800c299   Thumb Code    98  d2f.o(x$fpl$d2f)
    __aeabi_dadd                             0x0800c2fd   Thumb Code     0  daddsub_clz.o(x$fpl$dadd)
    _dadd                                    0x0800c2fd   Thumb Code   332  daddsub_clz.o(x$fpl$dadd)
    __fpl_dcheck_NaN1                        0x0800c44d   Thumb Code    10  dcheck1.o(x$fpl$dcheck1)
    __fpl_dcmp_Inf                           0x0800c45d   Thumb Code    24  dcmpi.o(x$fpl$dcmpinf)
    __aeabi_ddiv                             0x0800c475   Thumb Code     0  ddiv.o(x$fpl$ddiv)
    _ddiv                                    0x0800c475   Thumb Code   552  ddiv.o(x$fpl$ddiv)
    __aeabi_d2iz                             0x0800c725   Thumb Code     0  dfix.o(x$fpl$dfix)
    _dfix                                    0x0800c725   Thumb Code    94  dfix.o(x$fpl$dfix)
    __aeabi_d2uiz                            0x0800c785   Thumb Code     0  dfixu.o(x$fpl$dfixu)
    _dfixu                                   0x0800c785   Thumb Code    90  dfixu.o(x$fpl$dfixu)
    __aeabi_i2d                              0x0800c7df   Thumb Code     0  dflt_clz.o(x$fpl$dflt)
    _dflt                                    0x0800c7df   Thumb Code    46  dflt_clz.o(x$fpl$dflt)
    __aeabi_ui2d                             0x0800c80d   Thumb Code     0  dflt_clz.o(x$fpl$dfltu)
    _dfltu                                   0x0800c80d   Thumb Code    38  dflt_clz.o(x$fpl$dfltu)
    __aeabi_cdcmple                          0x0800c835   Thumb Code     0  dleqf.o(x$fpl$dleqf)
    _dcmple                                  0x0800c835   Thumb Code   120  dleqf.o(x$fpl$dleqf)
    __fpl_dcmple_InfNaN                      0x0800c897   Thumb Code     0  dleqf.o(x$fpl$dleqf)
    __aeabi_dmul                             0x0800c8ad   Thumb Code     0  dmul.o(x$fpl$dmul)
    _dmul                                    0x0800c8ad   Thumb Code   332  dmul.o(x$fpl$dmul)
    __fpl_dnaninf                            0x0800ca01   Thumb Code   156  dnaninf.o(x$fpl$dnaninf)
    __fpl_dretinf                            0x0800ca9d   Thumb Code    12  dretinf.o(x$fpl$dretinf)
    __aeabi_cdrcmple                         0x0800caa9   Thumb Code     0  drleqf.o(x$fpl$drleqf)
    _drcmple                                 0x0800caa9   Thumb Code   108  drleqf.o(x$fpl$drleqf)
    __aeabi_drsub                            0x0800cb15   Thumb Code     0  daddsub_clz.o(x$fpl$drsb)
    _drsb                                    0x0800cb15   Thumb Code    22  daddsub_clz.o(x$fpl$drsb)
    _dsqrt                                   0x0800cb2d   Thumb Code   404  dsqrt_umaal.o(x$fpl$dsqrt)
    __aeabi_dsub                             0x0800ccc5   Thumb Code     0  daddsub_clz.o(x$fpl$dsub)
    _dsub                                    0x0800ccc5   Thumb Code   464  daddsub_clz.o(x$fpl$dsub)
    __aeabi_f2d                              0x0800ce99   Thumb Code     0  f2d.o(x$fpl$f2d)
    _f2d                                     0x0800ce99   Thumb Code    86  f2d.o(x$fpl$f2d)
    __fpl_fnaninf                            0x0800ceef   Thumb Code   140  fnaninf.o(x$fpl$fnaninf)
    _fp_init                                 0x0800cf7b   Thumb Code    10  fpinit.o(x$fpl$fpinit)
    __fplib_config_fpu_vfp                   0x0800cf83   Thumb Code     0  fpinit.o(x$fpl$fpinit)
    __fplib_config_pureend_doubles           0x0800cf83   Thumb Code     0  fpinit.o(x$fpl$fpinit)
    __fpl_fretinf                            0x0800cf85   Thumb Code    10  fretinf.o(x$fpl$fretinf)
    __fpl_return_NaN                         0x0800cf8f   Thumb Code   100  retnan.o(x$fpl$retnan)
    __ARM_scalbn                             0x0800cff3   Thumb Code    92  scalbn.o(x$fpl$scalbn)
    __fpl_cmpreturn                          0x0800d04f   Thumb Code    48  trapv.o(x$fpl$trapveneer)
    __I$use$fp                               0x0800d07e   Number         0  usenofp.o(x$fpl$usenofp)
    oled_asc2_1206                           0x0800d07e   Data        1140  oled.o(.constdata)
    oled_asc2_1608                           0x0800d4f2   Data        1520  oled.o(.constdata)
    hw                                       0x0800dae4   Data          12  inv_mpu.o(.constdata)
    reg                                      0x0800daf0   Data          27  inv_mpu.o(.constdata)
    test                                     0x0800db0c   Data          40  inv_mpu.o(.constdata)
    __mathlib_zero                           0x0800e8a0   Data           8  qnan.o(.constdata)
    Region$$Table$$Base                      0x0800e8f8   Number         0  anon$$obj.o(Region$$Table)
    Region$$Table$$Limit                     0x0800e918   Number         0  anon$$obj.o(Region$$Table)
    Way_Angle                                0x20000000   Data           1  main.o(.data)
    Flag_Qian                                0x20000001   Data           1  main.o(.data)
    Flag_Hou                                 0x20000002   Data           1  main.o(.data)
    Flag_Left                                0x20000003   Data           1  main.o(.data)
    Flag_Right                               0x20000004   Data           1  main.o(.data)
    Flag_sudu                                0x20000005   Data           1  main.o(.data)
    Flag_Stop                                0x20000006   Data           1  main.o(.data)
    Flag_Show                                0x20000007   Data           1  main.o(.data)
    Flag_Hover                               0x20000008   Data           1  main.o(.data)
    Encoder_Left                             0x2000000c   Data           4  main.o(.data)
    Encoder_Right                            0x20000010   Data           4  main.o(.data)
    Moto1                                    0x20000014   Data           4  main.o(.data)
    Moto2                                    0x20000018   Data           4  main.o(.data)
    Temperature                              0x2000001c   Data           4  main.o(.data)
    Voltage                                  0x20000020   Data           4  main.o(.data)
    Angle_Balance                            0x20000024   Data           4  main.o(.data)
    Gyro_Balance                             0x20000028   Data           4  main.o(.data)
    Gyro_Turn                                0x2000002c   Data           4  main.o(.data)
    Show_Data_Mb                             0x20000030   Data           4  main.o(.data)
    Distance                                 0x20000034   Data           4  main.o(.data)
    delay_50                                 0x20000038   Data           1  main.o(.data)
    delay_flag                               0x20000039   Data           1  main.o(.data)
    Bi_zhang                                 0x2000003a   Data           1  main.o(.data)
    PID_Send                                 0x2000003b   Data           1  main.o(.data)
    Flash_Send                               0x2000003c   Data           1  main.o(.data)
    Acceleration_Z                           0x20000040   Data           4  main.o(.data)
    Balance_Kp                               0x20000044   Data           4  main.o(.data)
    Balance_Kd                               0x20000048   Data           4  main.o(.data)
    Velocity_Kp                              0x2000004c   Data           4  main.o(.data)
    Velocity_Ki                              0x20000050   Data           4  main.o(.data)
    Zhongzhi                                 0x20000054   Data           4  main.o(.data)
    Remoter_Ch1                              0x20000058   Data           4  main.o(.data)
    Remoter_Ch2                              0x2000005c   Data           4  main.o(.data)
    Sensor_Left                              0x20000060   Data           4  main.o(.data)
    Sensor_Right                             0x20000064   Data           4  main.o(.data)
    Sensor                                   0x20000068   Data           4  main.o(.data)
    SystemCoreClock                          0x2000006c   Data           4  system_stm32f4xx.o(.data)
    AHBPrescTable                            0x20000070   Data          16  system_stm32f4xx.o(.data)
    __stdout                                 0x20000094   Data           4  usart.o(.data)
    Usart2_Receive                           0x200000ac   Data           1  usartx.o(.data)
    TIM3CH3_CAPTURE_STA                      0x200000bc   Data           2  timer.o(.data)
    TIM3CH3_CAPTURE_VAL                      0x200000be   Data           2  timer.o(.data)
    TIM8CH1_CAPTURE_STA                      0x200000c0   Data           1  timer.o(.data)
    TIM8CH1_CAPTURE_UPVAL                    0x200000c2   Data           2  timer.o(.data)
    TIM8CH1_CAPTURE_DOWNVAL                  0x200000c4   Data           2  timer.o(.data)
    TIM8CH2_CAPTURE_STA                      0x200000c6   Data           1  timer.o(.data)
    TIM8CH2_CAPTURE_UPVAL                    0x200000c8   Data           2  timer.o(.data)
    TIM8CH2_CAPTURE_DOWNVAL                  0x200000ca   Data           2  timer.o(.data)
    TIM8CH3_CAPTURE_STA                      0x200000cc   Data           1  timer.o(.data)
    TIM8CH3_CAPTURE_UPVAL                    0x200000ce   Data           2  timer.o(.data)
    TIM8CH3_CAPTURE_DOWNVAL                  0x200000d0   Data           2  timer.o(.data)
    TIM8CH4_CAPTURE_STA                      0x200000d2   Data           1  timer.o(.data)
    TIM8CH4_CAPTURE_UPVAL                    0x200000d4   Data           2  timer.o(.data)
    TIM8CH4_CAPTURE_DOWNVAL                  0x200000d6   Data           2  timer.o(.data)
    TIM8_T1                                  0x200000d8   Data           4  timer.o(.data)
    TIM8_T2                                  0x200000dc   Data           4  timer.o(.data)
    TIM8_T3                                  0x200000e0   Data           4  timer.o(.data)
    TIM8_T4                                  0x200000e4   Data           4  timer.o(.data)
    Balance_Pwm                              0x200000e8   Data           4  control.o(.data)
    Velocity_Pwm                             0x200000ec   Data           4  control.o(.data)
    Turn_Pwm                                 0x200000f0   Data           4  control.o(.data)
    Flag_Target                              0x200000f4   Data           1  control.o(.data)
    Flash_R_Count                            0x200000f8   Data           4  control.o(.data)
    Voltage_Temp                             0x200000fc   Data           4  control.o(.data)
    Voltage_Count                            0x20000100   Data           4  control.o(.data)
    Voltage_All                              0x20000104   Data           4  control.o(.data)
    sum                                      0x20000108   Data           4  control.o(.data)
    K1                                       0x2000012c   Data           4  filter.o(.data)
    angle                                    0x20000130   Data           4  filter.o(.data)
    angle_dot                                0x20000134   Data           4  filter.o(.data)
    Q_angle                                  0x20000138   Data           4  filter.o(.data)
    Q_gyro                                   0x2000013c   Data           4  filter.o(.data)
    R_angle                                  0x20000140   Data           4  filter.o(.data)
    dt                                       0x20000144   Data           4  filter.o(.data)
    C_0                                      0x20000148   Data           1  filter.o(.data)
    Q_bias                                   0x2000014c   Data           4  filter.o(.data)
    Angle_err                                0x20000150   Data           4  filter.o(.data)
    PCt_0                                    0x20000154   Data           4  filter.o(.data)
    PCt_1                                    0x20000158   Data           4  filter.o(.data)
    E                                        0x2000015c   Data           4  filter.o(.data)
    K_0                                      0x20000160   Data           4  filter.o(.data)
    K_1                                      0x20000164   Data           4  filter.o(.data)
    t_0                                      0x20000168   Data           4  filter.o(.data)
    t_1                                      0x2000016c   Data           4  filter.o(.data)
    PP                                       0x20000170   Data          16  filter.o(.data)
    i                                        0x20000180   Data           1  show.o(.data)
    Send_Count                               0x20000181   Data           1  show.o(.data)
    Vol                                      0x20000184   Data           4  show.o(.data)
    gyro                                     0x2000018c   Data           6  mpu6050.o(.data)
    accel                                    0x20000192   Data           6  mpu6050.o(.data)
    sensors                                  0x20000198   Data           2  mpu6050.o(.data)
    Pitch                                    0x2000019c   Data           4  mpu6050.o(.data)
    Roll                                     0x200001a0   Data           4  mpu6050.o(.data)
    q0                                       0x200001a4   Data           4  mpu6050.o(.data)
    q1                                       0x200001a8   Data           4  mpu6050.o(.data)
    q2                                       0x200001ac   Data           4  mpu6050.o(.data)
    q3                                       0x200001b0   Data           4  mpu6050.o(.data)
    Gx_offset                                0x200001be   Data           2  mpu6050.o(.data)
    Gy_offset                                0x200001c0   Data           2  mpu6050.o(.data)
    Gz_offset                                0x200001c2   Data           2  mpu6050.o(.data)
    PID_Parameter                            0x200001f0   Data          20  main.o(.bss)
    Flash_Parameter                          0x20000204   Data          20  main.o(.bss)
    OLED_GRAM                                0x20000218   Data        1024  oled.o(.bss)
    DataScope_OutPut_Buffer                  0x2000064a   Data          42  datascope_dp.o(.bss)
    Pdot                                     0x20000674   Data          16  filter.o(.bss)
    buffer                                   0x20000684   Data          14  mpu6050.o(.bss)
    MPU6050_FIFO                             0x20000692   Data         132  mpu6050.o(.bss)
    __libspace_start                         0x20000728   Data          96  libspace.o(.bss)
    __temporary_stack_top$libspace           0x20000788   Data           0  libspace.o(.bss)



==============================================================================

Memory Map of the image

  Image Entry point : 0x08000189

  Load Region LR_IROM1 (Base: 0x08000000, Size: 0x0000eb08, Max: 0x00100000, ABSOLUTE, COMPRESSED[0x0000e980])

    Execution Region ER_IROM1 (Base: 0x08000000, Size: 0x0000e918, Max: 0x00100000, ABSOLUTE)

    Base Addr    Size         Type   Attr      Idx    E Section Name        Object

    0x08000000   0x00000188   Data   RO          274    RESET               startup_stm32f40_41xxx.o
    0x08000188   0x00000008   Code   RO         1627  * !!!main             c_w.l(__main.o)
    0x08000190   0x00000034   Code   RO         1965    !!!scatter          c_w.l(__scatter.o)
    0x080001c4   0x0000005a   Code   RO         1963    !!dczerorl2         c_w.l(__dczerorl2.o)
    0x0800021e   0x00000002   PAD
    0x08000220   0x0000001c   Code   RO         1967    !!handler_zi        c_w.l(__scatter_zi.o)
    0x0800023c   0x00000000   Code   RO         1618    .ARM.Collect$$_printf_percent$$00000000  c_w.l(_printf_percent.o)
    0x0800023c   0x00000006   Code   RO         1617    .ARM.Collect$$_printf_percent$$00000009  c_w.l(_printf_d.o)
    0x08000242   0x00000004   Code   RO         1710    .ARM.Collect$$_printf_percent$$00000017  c_w.l(_printf_percent_end.o)
    0x08000246   0x00000002   Code   RO         1831    .ARM.Collect$$libinit$$00000000  c_w.l(libinit.o)
    0x08000248   0x00000004   Code   RO         1842    .ARM.Collect$$libinit$$00000001  c_w.l(libinit2.o)
    0x0800024c   0x00000000   Code   RO         1845    .ARM.Collect$$libinit$$00000004  c_w.l(libinit2.o)
    0x0800024c   0x00000000   Code   RO         1848    .ARM.Collect$$libinit$$0000000A  c_w.l(libinit2.o)
    0x0800024c   0x00000000   Code   RO         1850    .ARM.Collect$$libinit$$0000000C  c_w.l(libinit2.o)
    0x0800024c   0x00000000   Code   RO         1852    .ARM.Collect$$libinit$$0000000E  c_w.l(libinit2.o)
    0x0800024c   0x00000000   Code   RO         1855    .ARM.Collect$$libinit$$00000011  c_w.l(libinit2.o)
    0x0800024c   0x00000000   Code   RO         1857    .ARM.Collect$$libinit$$00000013  c_w.l(libinit2.o)
    0x0800024c   0x00000000   Code   RO         1859    .ARM.Collect$$libinit$$00000015  c_w.l(libinit2.o)
    0x0800024c   0x00000000   Code   RO         1861    .ARM.Collect$$libinit$$00000017  c_w.l(libinit2.o)
    0x0800024c   0x00000000   Code   RO         1863    .ARM.Collect$$libinit$$00000019  c_w.l(libinit2.o)
    0x0800024c   0x00000000   Code   RO         1865    .ARM.Collect$$libinit$$0000001B  c_w.l(libinit2.o)
    0x0800024c   0x00000000   Code   RO         1867    .ARM.Collect$$libinit$$0000001D  c_w.l(libinit2.o)
    0x0800024c   0x00000000   Code   RO         1869    .ARM.Collect$$libinit$$0000001F  c_w.l(libinit2.o)
    0x0800024c   0x00000000   Code   RO         1871    .ARM.Collect$$libinit$$00000021  c_w.l(libinit2.o)
    0x0800024c   0x00000000   Code   RO         1873    .ARM.Collect$$libinit$$00000023  c_w.l(libinit2.o)
    0x0800024c   0x00000000   Code   RO         1875    .ARM.Collect$$libinit$$00000025  c_w.l(libinit2.o)
    0x0800024c   0x00000000   Code   RO         1879    .ARM.Collect$$libinit$$0000002C  c_w.l(libinit2.o)
    0x0800024c   0x00000000   Code   RO         1881    .ARM.Collect$$libinit$$0000002E  c_w.l(libinit2.o)
    0x0800024c   0x00000000   Code   RO         1883    .ARM.Collect$$libinit$$00000030  c_w.l(libinit2.o)
    0x0800024c   0x00000000   Code   RO         1885    .ARM.Collect$$libinit$$00000032  c_w.l(libinit2.o)
    0x0800024c   0x00000002   Code   RO         1886    .ARM.Collect$$libinit$$00000033  c_w.l(libinit2.o)
    0x0800024e   0x00000002   Code   RO         1916    .ARM.Collect$$libshutdown$$00000000  c_w.l(libshutdown.o)
    0x08000250   0x00000000   Code   RO         1931    .ARM.Collect$$libshutdown$$00000003  c_w.l(libshutdown2.o)
    0x08000250   0x00000000   Code   RO         1934    .ARM.Collect$$libshutdown$$00000006  c_w.l(libshutdown2.o)
    0x08000250   0x00000000   Code   RO         1937    .ARM.Collect$$libshutdown$$00000009  c_w.l(libshutdown2.o)
    0x08000250   0x00000000   Code   RO         1939    .ARM.Collect$$libshutdown$$0000000B  c_w.l(libshutdown2.o)
    0x08000250   0x00000000   Code   RO         1942    .ARM.Collect$$libshutdown$$0000000E  c_w.l(libshutdown2.o)
    0x08000250   0x00000002   Code   RO         1943    .ARM.Collect$$libshutdown$$0000000F  c_w.l(libshutdown2.o)
    0x08000252   0x00000000   Code   RO         1701    .ARM.Collect$$rtentry$$00000000  c_w.l(__rtentry.o)
    0x08000252   0x00000000   Code   RO         1780    .ARM.Collect$$rtentry$$00000002  c_w.l(__rtentry2.o)
    0x08000252   0x00000006   Code   RO         1792    .ARM.Collect$$rtentry$$00000004  c_w.l(__rtentry4.o)
    0x08000258   0x00000000   Code   RO         1782    .ARM.Collect$$rtentry$$00000009  c_w.l(__rtentry2.o)
    0x08000258   0x00000004   Code   RO         1783    .ARM.Collect$$rtentry$$0000000A  c_w.l(__rtentry2.o)
    0x0800025c   0x00000000   Code   RO         1785    .ARM.Collect$$rtentry$$0000000C  c_w.l(__rtentry2.o)
    0x0800025c   0x00000008   Code   RO         1786    .ARM.Collect$$rtentry$$0000000D  c_w.l(__rtentry2.o)
    0x08000264   0x00000002   Code   RO         1836    .ARM.Collect$$rtexit$$00000000  c_w.l(rtexit.o)
    0x08000266   0x00000000   Code   RO         1890    .ARM.Collect$$rtexit$$00000002  c_w.l(rtexit2.o)
    0x08000266   0x00000004   Code   RO         1891    .ARM.Collect$$rtexit$$00000003  c_w.l(rtexit2.o)
    0x0800026a   0x00000006   Code   RO         1892    .ARM.Collect$$rtexit$$00000004  c_w.l(rtexit2.o)
    0x08000270   0x000000d0   Code   RO            3    .text               main.o
    0x08000340   0x0000001a   Code   RO          225    .text               stm32f4xx_it.o
    0x0800035a   0x00000002   PAD
    0x0800035c   0x00000210   Code   RO          248    .text               system_stm32f4xx.o
    0x0800056c   0x00000040   Code   RO          275    .text               startup_stm32f40_41xxx.o
    0x080005ac   0x000000e0   Code   RO          281    .text               misc.o
    0x0800068c   0x00000464   Code   RO          327    .text               stm32f4xx_adc.o
    0x08000af0   0x000009f0   Code   RO          347    .text               stm32f4xx_can.o
    0x080014e0   0x00000110   Code   RO          570    .text               stm32f4xx_exti.o
    0x080015f0   0x00000694   Code   RO          590    .text               stm32f4xx_flash.o
    0x08001c84   0x00000294   Code   RO          656    .text               stm32f4xx_gpio.o
    0x08001f18   0x0000016c   Code   RO          799    .text               stm32f4xx_pwr.o
    0x08002084   0x0000065c   Code   RO          819    .text               stm32f4xx_rcc.o
    0x080026e0   0x00000094   Code   RO          944    .text               stm32f4xx_syscfg.o
    0x08002774   0x00000ca2   Code   RO          964    .text               stm32f4xx_tim.o
    0x08003416   0x00000002   PAD
    0x08003418   0x00000454   Code   RO          984    .text               stm32f4xx_usart.o
    0x0800386c   0x00000104   Code   RO         1024    .text               delay.o
    0x08003970   0x000000c8   Code   RO         1076    .text               usart.o
    0x08003a38   0x0000016c   Code   RO         1103    .text               adc.o
    0x08003ba4   0x000001e8   Code   RO         1123    .text               encoder.o
    0x08003d8c   0x0000007c   Code   RO         1143    .text               exti.o
    0x08003e08   0x0000017c   Code   RO         1166    .text               key.o
    0x08003f84   0x00000078   Code   RO         1187    .text               led.o
    0x08003ffc   0x00000130   Code   RO         1208    .text               motor.o
    0x0800412c   0x0000043e   Code   RO         1228    .text               oled.o
    0x0800456a   0x00000002   PAD
    0x0800456c   0x00000508   Code   RO         1255    .text               ioi2c.o
    0x08004a74   0x00000514   Code   RO         1275    .text               usartx.o
    0x08004f88   0x000002bc   Code   RO         1302    .text               stmflash.o
    0x08005244   0x0000044c   Code   RO         1365    .text               timer.o
    0x08005690   0x000006c0   Code   RO         1388    .text               can.o
    0x08005d50   0x00000b7c   Code   RO         1408    .text               control.o
    0x080068cc   0x00000158   Code   RO         1436    .text               datascope_dp.o
    0x08006a24   0x000002c8   Code   RO         1454    .text               filter.o
    0x08006cec   0x00000524   Code   RO         1475    .text               show.o
    0x08007210   0x00000878   Code   RO         1498    .text               mpu6050.o
    0x08007a88   0x00001ecc   Code   RO         1530    .text               inv_mpu.o
    0x08009954   0x00000d90   Code   RO         1562    .text               inv_mpu_dmp_motion_driver.o
    0x0800a6e4   0x00000002   Code   RO         1585    .text               c_w.l(use_no_semi_2.o)
    0x0800a6e6   0x00000048   Code   RO         1587    .text               c_w.l(llsdiv.o)
    0x0800a72e   0x00000002   PAD
    0x0800a730   0x00000018   Code   RO         1591    .text               c_w.l(noretval__2printf.o)
    0x0800a748   0x00000068   Code   RO         1593    .text               c_w.l(__printf.o)
    0x0800a7b0   0x00000078   Code   RO         1595    .text               c_w.l(_printf_dec.o)
    0x0800a828   0x00000058   Code   RO         1619    .text               c_w.l(memcmp.o)
    0x0800a880   0x00000010   Code   RO         1621    .text               c_w.l(aeabi_memset.o)
    0x0800a890   0x00000044   Code   RO         1623    .text               c_w.l(rt_memclr.o)
    0x0800a8d4   0x00000006   Code   RO         1625    .text               c_w.l(heapauxi.o)
    0x0800a8da   0x00000002   Code   RO         1699    .text               c_w.l(use_no_semi.o)
    0x0800a8dc   0x000000ee   Code   RO         1702    .text               c_w.l(lludivv7m.o)
    0x0800a9ca   0x00000016   Code   RO         1704    .text               c_w.l(_rserrno.o)
    0x0800a9e0   0x000000b2   Code   RO         1706    .text               c_w.l(_printf_intcommon.o)
    0x0800aa92   0x00000002   PAD
    0x0800aa94   0x00000024   Code   RO         1708    .text               c_w.l(_printf_char_file.o)
    0x0800aab8   0x0000004e   Code   RO         1711    .text               c_w.l(rt_memclr_w.o)
    0x0800ab06   0x00000002   PAD
    0x0800ab08   0x00000008   Code   RO         1801    .text               c_w.l(rt_errno_addr_intlibspace.o)
    0x0800ab10   0x00000030   Code   RO         1803    .text               c_w.l(_printf_char_common.o)
    0x0800ab40   0x00000008   Code   RO         1805    .text               c_w.l(ferror.o)
    0x0800ab48   0x00000008   Code   RO         1815    .text               c_w.l(libspace.o)
    0x0800ab50   0x0000004a   Code   RO         1818    .text               c_w.l(sys_stackheap_outer.o)
    0x0800ab9a   0x0000000c   Code   RO         1824    .text               c_w.l(exit.o)
    0x0800aba6   0x00000030   Code   RO         1762    i.__ARM_fpclassify  m_wm.l(fpclassify.o)
    0x0800abd6   0x00000002   PAD
    0x0800abd8   0x00000360   Code   RO         1659    i.__hardfp_asin     m_wm.l(asin.o)
    0x0800af38   0x000002d8   Code   RO         1728    i.__hardfp_atan     m_wm.l(atan.o)
    0x0800b210   0x000001f0   Code   RO         1673    i.__hardfp_atan2    m_wm.l(atan2.o)
    0x0800b400   0x00000c38   Code   RO         1685    i.__hardfp_pow      m_wm.l(pow.o)
    0x0800c038   0x000000f8   Code   RO         1764    i.__kernel_poly     m_wm.l(poly.o)
    0x0800c130   0x00000030   Code   RO         1742    i.__mathlib_dbl_divzero  m_wm.l(dunder.o)
    0x0800c160   0x00000014   Code   RO         1743    i.__mathlib_dbl_infnan  m_wm.l(dunder.o)
    0x0800c174   0x00000014   Code   RO         1744    i.__mathlib_dbl_infnan2  m_wm.l(dunder.o)
    0x0800c188   0x00000020   Code   RO         1745    i.__mathlib_dbl_invalid  m_wm.l(dunder.o)
    0x0800c1a8   0x00000020   Code   RO         1746    i.__mathlib_dbl_overflow  m_wm.l(dunder.o)
    0x0800c1c8   0x00000020   Code   RO         1748    i.__mathlib_dbl_underflow  m_wm.l(dunder.o)
    0x0800c1e8   0x00000010   Code   RO         1730    i.atan              m_wm.l(atan.o)
    0x0800c1f8   0x00000018   Code   RO         1758    i.fabs              m_wm.l(fabs.o)
    0x0800c210   0x0000006e   Code   RO         1769    i.sqrt              m_wm.l(sqrt.o)
    0x0800c27e   0x00000018   Code   RO         1713    x$fpl$basic         fz_wm.l(basic.o)
    0x0800c296   0x00000002   PAD
    0x0800c298   0x00000062   Code   RO         1629    x$fpl$d2f           fz_wm.l(d2f.o)
    0x0800c2fa   0x00000002   PAD
    0x0800c2fc   0x00000150   Code   RO         1631    x$fpl$dadd          fz_wm.l(daddsub_clz.o)
    0x0800c44c   0x00000010   Code   RO         1809    x$fpl$dcheck1       fz_wm.l(dcheck1.o)
    0x0800c45c   0x00000018   Code   RO         1832    x$fpl$dcmpinf       fz_wm.l(dcmpi.o)
    0x0800c474   0x000002b0   Code   RO         1638    x$fpl$ddiv          fz_wm.l(ddiv.o)
    0x0800c724   0x0000005e   Code   RO         1641    x$fpl$dfix          fz_wm.l(dfix.o)
    0x0800c782   0x00000002   PAD
    0x0800c784   0x0000005a   Code   RO         1645    x$fpl$dfixu         fz_wm.l(dfixu.o)
    0x0800c7de   0x0000002e   Code   RO         1650    x$fpl$dflt          fz_wm.l(dflt_clz.o)
    0x0800c80c   0x00000026   Code   RO         1649    x$fpl$dfltu         fz_wm.l(dflt_clz.o)
    0x0800c832   0x00000002   PAD
    0x0800c834   0x00000078   Code   RO         1811    x$fpl$dleqf         fz_wm.l(dleqf.o)
    0x0800c8ac   0x00000154   Code   RO         1655    x$fpl$dmul          fz_wm.l(dmul.o)
    0x0800ca00   0x0000009c   Code   RO         1715    x$fpl$dnaninf       fz_wm.l(dnaninf.o)
    0x0800ca9c   0x0000000c   Code   RO         1717    x$fpl$dretinf       fz_wm.l(dretinf.o)
    0x0800caa8   0x0000006c   Code   RO         1719    x$fpl$drleqf        fz_wm.l(drleqf.o)
    0x0800cb14   0x00000016   Code   RO         1632    x$fpl$drsb          fz_wm.l(daddsub_clz.o)
    0x0800cb2a   0x00000002   PAD
    0x0800cb2c   0x00000198   Code   RO         1813    x$fpl$dsqrt         fz_wm.l(dsqrt_umaal.o)
    0x0800ccc4   0x000001d4   Code   RO         1633    x$fpl$dsub          fz_wm.l(daddsub_clz.o)
    0x0800ce98   0x00000056   Code   RO         1657    x$fpl$f2d           fz_wm.l(f2d.o)
    0x0800ceee   0x0000008c   Code   RO         1721    x$fpl$fnaninf       fz_wm.l(fnaninf.o)
    0x0800cf7a   0x0000000a   Code   RO         1904    x$fpl$fpinit        fz_wm.l(fpinit.o)
    0x0800cf84   0x0000000a   Code   RO         1723    x$fpl$fretinf       fz_wm.l(fretinf.o)
    0x0800cf8e   0x00000064   Code   RO         1834    x$fpl$retnan        fz_wm.l(retnan.o)
    0x0800cff2   0x0000005c   Code   RO         1725    x$fpl$scalbn        fz_wm.l(scalbn.o)
    0x0800d04e   0x00000030   Code   RO         1887    x$fpl$trapveneer    fz_wm.l(trapv.o)
    0x0800d07e   0x00000000   Code   RO         1727    x$fpl$usenofp       fz_wm.l(usenofp.o)
    0x0800d07e   0x00000a64   Data   RO         1230    .constdata          oled.o
    0x0800dae2   0x00000002   PAD
    0x0800dae4   0x00000050   Data   RO         1531    .constdata          inv_mpu.o
    0x0800db34   0x00000bf6   Data   RO         1564    .constdata          inv_mpu_dmp_motion_driver.o
    0x0800e72a   0x00000006   PAD
    0x0800e730   0x00000050   Data   RO         1662    .constdata          m_wm.l(asin.o)
    0x0800e780   0x00000088   Data   RO         1688    .constdata          m_wm.l(pow.o)
    0x0800e808   0x00000098   Data   RO         1731    .constdata          m_wm.l(atan.o)
    0x0800e8a0   0x00000008   Data   RO         1766    .constdata          m_wm.l(qnan.o)
    0x0800e8a8   0x0000004e   Data   RO         1532    .conststring        inv_mpu.o
    0x0800e8f6   0x00000002   PAD
    0x0800e8f8   0x00000020   Data   RO         1961    Region$$Table       anon$$obj.o


    Execution Region RW_IRAM1 (Base: 0x20000000, Size: 0x00000d88, Max: 0x00020000, ABSOLUTE, COMPRESSED[0x00000068])

    Base Addr    Size         Type   Attr      Idx    E Section Name        Object

    0x20000000   0x0000006c   Data   RW            5    .data               main.o
    0x2000006c   0x00000014   Data   RW          249    .data               system_stm32f4xx.o
    0x20000080   0x00000010   Data   RW          820    .data               stm32f4xx_rcc.o
    0x20000090   0x00000004   Data   RW         1025    .data               delay.o
    0x20000094   0x00000004   Data   RW         1077    .data               usart.o
    0x20000098   0x0000000e   Data   RW         1167    .data               key.o
    0x200000a6   0x00000002   PAD
    0x200000a8   0x00000004   Data   RW         1188    .data               led.o
    0x200000ac   0x00000010   Data   RW         1277    .data               usartx.o
    0x200000bc   0x0000002c   Data   RW         1366    .data               timer.o
    0x200000e8   0x00000044   Data   RW         1409    .data               control.o
    0x2000012c   0x00000054   Data   RW         1456    .data               filter.o
    0x20000180   0x00000009   Data   RW         1476    .data               show.o
    0x20000189   0x00000003   PAD
    0x2000018c   0x00000038   Data   RW         1500    .data               mpu6050.o
    0x200001c4   0x0000002c   Data   RW         1533    .data               inv_mpu.o
    0x200001f0   0x00000028   Zero   RW            4    .bss                main.o
    0x20000218   0x00000400   Zero   RW         1229    .bss                oled.o
    0x20000618   0x00000032   Zero   RW         1276    .bss                usartx.o
    0x2000064a   0x0000002a   Zero   RW         1437    .bss                datascope_dp.o
    0x20000674   0x00000010   Zero   RW         1455    .bss                filter.o
    0x20000684   0x00000092   Zero   RW         1499    .bss                mpu6050.o
    0x20000716   0x00000002   PAD
    0x20000718   0x00000010   Zero   RW         1563    .bss                inv_mpu_dmp_motion_driver.o
    0x20000728   0x00000060   Zero   RW         1816    .bss                c_w.l(libspace.o)
    0x20000788   0x00000200   Zero   RW          273    HEAP                startup_stm32f40_41xxx.o
    0x20000988   0x00000400   Zero   RW          272    STACK               startup_stm32f40_41xxx.o


==============================================================================

Image component sizes


      Code (inc. data)   RO Data    RW Data    ZI Data      Debug   Object Name

       364         48          0          0          0       1200   adc.o
      1728         48          0          0          0       5366   can.o
      2940        402          0         68          0       5995   control.o
       344         30          0          0         42       2358   datascope_dp.o
       260          8          0          4          0       1553   delay.o
       488         18          0          0          0       1819   encoder.o
       124          4          0          0          0        772   exti.o
       712         82          0         84         16       2028   filter.o
      7884        182        158         44          0      21499   inv_mpu.o
      3472        142       3062          0         16      15083   inv_mpu_dmp_motion_driver.o
      1288         14          0          0          0       5630   ioi2c.o
       380         42          0         14          0       1663   key.o
       120         16          0          4          0        877   led.o
       208         18          0        108         40     291879   main.o
       224         20          0          0          0     255765   misc.o
       304         12          0          0          0       1106   motor.o
      2168        456          0         56        146      32494   mpu6050.o
      1086         26       2660          0       1024       4871   oled.o
      1316        260          0          9          0       1726   show.o
        64         26        392          0       1536        864   startup_stm32f40_41xxx.o
      1124         24          0          0          0      10610   stm32f4xx_adc.o
      2544         38          0          0          0       8088   stm32f4xx_can.o
       272         10          0          0          0       2383   stm32f4xx_exti.o
      1684         28          0          0          0       9274   stm32f4xx_flash.o
       660         44          0          0          0       4213   stm32f4xx_gpio.o
        26          0          0          0          0       1282   stm32f4xx_it.o
       364         12          0          0          0       3795   stm32f4xx_pwr.o
      1628         52          0         16          0      13060   stm32f4xx_rcc.o
       148         12          0          0          0       1905   stm32f4xx_syscfg.o
      3234         60          0          0          0      22416   stm32f4xx_tim.o
      1108         34          0          0          0       7912   stm32f4xx_usart.o
       700         94          0          0          0       2800   stmflash.o
       528         46          0         20          0       1955   system_stm32f4xx.o
      1100         76          0         44          0       3405   timer.o
       200         16          0          4          0       3324   usart.o
      1300        152          0         16         50       2196   usartx.o

    ----------------------------------------------------------------------
     42100       2552       6314        496       2872     753166   Object Totals
         0          0         32          0          0          0   (incl. Generated)
         6          0         10          5          2          0   (incl. Padding)

    ----------------------------------------------------------------------

      Code (inc. data)   RO Data    RW Data    ZI Data      Debug   Library Member Name

        90          0          0          0          0          0   __dczerorl2.o
         8          0          0          0          0         68   __main.o
       104          0          0          0          0         84   __printf.o
         0          0          0          0          0          0   __rtentry.o
        12          0          0          0          0          0   __rtentry2.o
         6          0          0          0          0          0   __rtentry4.o
        52          8          0          0          0          0   __scatter.o
        28          0          0          0          0          0   __scatter_zi.o
        48          6          0          0          0         96   _printf_char_common.o
        36          4          0          0          0         80   _printf_char_file.o
         6          0          0          0          0          0   _printf_d.o
       120         16          0          0          0         92   _printf_dec.o
       178          0          0          0          0         88   _printf_intcommon.o
         0          0          0          0          0          0   _printf_percent.o
         4          0          0          0          0          0   _printf_percent_end.o
        22          0          0          0          0        100   _rserrno.o
        16          0          0          0          0         68   aeabi_memset.o
        12          0          0          0          0         72   exit.o
         8          0          0          0          0         68   ferror.o
         6          0          0          0          0        152   heapauxi.o
         2          0          0          0          0          0   libinit.o
         6          0          0          0          0          0   libinit2.o
         2          0          0          0          0          0   libshutdown.o
         2          0          0          0          0          0   libshutdown2.o
         8          4          0          0         96         68   libspace.o
        72          0          0          0          0         76   llsdiv.o
       238          0          0          0          0        100   lludivv7m.o
        88          0          0          0          0         76   memcmp.o
        24          4          0          0          0         84   noretval__2printf.o
         8          4          0          0          0         68   rt_errno_addr_intlibspace.o
        68          0          0          0          0         68   rt_memclr.o
        78          0          0          0          0         80   rt_memclr_w.o
         2          0          0          0          0          0   rtexit.o
        10          0          0          0          0          0   rtexit2.o
        74          0          0          0          0         80   sys_stackheap_outer.o
         2          0          0          0          0         68   use_no_semi.o
         2          0          0          0          0         68   use_no_semi_2.o
        24          0          0          0          0        164   basic.o
        98          4          0          0          0        140   d2f.o
       826         16          0          0          0        492   daddsub_clz.o
        16          4          0          0          0        116   dcheck1.o
        24          0          0          0          0        116   dcmpi.o
       688        140          0          0          0        256   ddiv.o
        94          4          0          0          0        140   dfix.o
        90          4          0          0          0        140   dfixu.o
        84          0          0          0          0        232   dflt_clz.o
       120          4          0          0          0        140   dleqf.o
       340         12          0          0          0        152   dmul.o
       156          4          0          0          0        140   dnaninf.o
        12          0          0          0          0        116   dretinf.o
       108          0          0          0          0        128   drleqf.o
       408         56          0          0          0        168   dsqrt_umaal.o
        86          4          0          0          0        132   f2d.o
       140          4          0          0          0        132   fnaninf.o
        10          0          0          0          0        116   fpinit.o
        10          0          0          0          0        116   fretinf.o
       100          0          0          0          0        116   retnan.o
        92          0          0          0          0        116   scalbn.o
        48          0          0          0          0        116   trapv.o
         0          0          0          0          0          0   usenofp.o
       864         94         80          0          0        280   asin.o
       744        106        152          0          0        352   atan.o
       496         64          0          0          0        192   atan2.o
       184         44          0          0          0        744   dunder.o
        24          0          0          0          0        124   fabs.o
        48          0          0          0          0        124   fpclassify.o
       248          0          0          0          0        152   poly.o
      3128        302        136          0          0        356   pow.o
         0          0          8          0          0          0   qnan.o
       110          0          0          0          0        148   sqrt.o

    ----------------------------------------------------------------------
     10882        912        376          0         96       7760   Library Totals
        20          0          0          0          0          0   (incl. Padding)

    ----------------------------------------------------------------------

      Code (inc. data)   RO Data    RW Data    ZI Data      Debug   Library Name

      1442         46          0          0         96       1804   c_w.l
      3574        256          0          0          0       3484   fz_wm.l
      5846        610        376          0          0       2472   m_wm.l

    ----------------------------------------------------------------------
     10882        912        376          0         96       7760   Library Totals

    ----------------------------------------------------------------------

==============================================================================


      Code (inc. data)   RO Data    RW Data    ZI Data      Debug   

     52982       3464       6690        496       2968     747690   Grand Totals
     52982       3464       6690        104       2968     747690   ELF Image Totals (compressed)
     52982       3464       6690        104          0          0   ROM Totals

==============================================================================

    Total RO  Size (Code + RO Data)                59672 (  58.27kB)
    Total RW  Size (RW Data + ZI Data)              3464 (   3.38kB)
    Total ROM Size (Code + RO Data + RW Data)      59776 (  58.38kB)

==============================================================================

