<html>
<body>
<pre>
<h1>礦ision Build Log</h1>
<h2>Project:</h2>
D:\1.Work\MiniBalanceV5.0\MiniBalanceV5.0【高配版】平衡小车（STM32F405RGT6）\高配版平衡小车附送资料（STM32F405RGT6）\MiniBalanceV5.0【高配版】平衡小车库函数版源码（精简版）\USER\Minibalance.uvproj
Project File Date:  06/02/2017

<h2>Output:</h2>
Build target 'MinibalanceF4'
compiling control.c...
..\MiniBalance\CONTROL\control.c(71): warning:  #1035-D: single-precision operand implicitly converted to double-precision
                Encoder *= 0.8;                                                         //===一阶低通滤波器       
..\MiniBalance\CONTROL\control.c(72): warning:  #1035-D: single-precision operand implicitly converted to double-precision
                Encoder += Encoder_Least*0.2;                                       //===一阶低通滤波器    
..\MiniBalance\CONTROL\control.c: 2 warnings, 0 errors
linking...
Program Size: Code=34002 RO-data=6550 RW-data=260 ZI-data=2820  
FromELF: creating hex file...
"..\OBJ\Minibalance.axf" - 0 Error(s), 2 Warning(s).
</pre>
</body>
</html>
.c: 2 warnings, 0 errors
compiling show.c...
compiling MPU6050.c...
compiling inv_mpu.c...
compiling inv_mpu_dmp_motion_driver.c...
linking...
Program Size: Code=33842 RO-data=6550 RW-data=260 ZI-data=2820  
FromELF: creating hex file...
"..\OBJ\Minibalance.axf" - 0 Error(s), 2 Warning(s).
2f4xx_rcc.c...
compiling stm32f4xx_rng.c...
compiling stm32f4xx_rtc.c...
compiling stm32f4xx_sai.c...
compiling stm32f4xx_sdio.c...
compiling stm32f4xx_spi.c...
compiling stm32f4xx_syscfg.c...
compiling stm32f4xx_tim.c...
compiling stm32f4xx_usart.c...
compiling stm32f4xx_wwdg.c...
compiling delay.c...
..\SYSTEM\sys\sys.h(11): error:  #5: cannot open source input file "adc.h": No such file or directory
  #include "adc.h"
..\SYSTEM\delay\delay.c: 0 warnings, 1 error
compiling sys.c...
..\SYSTEM\sys\sys.h(11): error:  #5: cannot open source input file "adc.h": No such file or directory
  #include "adc.h"
..\SYSTEM\sys\sys.c: 0 warnings, 1 error
compiling usart.c...
..\SYSTEM\sys\sys.h(11): error:  #5: cannot open source input file "adc.h": No such file or directory
  #include "adc.h"
..\SYSTEM\usart\usart.c: 0 warnings, 1 error
compiling encoder.c...
..\SYSTEM\sys\sys.h(11): error:  #5: cannot open source input file "adc.h": No such file or directory
  #include "adc.h"
..\MiniBalance_HARDWARE\ENCODER\encoder.c: 0 warnings, 1 error
compiling exti.c...
..\SYSTEM\sys\sys.h(11): error:  #5: cannot open source input file "adc.h": No such file or directory
  #include "adc.h"
..\MiniBalance_HARDWARE\EXTI\exti.c: 0 warnings, 1 error
compiling LED.C...
..\SYSTEM\sys\sys.h(11): error:  #5: cannot open source input file "adc.h": No such file or directory
  #include "adc.h"
..\MiniBalance_HARDWARE\LED\LED.C: 0 warnings, 1 error
compiling motor.c...
..\SYSTEM\sys\sys.h(11): error:  #5: cannot open source input file "adc.h": No such file or directory
  #include "adc.h"
..\MiniBalance_HARDWARE\MOTOR\motor.c: 0 warnings, 1 error
compiling oled.c...
..\SYSTEM\sys\sys.h(11): error:  #5: cannot open source input file "adc.h": No such file or directory
  #include "adc.h"
..\MiniBalance_HARDWARE\OLED\oled.c: 0 warnings, 1 error
compiling IOI2C.c...
..\SYSTEM\sys\sys.h(11): error:  #5: cannot open source input file "adc.h": No such file or directory
  #include "adc.h"
..\MiniBalance_HARDWARE\IIC\IOI2C.c: 0 warnings, 1 error
compiling control.c...
..\SYSTEM\sys\sys.h(11): error:  #5: cannot open source input file "adc.h": No such file or directory
  #include "adc.h"
..\MiniBalance\CONTROL\control.c: 0 warnings, 1 error
compiling DataScope_DP.C...
compiling filter.c...
compiling show.c...
..\SYSTEM\sys\sys.h(11): error:  #5: cannot open source input file "adc.h": No such file or directory
  #include "adc.h"
..\MiniBalance\show\show.c: 0 warnings, 1 error
compiling MPU6050.c...
..\SYSTEM\sys\sys.h(11): error:  #5: cannot open source input file "adc.h": No such file or directory
  #include "adc.h"
..\MiniBalance\MPU6050\MPU6050.c: 0 warnings, 1 error
compiling inv_mpu.c...
..\SYSTEM\sys\sys.h(11): error:  #5: cannot open source input file "adc.h": No such file or directory
  #include "adc.h"
..\MiniBalance\DMP\inv_mpu.c: 0 warnings, 1 error
compiling inv_mpu_dmp_motion_driver.c...
..\SYSTEM\sys\sys.h(11): error:  #5: cannot open source input file "adc.h": No such file or directory
  #include "adc.h"
..\MiniBalance\DMP\inv_mpu_dmp_motion_driver.c: 0 warnings, 1 error
"..\OBJ\Minibalance.axf" - 15 Error(s), 0 Warning(s).
Target not created
