###############################################################################
#
# IAR ELF Linker V8.30.1.114/W32 for ARM                  17/Apr/2020  17:14:28
# Copyright 2007-2018 IAR Systems AB.
#
#    Output file  =  
#        C:\Users\Administrator\Desktop\线性CCD-K60Demo\Project\Debug\Exe\K60_2WD.out
#    Map file     =  
#        C:\Users\Administrator\Desktop\线性CCD-K60Demo\Project\Debug\List\K60_2WD.map
#    Command line =  
#        -f C:\Users\Administrator\AppData\Local\Temp\EW62B6.tmp
#        (C:\Users\Administrator\Desktop\线性CCD-K60Demo\Project\Debug\Obj\CCD.o
#        C:\Users\Administrator\Desktop\线性CCD-K60Demo\Project\Debug\Obj\control.o
#        C:\Users\Administrator\Desktop\线性CCD-K60Demo\Project\Debug\Obj\main.o
#        C:\Users\Administrator\Desktop\线性CCD-K60Demo\Project\Debug\Obj\MK60_ADC.o
#        C:\Users\Administrator\Desktop\线性CCD-K60Demo\Project\Debug\Obj\MK60_CMT.o
#        C:\Users\Administrator\Desktop\线性CCD-K60Demo\Project\Debug\Obj\MK60_DMA.o
#        C:\Users\Administrator\Desktop\线性CCD-K60Demo\Project\Debug\Obj\MK60_FTM.o
#        C:\Users\Administrator\Desktop\线性CCD-K60Demo\Project\Debug\Obj\MK60_GPIO.o
#        C:\Users\Administrator\Desktop\线性CCD-K60Demo\Project\Debug\Obj\MK60_IIC.o
#        C:\Users\Administrator\Desktop\线性CCD-K60Demo\Project\Debug\Obj\MK60_LPTMR.o
#        C:\Users\Administrator\Desktop\线性CCD-K60Demo\Project\Debug\Obj\MK60_PIT.o
#        C:\Users\Administrator\Desktop\线性CCD-K60Demo\Project\Debug\Obj\MK60_PLL.o
#        C:\Users\Administrator\Desktop\线性CCD-K60Demo\Project\Debug\Obj\MK60_SYSTICK.o
#        C:\Users\Administrator\Desktop\线性CCD-K60Demo\Project\Debug\Obj\MK60_UART.o
#        C:\Users\Administrator\Desktop\线性CCD-K60Demo\Project\Debug\Obj\MK60_WDOG.o
#        C:\Users\Administrator\Desktop\线性CCD-K60Demo\Project\Debug\Obj\OLED.o
#        C:\Users\Administrator\Desktop\线性CCD-K60Demo\Project\Debug\Obj\PIT.o
#        C:\Users\Administrator\Desktop\线性CCD-K60Demo\Project\Debug\Obj\show.o
#        C:\Users\Administrator\Desktop\线性CCD-K60Demo\Project\Debug\Obj\start.o
#        C:\Users\Administrator\Desktop\线性CCD-K60Demo\Project\Debug\Obj\startup_MK60D10.o
#        --no_out_extension -o
#        C:\Users\Administrator\Desktop\线性CCD-K60Demo\Project\Debug\Exe\K60_2WD.out
#        --redirect _Printf=_PrintfFullNoMb --redirect _Scanf=_ScanfFullNoMb
#        --map
#        C:\Users\Administrator\Desktop\线性CCD-K60Demo\Project\Debug\List\K60_2WD.map
#        --config
#        C:\Users\Administrator\Desktop\线性CCD-K60Demo\Project\..\System\linker\PFXflash.icf
#        --semihosting --entry __iar_program_start --vfe --text_out locale)
#
###############################################################################

*******************************************************************************
*** RUNTIME MODEL ATTRIBUTES
***

CppFlavor       = *
__SystemLibrary = DLib
__dlib_version  = 6


*******************************************************************************
*** HEAP SELECTION
***

The basic heap was selected because no calls to memory allocation
functions were found in the application outside of system library
functions, and there are calls to deallocation functions in the
application.


*******************************************************************************
*** PLACEMENT SUMMARY
***

"A0":  place at 0x0 { ro section .intvec };
"P2":  place in [from 0x0 to 0x3ff] |
                [from 0x410 to 0x7'ffff] |
                [from 0x1000'0000 to 0x1007'ffff] { ro };
define block CSTACK with size = 8K, alignment = 8 { };
define block HEAP with size = 16K, alignment = 8 { };
"P3":  place in [from 0x1fff'0000 to 0x2001'0000] {
          rw, block CSTACK, block HEAP };
initialize by copy { rw };

No sections matched the following patterns:

  section .flex_ram    in "P4"
  section FlashConfig  in "P1"


  Section            Kind         Address    Size  Object
  -------            ----         -------    ----  ------
"A0":                                       0x410
  .intvec            ro code          0x0   0x410  startup_MK60D10.o [1]
                                  - 0x410   0x410

"P2":                                      0x17b8
  .text              ro code        0x410   0xe1c  OLED.o [1]
  .text              ro code       0x122c    0x74  MK60_GPIO.o [1]
  .text              ro code       0x12a0    0xc4  MK60_SYSTICK.o [1]
  .text              ro code       0x1364   0x180  CCD.o [1]
  .text              ro code       0x14e4    0x74  MK60_ADC.o [1]
  .text              ro code       0x1558   0x138  MK60_PLL.o [1]
  .text              ro code       0x1690    0xdc  show.o [1]
  .text              ro code       0x176c    0x5c  PIT.o [1]
  .text              ro code       0x17c8    0x50  MK60_PIT.o [1]
  .text              ro code       0x1818    0x44  main.o [1]
  .text              ro code       0x185c    0x3a  zero_init3.o [3]
  .text              ro code       0x1898    0x30  MK60_WDOG.o [1]
  .text              ro code       0x18c8    0x2c  copy_init3.o [3]
  .text              ro code       0x18f4    0x28  data_init.o [3]
  .iar.init_table    const         0x191c    0x24  - Linker created -
  .text              ro code       0x1940    0x1e  cmain.o [3]
  .text              ro code       0x195e     0x4  low_level_init.o [2]
  .text              ro code       0x1962     0x4  exit.o [2]
  .text              ro code       0x1968     0xa  cexit.o [3]
  .text              ro code       0x1974    0x14  exit.o [4]
  .text              ro code       0x1988    0x16  start.o [1]
  .text              ro code       0x19a0    0x14  control.o [1]
  .text              ro code       0x19b4    0x10  startup_MK60D10.o [1]
  .text              ro code       0x19c4     0xc  cstartup_M.o [3]
  .text              ro code       0x19d0     0x4  startup_MK60D10.o [1]
  .text              ro code       0x19d4     0x4  startup_MK60D10.o [1]
  .text              ro code       0x19d8     0x4  startup_MK60D10.o [1]
  .text              ro code       0x19dc     0x4  startup_MK60D10.o [1]
  .text              ro code       0x19e0     0x4  startup_MK60D10.o [1]
  .text              ro code       0x19e4     0x4  startup_MK60D10.o [1]
  .text              ro code       0x19e8     0x4  startup_MK60D10.o [1]
  .text              ro code       0x19ec     0x4  startup_MK60D10.o [1]
  .text              ro code       0x19f0     0x4  startup_MK60D10.o [1]
  .text              ro code       0x19f4     0x4  startup_MK60D10.o [1]
  .text              ro code       0x19f8     0x4  startup_MK60D10.o [1]
  .text              ro code       0x19fc     0x4  startup_MK60D10.o [1]
  .text              ro code       0x1a00     0x4  startup_MK60D10.o [1]
  .text              ro code       0x1a04     0x4  startup_MK60D10.o [1]
  .text              ro code       0x1a08     0x4  startup_MK60D10.o [1]
  .text              ro code       0x1a0c     0x4  startup_MK60D10.o [1]
  .text              ro code       0x1a10     0x4  startup_MK60D10.o [1]
  .text              ro code       0x1a14     0x4  startup_MK60D10.o [1]
  .text              ro code       0x1a18     0x4  startup_MK60D10.o [1]
  .text              ro code       0x1a1c     0x4  startup_MK60D10.o [1]
  .text              ro code       0x1a20     0x4  startup_MK60D10.o [1]
  .text              ro code       0x1a24     0x4  startup_MK60D10.o [1]
  .text              ro code       0x1a28     0x4  startup_MK60D10.o [1]
  .text              ro code       0x1a2c     0x4  startup_MK60D10.o [1]
  .text              ro code       0x1a30     0x4  startup_MK60D10.o [1]
  .text              ro code       0x1a34     0x4  startup_MK60D10.o [1]
  .text              ro code       0x1a38     0x4  startup_MK60D10.o [1]
  .text              ro code       0x1a3c     0x4  startup_MK60D10.o [1]
  .text              ro code       0x1a40     0x4  startup_MK60D10.o [1]
  .text              ro code       0x1a44     0x4  startup_MK60D10.o [1]
  .text              ro code       0x1a48     0x4  startup_MK60D10.o [1]
  .text              ro code       0x1a4c     0x4  startup_MK60D10.o [1]
  .text              ro code       0x1a50     0x4  startup_MK60D10.o [1]
  .text              ro code       0x1a54     0x4  startup_MK60D10.o [1]
  .text              ro code       0x1a58     0x4  startup_MK60D10.o [1]
  .text              ro code       0x1a5c     0x4  startup_MK60D10.o [1]
  .text              ro code       0x1a60     0x4  startup_MK60D10.o [1]
  .text              ro code       0x1a64     0x4  startup_MK60D10.o [1]
  .text              ro code       0x1a68     0x4  startup_MK60D10.o [1]
  .text              ro code       0x1a6c     0x4  startup_MK60D10.o [1]
  .text              ro code       0x1a70     0x4  startup_MK60D10.o [1]
  .text              ro code       0x1a74     0x4  startup_MK60D10.o [1]
  .text              ro code       0x1a78     0x4  startup_MK60D10.o [1]
  .text              ro code       0x1a7c     0x4  startup_MK60D10.o [1]
  .text              ro code       0x1a80     0x4  startup_MK60D10.o [1]
  .text              ro code       0x1a84     0x4  startup_MK60D10.o [1]
  .text              ro code       0x1a88     0x4  startup_MK60D10.o [1]
  .text              ro code       0x1a8c     0x4  startup_MK60D10.o [1]
  .text              ro code       0x1a90     0x4  startup_MK60D10.o [1]
  .text              ro code       0x1a94     0x4  startup_MK60D10.o [1]
  .text              ro code       0x1a98     0x4  startup_MK60D10.o [1]
  .text              ro code       0x1a9c     0x4  startup_MK60D10.o [1]
  .text              ro code       0x1aa0     0x4  startup_MK60D10.o [1]
  .text              ro code       0x1aa4     0x4  startup_MK60D10.o [1]
  .text              ro code       0x1aa8     0x4  startup_MK60D10.o [1]
  .text              ro code       0x1aac     0x4  startup_MK60D10.o [1]
  .text              ro code       0x1ab0     0x4  startup_MK60D10.o [1]
  .text              ro code       0x1ab4     0x4  startup_MK60D10.o [1]
  .text              ro code       0x1ab8     0x4  startup_MK60D10.o [1]
  .text              ro code       0x1abc     0x4  startup_MK60D10.o [1]
  .text              ro code       0x1ac0     0x4  startup_MK60D10.o [1]
  .text              ro code       0x1ac4     0x4  startup_MK60D10.o [1]
  .text              ro code       0x1ac8     0x4  startup_MK60D10.o [1]
  .text              ro code       0x1acc     0x4  startup_MK60D10.o [1]
  .text              ro code       0x1ad0     0x4  startup_MK60D10.o [1]
  .text              ro code       0x1ad4     0x4  startup_MK60D10.o [1]
  .text              ro code       0x1ad8     0x4  startup_MK60D10.o [1]
  .text              ro code       0x1adc     0x4  startup_MK60D10.o [1]
  .text              ro code       0x1ae0     0x4  startup_MK60D10.o [1]
  .text              ro code       0x1ae4     0x4  startup_MK60D10.o [1]
  .text              ro code       0x1ae8     0x4  startup_MK60D10.o [1]
  .text              ro code       0x1aec     0x4  startup_MK60D10.o [1]
  .text              ro code       0x1af0     0x4  startup_MK60D10.o [1]
  .text              ro code       0x1af4     0x4  startup_MK60D10.o [1]
  .text              ro code       0x1af8     0x4  startup_MK60D10.o [1]
  .text              ro code       0x1afc     0x4  startup_MK60D10.o [1]
  .text              ro code       0x1b00     0x4  startup_MK60D10.o [1]
  .text              ro code       0x1b04     0x4  startup_MK60D10.o [1]
  .text              ro code       0x1b08     0x4  startup_MK60D10.o [1]
  .text              ro code       0x1b0c     0x4  startup_MK60D10.o [1]
  .text              ro code       0x1b10     0x4  startup_MK60D10.o [1]
  .text              ro code       0x1b14     0x4  startup_MK60D10.o [1]
  .text              ro code       0x1b18     0x4  startup_MK60D10.o [1]
  .text              ro code       0x1b1c     0x4  startup_MK60D10.o [1]
  .text              ro code       0x1b20     0x4  startup_MK60D10.o [1]
  .text              ro code       0x1b24     0x4  startup_MK60D10.o [1]
  .text              ro code       0x1b28     0x4  startup_MK60D10.o [1]
  .text              ro code       0x1b2c     0x4  startup_MK60D10.o [1]
  .text              ro code       0x1b30     0x4  startup_MK60D10.o [1]
  .text              ro code       0x1b34     0x4  startup_MK60D10.o [1]
  .text              ro code       0x1b38     0x4  startup_MK60D10.o [1]
  .text              ro code       0x1b3c     0x4  startup_MK60D10.o [1]
  .text              ro code       0x1b40     0x4  startup_MK60D10.o [1]
  .text              ro code       0x1b44     0x4  startup_MK60D10.o [1]
  .text              ro code       0x1b48     0x4  startup_MK60D10.o [1]
  .text              ro code       0x1b4c     0x4  startup_MK60D10.o [1]
  .text              ro code       0x1b50     0x4  startup_MK60D10.o [1]
  .text              ro code       0x1b54     0x4  startup_MK60D10.o [1]
  .text              ro code       0x1b58     0x4  startup_MK60D10.o [1]
  .text              ro code       0x1b5c     0x4  startup_MK60D10.o [1]
  .text              ro code       0x1b60     0x4  startup_MK60D10.o [1]
  .text              ro code       0x1b64     0x4  startup_MK60D10.o [1]
  .text              ro code       0x1b68     0x4  startup_MK60D10.o [1]
  .text              ro code       0x1b6c     0x4  startup_MK60D10.o [1]
  .text              ro code       0x1b70     0x4  startup_MK60D10.o [1]
  .text              ro code       0x1b74     0x4  startup_MK60D10.o [1]
  .text              ro code       0x1b78     0x4  startup_MK60D10.o [1]
  .text              ro code       0x1b7c     0x4  startup_MK60D10.o [1]
  .text              ro code       0x1b80     0x4  startup_MK60D10.o [1]
  .text              ro code       0x1b84     0x4  startup_MK60D10.o [1]
  .text              ro code       0x1b88     0x4  startup_MK60D10.o [1]
  .rodata            const         0x1b8c     0x0  zero_init3.o [3]
  .rodata            const         0x1b8c     0x0  copy_init3.o [3]
  Initializer bytes  const         0x1b8c    0x3c  <for P3 s0>
                                 - 0x1bc8  0x17b8

"P3", part 1 of 3:                           0x3c
  P3 s0                       0x1fff'0000    0x3c  <Init block>
    .data            inited   0x1fff'0000    0x28  MK60_GPIO.o [1]
    .data            inited   0x1fff'0028    0x14  MK60_SYSTICK.o [1]
                            - 0x1fff'003c    0x3c

"P3", part 2 of 3:                          0x52c
  .bss               zero     0x1fff'003c   0x400  OLED.o [1]
  .bss               zero     0x1fff'043c   0x100  CCD.o [1]
  .bss               zero     0x1fff'0540    0x20  MK60_SYSTICK.o [1]
  .bss               zero     0x1fff'0560     0x4  CCD.o [1]
  .bss               zero     0x1fff'0564     0x2  MK60_PLL.o [1]
  .bss               zero     0x1fff'0566     0x1  main.o [1]
  .bss               zero     0x1fff'0567     0x1  main.o [1]
                            - 0x1fff'0568   0x52c

"P3", part 3 of 3:                         0x2000
  CSTACK                      0x1fff'0568  0x2000  <Block>
    CSTACK           uninit   0x1fff'0568  0x2000  <Block tail>
                            - 0x1fff'2568  0x2000

Unused ranges:

         From           To      Size
         ----           --      ----
       0x1bc8     0x7'ffff  0x7'e438
  0x1000'0000  0x1007'ffff  0x8'0000
  0x1fff'2568  0x2001'0000  0x1'da99


*******************************************************************************
*** INIT TABLE
***

          Address      Size
          -------      ----
Zero (__iar_zero_init3)
    1 destination range, total size 0x52c:
          0x1fff'003c  0x52c

Copy (__iar_copy_init3)
    1 source range, total size 0x3c:
               0x1b8c   0x3c
    1 destination range, total size 0x3c:
          0x1fff'0000   0x3c



*******************************************************************************
*** MODULE SUMMARY
***

    Module             ro code  ro data  rw data
    ------             -------  -------  -------
command line/config:
    --------------------------------------------
    Total:

C:\Users\Administrator\Desktop\线性CCD-K60Demo\Project\Debug\Obj: [1]
    CCD.o                  384               260
    MK60_ADC.o             116
    MK60_GPIO.o            116       40       40
    MK60_PIT.o              80
    MK60_PLL.o             312                 2
    MK60_SYSTICK.o         196       20       52
    MK60_WDOG.o             48
    OLED.o               3 612             1 024
    PIT.o                   92
    control.o               20
    main.o                  68                 2
    show.o                 220
    start.o                 22
    startup_MK60D10.o    1 500
    --------------------------------------------
    Total:               6 786       60    1 380

dl7M_tlf.a: [2]
    exit.o                   4
    low_level_init.o         4
    --------------------------------------------
    Total:                   8

rt7M_tl.a: [3]
    cexit.o                 10
    cmain.o                 30
    copy_init3.o            44
    cstartup_M.o            12
    data_init.o             40
    zero_init3.o            58
    --------------------------------------------
    Total:                 194

shb_l.a: [4]
    exit.o                  20
    --------------------------------------------
    Total:                  20

    Gaps                     8                 4
    Linker created                   36    8 192
------------------------------------------------
    Grand Total:         7 016       96    9 576


*******************************************************************************
*** ENTRY LIST
***

Entry                       Address   Size  Type      Object
-----                       -------   ----  ----      ------
.iar.init_table$$Base        0x191c          --   Gb  - Linker created -
.iar.init_table$$Limit       0x1940          --   Gb  - Linker created -
?main                        0x1941         Code  Gb  cmain.o [3]
ADC_Init                     0x14e5   0x30  Code  Gb  MK60_ADC.o [1]
ADC_Once                     0x1515   0x36  Code  Gb  MK60_ADC.o [1]
ADV                     0x1fff'043c  0x100  Data  Gb  CCD.o [1]
CCD_Init                     0x1365   0x20  Code  Gb  CCD.o [1]
CCD_Yuzhi               0x1fff'0567    0x1  Data  Gb  main.o [1]
CCD_Zhongzhi            0x1fff'0566    0x1  Data  Gb  main.o [1]
CSTACK$$Base            0x1fff'0568          --   Gb  - Linker created -
CSTACK$$Limit           0x1fff'2568          --   Gb  - Linker created -
Find_CCD_Zhongzhi            0x13e9   0xe4  Code  Gb  CCD.o [1]
Find_CCD_Zhongzhi::Left
                        0x1fff'0560    0x2  Data  Lc  CCD.o [1]
Find_CCD_Zhongzhi::Right
                        0x1fff'0562    0x2  Data  Lc  CCD.o [1]
GPIOX                   0x1fff'0000   0x14  Data  Gb  MK60_GPIO.o [1]
GPIO_PinInit                 0x122d   0x6a  Code  Gb  MK60_GPIO.o [1]
MyPIT_Init                   0x176d   0x5c  Code  Gb  PIT.o [1]
NMI_Handler                  0x199d    0x2  Code  Gb  start.o [1]
OLED_Clear                    0x5fb   0x22  Code  Gb  OLED.o [1]
OLED_DrawPoint                0x61d   0x3e  Code  Gb  OLED.o [1]
OLED_GRAM               0x1fff'003c  0x400  Data  Gb  OLED.o [1]
OLED_Init                     0x411  0x11a  Code  Gb  OLED.o [1]
OLED_Refresh_Gram             0x52b   0x7c  Code  Gb  OLED.o [1]
OLED_ShowChar                 0x65d   0x8a  Code  Gb  OLED.o [1]
OLED_ShowNumber               0x6e7   0x8e  Code  Gb  OLED.o [1]
OLED_ShowString               0x789   0x3e  Code  Gb  OLED.o [1]
OLED_Show_CCD                0x16d7   0x82  Code  Gb  show.o [1]
OLED_WR_Byte                  0x5a7   0x54  Code  Gb  OLED.o [1]
PIT1_IRQHandler              0x19a1   0x14  Code  Gb  control.o [1]
PIT_Init                     0x17c9   0x3e  Code  Gb  MK60_PIT.o [1]
PLL_Init                     0x1559  0x138  Code  Gb  MK60_PLL.o [1]
PORTX                   0x1fff'0014   0x14  Data  Gb  MK60_GPIO.o [1]
Read_TSL                     0x1385   0x64  Code  Gb  CCD.o [1]
Region$$Table$$Base          0x191c          --   Gb  - Linker created -
Region$$Table$$Limit         0x1940          --   Gb  - Linker created -
Start                        0x1989    0xe  Code  Gb  start.o [1]
SysTick_Handler              0x12dd    0xc  Code  Gb  MK60_SYSTICK.o [1]
WDOG_Disable                 0x1899   0x14  Code  Gb  MK60_WDOG.o [1]
WDOG_Unlock                  0x18ad   0x14  Code  Gb  MK60_WDOG.o [1]
__Vectors                       0x0          --   Gb  startup_MK60D10.o [1]
__Vectors_End                 0x400         Data  Gb  startup_MK60D10.o [1]
__Vectors_Size {Abs}          0x400          --   Gb  startup_MK60D10.o [1]
__cmain                      0x1941         Code  Gb  cmain.o [3]
__exit                       0x1975   0x14  Code  Gb  exit.o [4]
__iar_copy_init3             0x18c9   0x2c  Code  Gb  copy_init3.o [3]
__iar_data_init3             0x18f5   0x28  Code  Gb  data_init.o [3]
__iar_program_start          0x19c5         Code  Gb  cstartup_M.o [3]
__iar_zero_init3             0x185d   0x3a  Code  Gb  zero_init3.o [3]
__low_level_init             0x195f    0x4  Code  Gb  low_level_init.o [2]
__vector_table                  0x0         Data  Gb  startup_MK60D10.o [1]
_call_main                   0x194d         Code  Gb  cmain.o [3]
_exit                        0x1969         Code  Gb  cexit.o [3]
_main                        0x195b         Code  Gb  cmain.o [3]
bus_clk                 0x1fff'0565    0x1  Data  Gb  MK60_PLL.o [1]
core_clk                0x1fff'0564    0x1  Data  Gb  MK60_PLL.o [1]
delay_ms                     0x1341    0xc  Code  Gb  MK60_SYSTICK.o [1]
delay_us                     0x131b   0x26  Code  Gb  MK60_SYSTICK.o [1]
exit                         0x1963    0x4  Code  Gb  exit.o [2]
get_current_time_ms          0x12e9   0x12  Code  Lc  MK60_SYSTICK.o [1]
get_current_time_us          0x12fb   0x20  Code  Lc  MK60_SYSTICK.o [1]
main                         0x1819   0x44  Code  Gb  main.o [1]
oled_asc2_1206                0x7c8  0x474  Data  Gb  OLED.o [1]
oled_asc2_1608                0xc3c  0x5f0  Data  Gb  OLED.o [1]
oled_show                    0x1691   0x46  Code  Gb  show.o [1]
systime                 0x1fff'0028   0x14  Data  Gb  MK60_SYSTICK.o [1]
systime_init                 0x12a1   0x3c  Code  Lc  MK60_SYSTICK.o [1]
timer                   0x1fff'0540   0x20  Data  Gb  MK60_SYSTICK.o [1]


[1] = C:\Users\Administrator\Desktop\线性CCD-K60Demo\Project\Debug\Obj
[2] = dl7M_tlf.a
[3] = rt7M_tl.a
[4] = shb_l.a

  7 016 bytes of readonly  code memory
     96 bytes of readonly  data memory
  9 576 bytes of readwrite data memory

Errors: none
Warnings: none
