<html>
<body>
<pre>
<h1>礦ision Build Log</h1>
<h2>Tool Versions:</h2>
IDE-Version: μVision V5.14.0.0
Copyright (C) 2015 ARM Ltd and ARM Germany GmbH. All rights reserved.
License Information: 11 11, 11, LIC=X96CK-ZX3RM-12ALE-5LIVX-C0LQ1-P8NPB
 
Tool Versions:
Toolchain:       MDK-ARM Standard  Version: 5.14.0.0
Toolchain Path:  C:\Keil_v5\ARM\ARMCC\Bin
C Compiler:      Armcc.exe V5.05 update 1 (build 106)
Assembler:       Armasm.exe V5.05 update 1 (build 106)
Linker/Locator:  ArmLink.exe V5.05 update 1 (build 106)
Library Manager: ArmAr.exe V5.05 update 1 (build 106)
Hex Converter:   FromElf.exe V5.05 update 1 (build 106)
CPU DLL:         SARMCM3.DLL V5.14.0.0
Dialog DLL:      DCM.DLL V1.13.1.0
Target DLL:      UL2CM3.DLL V1.155.0.0
Dialog DLL:      TCM.DLL V1.14.4.0
 
<h2>Project:</h2>
E:\钉钉下载\F4（CCD上位机）程序（2021.12.3） - 副本\USER\WHEELTEC.uvprojx
Project File Date:  12/04/2021

<h2>Output:</h2>
Rebuild target 'WHEELTEC'
compiling main.c...
compiling stm32f4xx_it.c...
compiling system_stm32f4xx.c...
compiling adc.c...
..\HARDWARE\adc.c(229): warning:  #940-D: missing return statement at end of non-void function "binToHex_low"
   }
..\HARDWARE\adc.c(279): warning:  #940-D: missing return statement at end of non-void function "binToHex_high"
   }
..\HARDWARE\adc.c: 2 warnings, 0 errors
compiling led.c...
compiling delay.c...
compiling sys.c...
compiling usart.c...
assembling startup_stm32f40_41xxx.s...
compiling misc.c...
compiling stm32f4xx_gpio.c...
compiling stm32f4xx_rcc.c...
compiling stm32f4xx_syscfg.c...
compiling stm32f4xx_usart.c...
compiling stm32f4xx_adc.c...
compiling stm32f4xx_tim.c...
compiling stm32f4xx_pwr.c...
compiling system.c...
compiling DataScope_DP.C...
linking...
Program Size: Code=3624 RO-data=424 RW-data=24 ZI-data=2088  
FromELF: creating hex file...
"..\OBJ\LED.axf" - 0 Error(s), 2 Warning(s).

<h2>Collection of Component include folders:</h2>
  E:\钉钉下载\F4（CCD上位机）程序（2021.12.3） - 副本\USER\RTE
  C:\Keil_v5\ARM\PACK\Keil\STM32F4xx_DFP\2.9.0

<h2>Collection of Component Files used:</h2>
</pre>
</body>
</html>
