<html>
<body>
<pre>
<h1>礦ision Build Log</h1>
<h2>Project:</h2>
D:\1.Work\线性CCD 电磁 红外等巡线\电磁巡线\高配版电磁巡线平衡小车(F1)\User\Minibalance.uvproj
Project File Date:  04/23/2017

<h2>Output:</h2>
Build target 'Minibalance'
compiling adc.c...
compiling control.c...
linking...
Program Size: Code=48786 RO-data=6598 RW-data=500 ZI-data=5028  
FromELF: creating hex file...
"..\OBJ\Minibalance.axf" - 0 Error(s), 0 Warning(s).
</pre>
</body>
</html>
r_M" is undefined
                        OLED_ShowNumber(40,0,Sensor_M,4,12);
..\MiniBalance\show\show.c(19): error:  #20: identifier "Sensor_R" is undefined
                        OLED_ShowNumber(80,0,Sensor_R,4,12);
..\MiniBalance\show\show.c: 0 warnings, 3 errors
"..\OBJ\Minibalance.axf" - 3 Error(s), 0 Warning(s).
Target not created
nsor_L" is undefined
        OLED_ShowNumber(0,0,Sensor_L,4,12);
..\MiniBalance\show\show.c(18): error:  #20: identifier "Sensor_M" is undefined
                        OLED_ShowNumber(40,0,Sensor_M,4,12);
..\MiniBalance\show\show.c(19): error:  #20: identifier "Sensor_R" is undefined
                        OLED_ShowNumber(80,0,Sensor_R,4,12);
..\MiniBalance\show\show.c: 0 warnings, 3 errors
"..\OBJ\Minibalance.axf" - 3 Error(s), 0 Warning(s).
Target not created
d
                        OLED_ShowNumber(40,0,Sensor_M,4,12);
..\MiniBalance\show\show.c(19): error:  #20: identifier "Sensor_R" is undefined
                        OLED_ShowNumber(80,0,Sensor_R,4,12);
..\MiniBalance\show\show.c: 0 warnings, 3 errors
"..\OBJ\Minibalance.axf" - 5 Error(s), 0 Warning(s).
Target not created
