Product: MDK-ARM Professional 5.10
Component: ARM Compiler 5.04 update 1 (build 49)
Tool: armlink [5040049]

==============================================================================

Section Cross References

    main.o(.text) refers to delay.o(.text) for delay_init
    main.o(.text) refers to usart.o(.text) for uart_init
    main.o(.text) refers to misc.o(.text) for NVIC_PriorityGroupConfig
    main.o(.text) refers to led.o(.text) for LED_Init
    main.o(.text) refers to key.o(.text) for KEY_Init
    main.o(.text) refers to oled.o(.text) for OLED_Init
    main.o(.text) refers to timer.o(.text) for TIM3_Cap_Init
    main.o(.text) refers to encoder.o(.text) for Encoder_Init_TIM2
    main.o(.text) refers to usartx.o(.text) for uart2_init
    main.o(.text) refers to ioi2c.o(.text) for IIC_Init
    main.o(.text) refers to mpu6050.o(.text) for MPU6050_initialize
    main.o(.text) refers to adc.o(.text) for Adc_Init
    main.o(.text) refers to can.o(.text) for CAN1_Mode_Init
    main.o(.text) refers to motor.o(.text) for MiniBalance_PWM_Init
    main.o(.text) refers to exti.o(.text) for MiniBalance_EXTI_Init
    main.o(.text) refers to stmflash.o(.text) for Flash_Write
    main.o(.text) refers to show.o(.text) for APP_Show
    main.o(.text) refers to main.o(.data) for Flash_Send
    system_stm32f4xx.o(.text) refers to system_stm32f4xx.o(.data) for SystemCoreClock
    startup_stm32f40_41xxx.o(STACK) refers (Special) to heapauxi.o(.text) for __use_two_region_memory
    startup_stm32f40_41xxx.o(HEAP) refers (Special) to heapauxi.o(.text) for __use_two_region_memory
    startup_stm32f40_41xxx.o(RESET) refers (Special) to heapauxi.o(.text) for __use_two_region_memory
    startup_stm32f40_41xxx.o(RESET) refers to startup_stm32f40_41xxx.o(STACK) for __initial_sp
    startup_stm32f40_41xxx.o(RESET) refers to startup_stm32f40_41xxx.o(.text) for Reset_Handler
    startup_stm32f40_41xxx.o(RESET) refers to stm32f4xx_it.o(.text) for NMI_Handler
    startup_stm32f40_41xxx.o(RESET) refers to can.o(.text) for CAN1_RX0_IRQHandler
    startup_stm32f40_41xxx.o(RESET) refers to encoder.o(.text) for TIM2_IRQHandler
    startup_stm32f40_41xxx.o(RESET) refers to timer.o(.text) for TIM3_IRQHandler
    startup_stm32f40_41xxx.o(RESET) refers to usart.o(.text) for USART1_IRQHandler
    startup_stm32f40_41xxx.o(RESET) refers to usartx.o(.text) for USART2_IRQHandler
    startup_stm32f40_41xxx.o(RESET) refers to control.o(.text) for EXTI15_10_IRQHandler
    startup_stm32f40_41xxx.o(.text) refers (Special) to heapauxi.o(.text) for __use_two_region_memory
    startup_stm32f40_41xxx.o(.text) refers to system_stm32f4xx.o(.text) for SystemInit
    startup_stm32f40_41xxx.o(.text) refers to __main.o(!!!main) for __main
    startup_stm32f40_41xxx.o(.text) refers to startup_stm32f40_41xxx.o(HEAP) for Heap_Mem
    startup_stm32f40_41xxx.o(.text) refers to startup_stm32f40_41xxx.o(STACK) for Stack_Mem
    stm32f4xx_adc.o(.text) refers to stm32f4xx_rcc.o(.text) for RCC_APB2PeriphResetCmd
    stm32f4xx_can.o(.text) refers to stm32f4xx_rcc.o(.text) for RCC_APB1PeriphResetCmd
    stm32f4xx_cryp.o(.text) refers to stm32f4xx_rcc.o(.text) for RCC_AHB2PeriphResetCmd
    stm32f4xx_cryp_aes.o(.text) refers to stm32f4xx_cryp.o(.text) for CRYP_KeyStructInit
    stm32f4xx_cryp_des.o(.text) refers to stm32f4xx_cryp.o(.text) for CRYP_KeyStructInit
    stm32f4xx_cryp_tdes.o(.text) refers to stm32f4xx_cryp.o(.text) for CRYP_KeyStructInit
    stm32f4xx_dac.o(.text) refers to stm32f4xx_rcc.o(.text) for RCC_APB1PeriphResetCmd
    stm32f4xx_dma2d.o(.text) refers to stm32f4xx_rcc.o(.text) for RCC_AHB1PeriphResetCmd
    stm32f4xx_fsmc.o(.text) refers to stm32f4xx_fsmc.o(.constdata) for FSMC_DefaultTimingStruct
    stm32f4xx_gpio.o(.text) refers to stm32f4xx_rcc.o(.text) for RCC_AHB1PeriphResetCmd
    stm32f4xx_hash.o(.text) refers to stm32f4xx_rcc.o(.text) for RCC_AHB2PeriphResetCmd
    stm32f4xx_hash_md5.o(.text) refers to stm32f4xx_hash.o(.text) for HASH_DeInit
    stm32f4xx_hash_sha1.o(.text) refers to stm32f4xx_hash.o(.text) for HASH_DeInit
    stm32f4xx_i2c.o(.text) refers to stm32f4xx_rcc.o(.text) for RCC_APB1PeriphResetCmd
    stm32f4xx_ltdc.o(.text) refers to stm32f4xx_rcc.o(.text) for RCC_APB2PeriphResetCmd
    stm32f4xx_pwr.o(.text) refers to stm32f4xx_rcc.o(.text) for RCC_APB1PeriphResetCmd
    stm32f4xx_rcc.o(.text) refers to stm32f4xx_rcc.o(.data) for APBAHBPrescTable
    stm32f4xx_rng.o(.text) refers to stm32f4xx_rcc.o(.text) for RCC_AHB2PeriphResetCmd
    stm32f4xx_sai.o(.text) refers to stm32f4xx_rcc.o(.text) for RCC_APB2PeriphResetCmd
    stm32f4xx_sdio.o(.text) refers to stm32f4xx_rcc.o(.text) for RCC_APB2PeriphResetCmd
    stm32f4xx_spi.o(.text) refers to stm32f4xx_rcc.o(.text) for RCC_APB2PeriphResetCmd
    stm32f4xx_syscfg.o(.text) refers to stm32f4xx_rcc.o(.text) for RCC_APB2PeriphResetCmd
    stm32f4xx_tim.o(.text) refers to stm32f4xx_rcc.o(.text) for RCC_APB2PeriphResetCmd
[...]
    ADC_DMACmd                               0x080008ef   Thumb Code    22  stm32f4xx_adc.o(.text)
    ADC_DMARequestAfterLastTransferCmd       0x08000905   Thumb Code    22  stm32f4xx_adc.o(.text)
    ADC_MultiModeDMARequestAfterLastTransferCmd 0x0800091b   Thumb Code    34  stm32f4xx_adc.o(.text)
    ADC_InjectedChannelConfig                0x0800093d   Thumb Code   130  stm32f4xx_adc.o(.text)
    ADC_InjectedSequencerLengthConfig        0x080009bf   Thumb Code    24  stm32f4xx_adc.o(.text)
    ADC_SetInjectedOffset                    0x080009d7   Thumb Code    20  stm32f4xx_adc.o(.text)
    ADC_ExternalTrigInjectedConvConfig       0x080009eb   Thumb Code    16  stm32f4xx_adc.o(.text)
    ADC_ExternalTrigInjectedConvEdgeConfig   0x080009fb   Thumb Code    16  stm32f4xx_adc.o(.text)
    ADC_SoftwareStartInjectedConv            0x08000a0b   Thumb Code    10  stm32f4xx_adc.o(.text)
    ADC_GetSoftwareStartInjectedConvCmdStatus 0x08000a15   Thumb Code    20  stm32f4xx_adc.o(.text)
    ADC_AutoInjectedConvCmd                  0x08000a29   Thumb Code    22  stm32f4xx_adc.o(.text)
    ADC_InjectedDiscModeCmd                  0x08000a3f   Thumb Code    22  stm32f4xx_adc.o(.text)
    ADC_GetInjectedConversionValue           0x08000a55   Thumb Code    28  stm32f4xx_adc.o(.text)
    ADC_ITConfig                             0x08000a71   Thumb Code    56  stm32f4xx_adc.o(.text)
    ADC_GetFlagStatus                        0x08000aa9   Thumb Code    18  stm32f4xx_adc.o(.text)
    ADC_ClearFlag                            0x08000abb   Thumb Code     6  stm32f4xx_adc.o(.text)
    ADC_GetITStatus                          0x08000ac1   Thumb Code    38  stm32f4xx_adc.o(.text)
    ADC_ClearITPendingBit                    0x08000ae7   Thumb Code    10  stm32f4xx_adc.o(.text)
    CAN_DeInit                               0x08000af1   Thumb Code    50  stm32f4xx_can.o(.text)
    CAN_Init                                 0x08000b23   Thumb Code   276  stm32f4xx_can.o(.text)
    CAN_FilterInit                           0x08000c37   Thumb Code   258  stm32f4xx_can.o(.text)
    CAN_StructInit                           0x08000d39   Thumb Code    32  stm32f4xx_can.o(.text)
    CAN_SlaveStartBank                       0x08000d59   Thumb Code    48  stm32f4xx_can.o(.text)
    CAN_DBGFreeze                            0x08000d89   Thumb Code    22  stm32f4xx_can.o(.text)
    CAN_TTComModeCmd                         0x08000d9f   Thumb Code   118  stm32f4xx_can.o(.text)
    CAN_Transmit                             0x08000e15   Thumb Code   304  stm32f4xx_can.o(.text)
    CAN_TransmitStatus                       0x08000f45   Thumb Code   138  stm32f4xx_can.o(.text)
    CAN_CancelTransmit                       0x08000fcf   Thumb Code    48  stm32f4xx_can.o(.text)
    CAN_Receive                              0x08000fff   Thumb Code   240  stm32f4xx_can.o(.text)
    CAN_FIFORelease                          0x080010ef   Thumb Code    22  stm32f4xx_can.o(.text)
    CAN_MessagePending                       0x08001105   Thumb Code    30  stm32f4xx_can.o(.text)
    CAN_OperatingModeRequest                 0x08001123   Thumb Code   162  stm32f4xx_can.o(.text)
    CAN_Sleep                                0x080011c5   Thumb Code    30  stm32f4xx_can.o(.text)
    CAN_WakeUp                               0x080011e3   Thumb Code    48  stm32f4xx_can.o(.text)
    CAN_GetLastErrorCode                     0x08001213   Thumb Code    12  stm32f4xx_can.o(.text)
    CAN_GetReceiveErrorCounter               0x0800121f   Thumb Code    10  stm32f4xx_can.o(.text)
    CAN_GetLSBTransmitErrorCounter           0x08001229   Thumb Code    12  stm32f4xx_can.o(.text)
    CAN_ITConfig                             0x08001235   Thumb Code    18  stm32f4xx_can.o(.text)
    CAN_GetFlagStatus                        0x08001247   Thumb Code   120  stm32f4xx_can.o(.text)
    CAN_ClearFlag                            0x080012bf   Thumb Code    52  stm32f4xx_can.o(.text)
    CAN_GetITStatus                          0x08001305   Thumb Code   310  stm32f4xx_can.o(.text)
    CAN_ClearITPendingBit                    0x0800143b   Thumb Code   162  stm32f4xx_can.o(.text)
    EXTI_DeInit                              0x080014e1   Thumb Code    28  stm32f4xx_exti.o(.text)
    EXTI_Init                                0x080014fd   Thumb Code   142  stm32f4xx_exti.o(.text)
    EXTI_StructInit                          0x0800158b   Thumb Code    16  stm32f4xx_exti.o(.text)
    EXTI_GenerateSWInterrupt                 0x0800159b   Thumb Code    16  stm32f4xx_exti.o(.text)
    EXTI_GetFlagStatus                       0x080015ab   Thumb Code    22  stm32f4xx_exti.o(.text)
    EXTI_ClearFlag                           0x080015c1   Thumb Code     8  stm32f4xx_exti.o(.text)
    EXTI_GetITStatus                         0x080015c9   Thumb Code    22  stm32f4xx_exti.o(.text)
    EXTI_ClearITPendingBit                   0x080015df   Thumb Code     8  stm32f4xx_exti.o(.text)
    FLASH_SetLatency                         0x080015f1   Thumb Code     6  stm32f4xx_flash.o(.text)
    FLASH_PrefetchBufferCmd                  0x080015f7   Thumb Code    30  stm32f4xx_flash.o(.text)
    FLASH_InstructionCacheCmd                0x08001615   Thumb Code    30  stm32f4xx_flash.o(.text)
    FLASH_DataCacheCmd                       0x08001633   Thumb Code    30  stm32f4xx_flash.o(.text)
    FLASH_InstructionCacheReset              0x08001651   Thumb Code    14  stm32f4xx_flash.o(.text)
    FLASH_DataCacheReset                     0x0800165f   Thumb Code    14  stm32f4xx_flash.o(.text)
    FLASH_Unlock                             0x0800166d   Thumb Code    26  stm32f4xx_flash.o(.text)
    FLASH_Lock                               0x08001687   Thumb Code    18  stm32f4xx_flash.o(.text)
    FLASH_GetStatus                          0x08001699   Thumb Code    90  stm32f4xx_flash.o(.text)
    FLASH_WaitForLastOperation               0x080016f3   Thumb Code    34  stm32f4xx_flash.o(.text)
    FLASH_EraseSector                        0x08001715   Thumb Code   140  stm32f4xx_flash.o(.text)
    FLASH_EraseAllSectors                    0x080017a1   Thumb Code   112  stm32f4xx_flash.o(.text)
    FLASH_EraseAllBank1Sectors               0x08001811   Thumb Code   112  stm32f4xx_flash.o(.text)
    FLASH_EraseAllBank2Sectors               0x08001881   Thumb Code   112  stm32f4xx_flash.o(.text)
    FLASH_ProgramDoubleWord                  0x080018f1   Thumb Code    86  stm32f4xx_flash.o(.text)
    FLASH_ProgramWord                        0x08001947   Thumb Code    82  stm32f4xx_flash.o(.text)
    FLASH_ProgramHalfWord                    0x08001999   Thumb Code    96  stm32f4xx_flash.o(.text)
    FLASH_ProgramByte                        0x080019f9   Thumb Code    70  stm32f4xx_flash.o(.text)
    FLASH_OB_Unlock                          0x08001a3f   Thumb Code    26  stm32f4xx_flash.o(.text)
    FLASH_OB_Lock                            0x08001a59   Thumb Code    18  stm32f4xx_flash.o(.text)
    FLASH_OB_WRPConfig                       0x08001a6b   Thumb Code    54  stm32f4xx_flash.o(.text)
    FLASH_OB_WRP1Config                      0x08001aa1   Thumb Code    54  stm32f4xx_flash.o(.text)
    FLASH_OB_PCROPSelectionConfig            0x08001ad7   Thumb Code    24  stm32f4xx_flash.o(.text)
    FLASH_OB_PCROPConfig                     0x08001aef   Thumb Code    54  stm32f4xx_flash.o(.text)
    FLASH_OB_PCROP1Config                    0x08001b25   Thumb Code    54  stm32f4xx_flash.o(.text)
    FLASH_OB_RDPConfig                       0x08001b5b   Thumb Code    24  stm32f4xx_flash.o(.text)
    FLASH_OB_UserConfig                      0x08001b73   Thumb Code    46  stm32f4xx_flash.o(.text)
    FLASH_OB_BootConfig                      0x08001ba1   Thumb Code    26  stm32f4xx_flash.o(.text)
    FLASH_OB_BORConfig                       0x08001bbb   Thumb Code    26  stm32f4xx_flash.o(.text)
    FLASH_OB_Launch                          0x08001bd5   Thumb Code    30  stm32f4xx_flash.o(.text)
    FLASH_OB_GetUser                         0x08001bf3   Thumb Code    12  stm32f4xx_flash.o(.text)
    FLASH_OB_GetWRP                          0x08001bff   Thumb Code     8  stm32f4xx_flash.o(.text)
    FLASH_OB_GetWRP1                         0x08001c07   Thumb Code     8  stm32f4xx_flash.o(.text)
    FLASH_OB_GetPCROP                        0x08001c0f   Thumb Code     8  stm32f4xx_flash.o(.text)
    FLASH_OB_GetPCROP1                       0x08001c17   Thumb Code     8  stm32f4xx_flash.o(.text)
    FLASH_OB_GetRDP                          0x08001c1f   Thumb Code    20  stm32f4xx_flash.o(.text)
    FLASH_OB_GetBOR                          0x08001c33   Thumb Code    12  stm32f4xx_flash.o(.text)
    FLASH_ITConfig                           0x08001c3f   Thumb Code    26  stm32f4xx_flash.o(.text)
    FLASH_GetFlagStatus                      0x08001c59   Thumb Code    22  stm32f4xx_flash.o(.text)
    FLASH_ClearFlag                          0x08001c6f   Thumb Code     8  stm32f4xx_flash.o(.text)
    GPIO_DeInit                              0x08001c85   Thumb Code   268  stm32f4xx_gpio.o(.text)
    GPIO_Init                                0x08001d91   Thumb Code   144  stm32f4xx_gpio.o(.text)
    GPIO_StructInit                          0x08001e21   Thumb Code    18  stm32f4xx_gpio.o(.text)
    GPIO_PinLockConfig                       0x08001e33   Thumb Code    34  stm32f4xx_gpio.o(.text)
    GPIO_ReadInputDataBit                    0x08001e55   Thumb Code    18  stm32f4xx_gpio.o(.text)
    GPIO_ReadInputData                       0x08001e67   Thumb Code     8  stm32f4xx_gpio.o(.text)
    GPIO_ReadOutputDataBit                   0x08001e6f   Thumb Code    18  stm32f4xx_gpio.o(.text)
    GPIO_ReadOutputData                      0x08001e81   Thumb Code     8  stm32f4xx_gpio.o(.text)
    GPIO_SetBits                             0x08001e89   Thumb Code     4  stm32f4xx_gpio.o(.text)
    GPIO_ResetBits                           0x08001e8d   Thumb Code     4  stm32f4xx_gpio.o(.text)
    GPIO_WriteBit                            0x08001e91   Thumb Code    10  stm32f4xx_gpio.o(.text)
    GPIO_Write                               0x08001e9b   Thumb Code     4  stm32f4xx_gpio.o(.text)
    GPIO_ToggleBits                          0x08001e9f   Thumb Code     8  stm32f4xx_gpio.o(.text)
    GPIO_PinAFConfig                         0x08001ea7   Thumb Code    70  stm32f4xx_gpio.o(.text)
    PWR_DeInit                               0x08001f19   Thumb Code    22  stm32f4xx_pwr.o(.text)
    PWR_BackupAccessCmd                      0x08001f2f   Thumb Code     6  stm32f4xx_pwr.o(.text)
    PWR_PVDLevelConfig                       0x08001f35   Thumb Code    18  stm32f4xx_pwr.o(.text)
    PWR_PVDCmd                               0x08001f47   Thumb Code     6  stm32f4xx_pwr.o(.text)
    PWR_WakeUpPinCmd                         0x08001f4d   Thumb Code     8  stm32f4xx_pwr.o(.text)
    PWR_BackupRegulatorCmd                   0x08001f55   Thumb Code     8  stm32f4xx_pwr.o(.text)
    PWR_MainRegulatorModeConfig              0x08001f5d   Thumb Code    18  stm32f4xx_pwr.o(.text)
    PWR_OverDriveCmd                         0x08001f6f   Thumb Code     6  stm32f4xx_pwr.o(.text)
    PWR_OverDriveSWCmd                       0x08001f75   Thumb Code     6  stm32f4xx_pwr.o(.text)
    PWR_UnderDriveCmd                        0x08001f7b   Thumb Code    30  stm32f4xx_pwr.o(.text)
    PWR_MainRegulatorLowVoltageCmd           0x08001f99   Thumb Code    18  stm32f4xx_pwr.o(.text)
    PWR_LowRegulatorLowVoltageCmd            0x08001fab   Thumb Code    18  stm32f4xx_pwr.o(.text)
    PWR_FlashPowerDownCmd                    0x08001fbd   Thumb Code     6  stm32f4xx_pwr.o(.text)
    PWR_EnterSTOPMode                        0x08001fc3   Thumb Code    58  stm32f4xx_pwr.o(.text)
    PWR_EnterUnderDriveSTOPMode              0x08001ffd   Thumb Code    58  stm32f4xx_pwr.o(.text)
    PWR_EnterSTANDBYMode                     0x08002037   Thumb Code    32  stm32f4xx_pwr.o(.text)
    PWR_GetFlagStatus                        0x08002057   Thumb Code    20  stm32f4xx_pwr.o(.text)
    PWR_ClearFlag                            0x0800206b   Thumb Code    14  stm32f4xx_pwr.o(.text)
    RCC_DeInit                               0x08002085   Thumb Code    82  stm32f4xx_rcc.o(.text)
    RCC_HSEConfig                            0x080020d7   Thumb Code    14  stm32f4xx_rcc.o(.text)
    RCC_GetFlagStatus                        0x080020e5   Thumb Code    60  stm32f4xx_rcc.o(.text)
    RCC_WaitForHSEStartUp                    0x08002121   Thumb Code    56  stm32f4xx_rcc.o(.text)
    RCC_AdjustHSICalibrationValue            0x08002159   Thumb Code    20  stm32f4xx_rcc.o(.text)
    RCC_HSICmd                               0x0800216d   Thumb Code     6  stm32f4xx_rcc.o(.text)
    RCC_LSEConfig                            0x08002173   Thumb Code    46  stm32f4xx_rcc.o(.text)
    RCC_LSICmd                               0x080021a1   Thumb Code     6  stm32f4xx_rcc.o(.text)
    RCC_PLLConfig                            0x080021a7   Thumb Code    32  stm32f4xx_rcc.o(.text)
    RCC_PLLCmd                               0x080021c7   Thumb Code     6  stm32f4xx_rcc.o(.text)
    RCC_PLLI2SConfig                         0x080021cd   Thumb Code    14  stm32f4xx_rcc.o(.text)
    RCC_PLLI2SCmd                            0x080021db   Thumb Code     6  stm32f4xx_rcc.o(.text)
    RCC_PLLSAIConfig                         0x080021e1   Thumb Code    20  stm32f4xx_rcc.o(.text)
    RCC_PLLSAICmd                            0x080021f5   Thumb Code     6  stm32f4xx_rcc.o(.text)
    RCC_ClockSecuritySystemCmd               0x080021fb   Thumb Code     6  stm32f4xx_rcc.o(.text)
    RCC_MCO1Config                           0x08002201   Thumb Code    28  stm32f4xx_rcc.o(.text)
    RCC_MCO2Config                           0x0800221d   Thumb Code    28  stm32f4xx_rcc.o(.text)
    RCC_SYSCLKConfig                         0x08002239   Thumb Code    20  stm32f4xx_rcc.o(.text)
    RCC_GetSYSCLKSource                      0x0800224d   Thumb Code    12  stm32f4xx_rcc.o(.text)
    RCC_HCLKConfig                           0x08002259   Thumb Code    20  stm32f4xx_rcc.o(.text)
    RCC_PCLK1Config                          0x0800226d   Thumb Code    20  stm32f4xx_rcc.o(.text)
    RCC_PCLK2Config                          0x08002281   Thumb Code    22  stm32f4xx_rcc.o(.text)
    RCC_GetClocksFreq                        0x08002297   Thumb Code   222  stm32f4xx_rcc.o(.text)
    RCC_RTCCLKConfig                         0x08002375   Thumb Code    54  stm32f4xx_rcc.o(.text)
    RCC_RTCCLKCmd                            0x080023ab   Thumb Code     8  stm32f4xx_rcc.o(.text)
    RCC_BackupResetCmd                       0x080023b3   Thumb Code     8  stm32f4xx_rcc.o(.text)
    RCC_I2SCLKConfig                         0x080023bb   Thumb Code     6  stm32f4xx_rcc.o(.text)
    RCC_SAIPLLI2SClkDivConfig                0x080023c1   Thumb Code    26  stm32f4xx_rcc.o(.text)
    RCC_SAIPLLSAIClkDivConfig                0x080023db   Thumb Code    28  stm32f4xx_rcc.o(.text)
    RCC_SAIBlockACLKConfig                   0x080023f7   Thumb Code    20  stm32f4xx_rcc.o(.text)
    RCC_SAIBlockBCLKConfig                   0x0800240b   Thumb Code    20  stm32f4xx_rcc.o(.text)
    RCC_LTDCCLKDivConfig                     0x0800241f   Thumb Code    20  stm32f4xx_rcc.o(.text)
    RCC_TIMCLKPresConfig                     0x08002433   Thumb Code     6  stm32f4xx_rcc.o(.text)
    RCC_AHB1PeriphClockCmd                   0x08002439   Thumb Code    34  stm32f4xx_rcc.o(.text)
    RCC_AHB2PeriphClockCmd                   0x0800245b   Thumb Code    78  stm32f4xx_rcc.o(.text)
    RCC_AHB3PeriphClockCmd                   0x080024a9   Thumb Code    34  stm32f4xx_rcc.o(.text)
    RCC_APB1PeriphClockCmd                   0x080024cb   Thumb Code    34  stm32f4xx_rcc.o(.text)
    RCC_APB2PeriphClockCmd                   0x080024ed   Thumb Code    34  stm32f4xx_rcc.o(.text)
    RCC_AHB1PeriphResetCmd                   0x0800250f   Thumb Code    34  stm32f4xx_rcc.o(.text)
    RCC_AHB2PeriphResetCmd                   0x08002531   Thumb Code    34  stm32f4xx_rcc.o(.text)
    RCC_AHB3PeriphResetCmd                   0x08002553   Thumb Code    34  stm32f4xx_rcc.o(.text)
    RCC_APB1PeriphResetCmd                   0x08002575   Thumb Code    34  stm32f4xx_rcc.o(.text)
    RCC_APB2PeriphResetCmd                   0x08002597   Thumb Code    34  stm32f4xx_rcc.o(.text)
    RCC_AHB1PeriphClockLPModeCmd             0x080025b9   Thumb Code    34  stm32f4xx_rcc.o(.text)
    RCC_AHB2PeriphClockLPModeCmd             0x080025db   Thumb Code    34  stm32f4xx_rcc.o(.text)
    RCC_AHB3PeriphClockLPModeCmd             0x080025fd   Thumb Code    34  stm32f4xx_rcc.o(.text)
    RCC_APB1PeriphClockLPModeCmd             0x0800261f   Thumb Code    34  stm32f4xx_rcc.o(.text)
    RCC_APB2PeriphClockLPModeCmd             0x08002641   Thumb Code    34  stm32f4xx_rcc.o(.text)
    RCC_LSEModeConfig                        0x08002663   Thumb Code    40  stm32f4xx_rcc.o(.text)
    RCC_ITConfig                             0x0800268b   Thumb Code    34  stm32f4xx_rcc.o(.text)
    RCC_ClearFlag                            0x080026ad   Thumb Code    18  stm32f4xx_rcc.o(.text)
    RCC_GetITStatus                          0x080026bf   Thumb Code    22  stm32f4xx_rcc.o(.text)
    RCC_ClearITPendingBit                    0x080026d5   Thumb Code     8  stm32f4xx_rcc.o(.text)
    SYSCFG_DeInit                            0x080026e1   Thumb Code    22  stm32f4xx_syscfg.o(.text)
    SYSCFG_MemoryRemapConfig                 0x080026f7   Thumb Code     6  stm32f4xx_syscfg.o(.text)
    SYSCFG_MemorySwappingBank                0x080026fd   Thumb Code     6  stm32f4xx_syscfg.o(.text)
    SYSCFG_EXTILineConfig                    0x08002703   Thumb Code    66  stm32f4xx_syscfg.o(.text)
    SYSCFG_ETH_MediaInterfaceConfig          0x08002745   Thumb Code     8  stm32f4xx_syscfg.o(.text)
    SYSCFG_CompensationCellCmd               0x0800274d   Thumb Code     6  stm32f4xx_syscfg.o(.text)
    SYSCFG_GetCompensationCellStatus         0x08002753   Thumb Code    22  stm32f4xx_syscfg.o(.text)
    TIM_DeInit                               0x08002775   Thumb Code   346  stm32f4xx_tim.o(.text)
    TIM_TimeBaseInit                         0x080028cf   Thumb Code   104  stm32f4xx_tim.o(.text)
    TIM_TimeBaseStructInit                   0x08002937   Thumb Code    18  stm32f4xx_tim.o(.text)
    TIM_PrescalerConfig                      0x08002949   Thumb Code     6  stm32f4xx_tim.o(.text)
    TIM_CounterModeConfig                    0x0800294f   Thumb Code    18  stm32f4xx_tim.o(.text)
    TIM_SetCounter                           0x08002961   Thumb Code     4  stm32f4xx_tim.o(.text)
    TIM_SetAutoreload                        0x08002965   Thumb Code     4  stm32f4xx_tim.o(.text)
    TIM_GetCounter                           0x08002969   Thumb Code     6  stm32f4xx_tim.o(.text)
    TIM_GetPrescaler                         0x0800296f   Thumb Code     6  stm32f4xx_tim.o(.text)
    TIM_UpdateDisableConfig                  0x08002975   Thumb Code    24  stm32f4xx_tim.o(.text)
    TIM_UpdateRequestConfig                  0x0800298d   Thumb Code    24  stm32f4xx_tim.o(.text)
    TIM_ARRPreloadConfig                     0x080029a5   Thumb Code    24  stm32f4xx_tim.o(.text)
    TIM_SelectOnePulseMode                   0x080029bd   Thumb Code    18  stm32f4xx_tim.o(.text)
    TIM_SetClockDivision                     0x080029cf   Thumb Code    18  stm32f4xx_tim.o(.text)
    TIM_Cmd                                  0x080029e1   Thumb Code    24  stm32f4xx_tim.o(.text)
    TIM_OC1Init                              0x080029f9   Thumb Code   114  stm32f4xx_tim.o(.text)
    TIM_OC2Init                              0x08002a6b   Thumb Code   154  stm32f4xx_tim.o(.text)
    TIM_OC3Init                              0x08002b05   Thumb Code   204  stm32f4xx_tim.o(.text)
    TIM_OC4Init                              0x08002bd1   Thumb Code   112  stm32f4xx_tim.o(.text)
    TIM_OCStructInit                         0x08002c41   Thumb Code    20  stm32f4xx_tim.o(.text)
    TIM_SelectOCxM                           0x08002c55   Thumb Code    86  stm32f4xx_tim.o(.text)
    TIM_SetCompare1                          0x08002cab   Thumb Code     4  stm32f4xx_tim.o(.text)
    TIM_SetCompare2                          0x08002caf   Thumb Code     4  stm32f4xx_tim.o(.text)
    TIM_SetCompare3                          0x08002cb3   Thumb Code     4  stm32f4xx_tim.o(.text)
    TIM_SetCompare4                          0x08002cb7   Thumb Code     4  stm32f4xx_tim.o(.text)
    TIM_ForcedOC1Config                      0x08002cbb   Thumb Code    18  stm32f4xx_tim.o(.text)
    TIM_ForcedOC2Config                      0x08002ccd   Thumb Code    26  stm32f4xx_tim.o(.text)
    TIM_ForcedOC3Config                      0x08002ce7   Thumb Code    18  stm32f4xx_tim.o(.text)
    TIM_ForcedOC4Config                      0x08002cf9   Thumb Code    26  stm32f4xx_tim.o(.text)
    TIM_OC1PreloadConfig                     0x08002d13   Thumb Code    18  stm32f4xx_tim.o(.text)
    TIM_OC2PreloadConfig                     0x08002d25   Thumb Code    26  stm32f4xx_tim.o(.text)
    TIM_OC3PreloadConfig                     0x08002d3f   Thumb Code    18  stm32f4xx_tim.o(.text)
    TIM_OC4PreloadConfig                     0x08002d51   Thumb Code    26  stm32f4xx_tim.o(.text)
    TIM_OC1FastConfig                        0x08002d6b   Thumb Code    18  stm32f4xx_tim.o(.text)
    TIM_OC2FastConfig                        0x08002d7d   Thumb Code    26  stm32f4xx_tim.o(.text)
    TIM_OC3FastConfig                        0x08002d97   Thumb Code    18  stm32f4xx_tim.o(.text)
    TIM_OC4FastConfig                        0x08002da9   Thumb Code    26  stm32f4xx_tim.o(.text)
    TIM_ClearOC1Ref                          0x08002dc3   Thumb Code    18  stm32f4xx_tim.o(.text)
    TIM_ClearOC2Ref                          0x08002dd5   Thumb Code    24  stm32f4xx_tim.o(.text)
    TIM_ClearOC3Ref                          0x08002ded   Thumb Code    18  stm32f4xx_tim.o(.text)
    TIM_ClearOC4Ref                          0x08002dff   Thumb Code    24  stm32f4xx_tim.o(.text)
    TIM_OC1PolarityConfig                    0x08002e17   Thumb Code    18  stm32f4xx_tim.o(.text)
    TIM_OC1NPolarityConfig                   0x08002e29   Thumb Code    18  stm32f4xx_tim.o(.text)
    TIM_OC2PolarityConfig                    0x08002e3b   Thumb Code    26  stm32f4xx_tim.o(.text)
    TIM_OC2NPolarityConfig                   0x08002e55   Thumb Code    26  stm32f4xx_tim.o(.text)
    TIM_OC3PolarityConfig                    0x08002e6f   Thumb Code    26  stm32f4xx_tim.o(.text)
    TIM_OC3NPolarityConfig                   0x08002e89   Thumb Code    26  stm32f4xx_tim.o(.text)
    TIM_OC4PolarityConfig                    0x08002ea3   Thumb Code    26  stm32f4xx_tim.o(.text)
    TIM_CCxCmd                               0x08002ebd   Thumb Code    30  stm32f4xx_tim.o(.text)
    TIM_CCxNCmd                              0x08002edb   Thumb Code    30  stm32f4xx_tim.o(.text)
    TIM_SetIC4Prescaler                      0x08002ef9   Thumb Code    26  stm32f4xx_tim.o(.text)
    TIM_SetIC3Prescaler                      0x08002f63   Thumb Code    18  stm32f4xx_tim.o(.text)
    TIM_SetIC2Prescaler                      0x08002fbd   Thumb Code    26  stm32f4xx_tim.o(.text)
    TIM_SetIC1Prescaler                      0x08003031   Thumb Code    18  stm32f4xx_tim.o(.text)
    TIM_ICInit                               0x0800307d   Thumb Code   110  stm32f4xx_tim.o(.text)
    TIM_ICStructInit                         0x080030eb   Thumb Code    18  stm32f4xx_tim.o(.text)
    TIM_PWMIConfig                           0x080030fd   Thumb Code   124  stm32f4xx_tim.o(.text)
    TIM_GetCapture1                          0x08003179   Thumb Code     6  stm32f4xx_tim.o(.text)
    TIM_GetCapture2                          0x0800317f   Thumb Code     6  stm32f4xx_tim.o(.text)
    TIM_GetCapture3                          0x08003185   Thumb Code     6  stm32f4xx_tim.o(.text)
    TIM_GetCapture4                          0x0800318b   Thumb Code     6  stm32f4xx_tim.o(.text)
    TIM_BDTRConfig                           0x08003191   Thumb Code    32  stm32f4xx_tim.o(.text)
    TIM_BDTRStructInit                       0x080031b1   Thumb Code    18  stm32f4xx_tim.o(.text)
    TIM_CtrlPWMOutputs                       0x080031c3   Thumb Code    30  stm32f4xx_tim.o(.text)
    TIM_SelectCOM                            0x080031e1   Thumb Code    24  stm32f4xx_tim.o(.text)
    TIM_CCPreloadControl                     0x080031f9   Thumb Code    24  stm32f4xx_tim.o(.text)
    TIM_ITConfig                             0x08003211   Thumb Code    18  stm32f4xx_tim.o(.text)
    TIM_GenerateEvent                        0x08003223   Thumb Code     4  stm32f4xx_tim.o(.text)
    TIM_GetFlagStatus                        0x08003227   Thumb Code    18  stm32f4xx_tim.o(.text)
    TIM_ClearFlag                            0x08003239   Thumb Code     6  stm32f4xx_tim.o(.text)
    TIM_GetITStatus                          0x0800323f   Thumb Code    34  stm32f4xx_tim.o(.text)
    TIM_ClearITPendingBit                    0x08003261   Thumb Code     6  stm32f4xx_tim.o(.text)
    TIM_DMAConfig                            0x08003267   Thumb Code    10  stm32f4xx_tim.o(.text)
    TIM_DMACmd                               0x08003271   Thumb Code    18  stm32f4xx_tim.o(.text)
    TIM_SelectCCDMA                          0x08003283   Thumb Code    24  stm32f4xx_tim.o(.text)
    TIM_InternalClockConfig                  0x0800329b   Thumb Code    12  stm32f4xx_tim.o(.text)
    TIM_SelectInputTrigger                   0x080032a7   Thumb Code    18  stm32f4xx_tim.o(.text)
    TIM_ITRxExternalClockConfig              0x080032b9   Thumb Code    24  stm32f4xx_tim.o(.text)
    TIM_TIxExternalClockConfig               0x080032d1   Thumb Code    62  stm32f4xx_tim.o(.text)
    TIM_ETRConfig                            0x0800330f   Thumb Code    28  stm32f4xx_tim.o(.text)
    TIM_ETRClockMode1Config                  0x0800332b   Thumb Code    54  stm32f4xx_tim.o(.text)
    TIM_ETRClockMode2Config                  0x08003361   Thumb Code    32  stm32f4xx_tim.o(.text)
    TIM_SelectOutputTrigger                  0x08003381   Thumb Code    18  stm32f4xx_tim.o(.text)
    TIM_SelectSlaveMode                      0x08003393   Thumb Code    18  stm32f4xx_tim.o(.text)
    TIM_SelectMasterSlaveMode                0x080033a5   Thumb Code    18  stm32f4xx_tim.o(.text)
    TIM_EncoderInterfaceConfig               0x080033b7   Thumb Code    66  stm32f4xx_tim.o(.text)
    TIM_SelectHallSensor                     0x080033f9   Thumb Code    24  stm32f4xx_tim.o(.text)
    TIM_RemapConfig                          0x08003411   Thumb Code     6  stm32f4xx_tim.o(.text)
    USART_DeInit                             0x08003419   Thumb Code   206  stm32f4xx_usart.o(.text)
    USART_Init                               0x080034e7   Thumb Code   204  stm32f4xx_usart.o(.text)
    USART_StructInit                         0x080035b3   Thumb Code    24  stm32f4xx_usart.o(.text)
    USART_ClockInit                          0x080035cb   Thumb Code    32  stm32f4xx_usart.o(.text)
    USART_ClockStructInit                    0x080035eb   Thumb Code    12  stm32f4xx_usart.o(.text)
    USART_Cmd                                0x080035f7   Thumb Code    24  stm32f4xx_usart.o(.text)
    USART_SetPrescaler                       0x0800360f   Thumb Code    16  stm32f4xx_usart.o(.text)
    USART_OverSampling8Cmd                   0x0800361f   Thumb Code    22  stm32f4xx_usart.o(.text)
    USART_OneBitMethodCmd                    0x08003635   Thumb Code    24  stm32f4xx_usart.o(.text)
    USART_SendData                           0x0800364d   Thumb Code     8  stm32f4xx_usart.o(.text)
    USART_ReceiveData                        0x08003655   Thumb Code    10  stm32f4xx_usart.o(.text)
    USART_SetAddress                         0x0800365f   Thumb Code    18  stm32f4xx_usart.o(.text)
    USART_ReceiverWakeUpCmd                  0x08003671   Thumb Code    24  stm32f4xx_usart.o(.text)
    USART_WakeUpConfig                       0x08003689   Thumb Code    18  stm32f4xx_usart.o(.text)
    USART_LINBreakDetectLengthConfig         0x0800369b   Thumb Code    18  stm32f4xx_usart.o(.text)
    USART_LINCmd                             0x080036ad   Thumb Code    24  stm32f4xx_usart.o(.text)
    USART_SendBreak                          0x080036c5   Thumb Code    10  stm32f4xx_usart.o(.text)
    USART_HalfDuplexCmd                      0x080036cf   Thumb Code    24  stm32f4xx_usart.o(.text)
    USART_SetGuardTime                       0x080036e7   Thumb Code    16  stm32f4xx_usart.o(.text)
    USART_SmartCardCmd                       0x080036f7   Thumb Code    24  stm32f4xx_usart.o(.text)
    USART_SmartCardNACKCmd                   0x0800370f   Thumb Code    24  stm32f4xx_usart.o(.text)
    USART_IrDAConfig                         0x08003727   Thumb Code    18  stm32f4xx_usart.o(.text)
    USART_IrDACmd                            0x08003739   Thumb Code    24  stm32f4xx_usart.o(.text)
    USART_DMACmd                             0x08003751   Thumb Code    18  stm32f4xx_usart.o(.text)
    USART_ITConfig                           0x08003763   Thumb Code    74  stm32f4xx_usart.o(.text)
    USART_GetFlagStatus                      0x080037ad   Thumb Code    26  stm32f4xx_usart.o(.text)
    USART_ClearFlag                          0x080037c7   Thumb Code    18  stm32f4xx_usart.o(.text)
    USART_GetITStatus                        0x080037d9   Thumb Code   118  stm32f4xx_usart.o(.text)
    USART_ClearITPendingBit                  0x0800384f   Thumb Code    30  stm32f4xx_usart.o(.text)
    delay_init                               0x0800386d   Thumb Code    52  delay.o(.text)
    delay_us                                 0x080038a1   Thumb Code    72  delay.o(.text)
    delay_xms                                0x080038e9   Thumb Code    72  delay.o(.text)
    delay_ms                                 0x08003931   Thumb Code    56  delay.o(.text)
    _sys_exit                                0x08003971   Thumb Code     6  usart.o(.text)
    fputc                                    0x08003977   Thumb Code    52  usart.o(.text)
    uart_init                                0x080039ab   Thumb Code   124  usart.o(.text)
    USART1_IRQHandler                        0x08003a27   Thumb Code     2  usart.o(.text)
    Adc_Init                                 0x08003a39   Thumb Code   124  adc.o(.text)
    Get_Adc                                  0x08003ab5   Thumb Code    44  adc.o(.text)
    Get_battery_volt                         0x08003ae1   Thumb Code   100  adc.o(.text)
    Encoder_Init_TIM2                        0x08003b6d   Thumb Code   176  encoder.o(.text)
    Encoder_Init_TIM4                        0x08003c1d   Thumb Code   172  encoder.o(.text)
    Read_Encoder                             0x08003cc9   Thumb Code    74  encoder.o(.text)
    TIM4_IRQHandler                          0x08003d13   Thumb Code    24  encoder.o(.text)
    TIM2_IRQHandler                          0x08003d2b   Thumb Code    24  encoder.o(.text)
    MiniBalance_EXTI_Init                    0x08003d55   Thumb Code   120  exti.o(.text)
    KEY_Init                                 0x08003dd1   Thumb Code    44  key.o(.text)
    click_N_Double                           0x08003dfd   Thumb Code   184  key.o(.text)
    click                                    0x08003eb5   Thumb Code    38  key.o(.text)
    Long_Press                               0x08003edb   Thumb Code    72  key.o(.text)
    LED_Init                                 0x08003f4d   Thumb Code    60  led.o(.text)
    Led_Flash                                0x08003f89   Thumb Code    44  led.o(.text)
    MiniBalance_Motor_Init                   0x08003fc5   Thumb Code   104  motor.o(.text)
    MiniBalance_PWM_Init                     0x0800402d   Thumb Code   188  motor.o(.text)
    OLED_WR_Byte                             0x080040f5   Thumb Code    82  oled.o(.text)
    OLED_Refresh_Gram                        0x08004147   Thumb Code    70  oled.o(.text)
    OLED_Display_On                          0x0800418d   Thumb Code    28  oled.o(.text)
    OLED_Display_Off                         0x080041a9   Thumb Code    28  oled.o(.text)
    OLED_Clear                               0x080041c5   Thumb Code    42  oled.o(.text)
    OLED_DrawPoint                           0x080041ef   Thumb Code   100  oled.o(.text)
    OLED_ShowChar                            0x08004253   Thumb Code   158  oled.o(.text)
    oled_pow                                 0x080042f1   Thumb Code    22  oled.o(.text)
    OLED_ShowNumber                          0x08004307   Thumb Code   148  oled.o(.text)
    OLED_ShowString                          0x0800439b   Thumb Code    68  oled.o(.text)
    OLED_Init                                0x080043df   Thumb Code   340  oled.o(.text)
    IIC_Init                                 0x08004535   Thumb Code    62  ioi2c.o(.text)
    IIC_Start                                0x08004573   Thumb Code    90  ioi2c.o(.text)
    IIC_Stop                                 0x080045cd   Thumb Code    60  ioi2c.o(.text)
    IIC_Wait_Ack                             0x08004609   Thumb Code    88  ioi2c.o(.text)
    IIC_Ack                                  0x08004661   Thumb Code    64  ioi2c.o(.text)
    IIC_NAck                                 0x080046a1   Thumb Code    62  ioi2c.o(.text)
    IIC_Send_Byte                            0x080046df   Thumb Code    88  ioi2c.o(.text)
    i2cWrite                                 0x08004737   Thumb Code    96  ioi2c.o(.text)
    IIC_Read_Byte                            0x08004797   Thumb Code    94  ioi2c.o(.text)
    i2cRead                                  0x080047f5   Thumb Code   118  ioi2c.o(.text)
    I2C_ReadOneByte                          0x0800486b   Thumb Code    70  ioi2c.o(.text)
    IICreadBytes                             0x080048b1   Thumb Code   100  ioi2c.o(.text)
    IICwriteBytes                            0x08004915   Thumb Code    84  ioi2c.o(.text)
    IICreadByte                              0x08004969   Thumb Code    22  ioi2c.o(.text)
    IICwriteByte                             0x0800497f   Thumb Code    20  ioi2c.o(.text)
    IICwriteBits                             0x08004993   Thumb Code   106  ioi2c.o(.text)
    IICwriteBit                              0x080049fd   Thumb Code    64  ioi2c.o(.text)
    uart2_init                               0x08004a3d   Thumb Code   162  usartx.o(.text)
    USART2_IRQHandler                        0x08004adf   Thumb Code  1102  usartx.o(.text)
    STMFLASH_ReadWord                        0x08004f51   Thumb Code     6  stmflash.o(.text)
    STMFLASH_GetFlashSector                  0x08004f57   Thumb Code   116  stmflash.o(.text)
    STMFLASH_Write                           0x08004fcb   Thumb Code   146  stmflash.o(.text)
    STMFLASH_Read                            0x0800505d   Thumb Code    32  stmflash.o(.text)
    Flash_Read                               0x0800507d   Thumb Code   196  stmflash.o(.text)
    Flash_Write                              0x08005141   Thumb Code   110  stmflash.o(.text)
    TIM3_Cap_Init                            0x0800520d   Thumb Code   210  timer.o(.text)
    Read_Distane                             0x080052df   Thumb Code    94  timer.o(.text)
    TIM3_IRQHandler                          0x0800533d   Thumb Code   194  timer.o(.text)
    TIM8_Cap_Init                            0x080053ff   Thumb Code   218  timer.o(.text)
    TIM8_CC_IRQHandler                       0x080054d9   Thumb Code   296  timer.o(.text)
    TIM8_UP_TIM13_IRQHandler                 0x08005601   Thumb Code    12  timer.o(.text)
    CAN1_Mode_Init                           0x08005659   Thumb Code   474  can.o(.text)
    CAN1_Tx_Msg                              0x08005833   Thumb Code   296  can.o(.text)
    CAN1_Tx_Staus                            0x0800595b   Thumb Code   144  can.o(.text)
    CAN1_Msg_Pend                            0x080059eb   Thumb Code    36  can.o(.text)
    CAN1_Rx_Msg                              0x08005a0f   Thumb Code   244  can.o(.text)
    CAN1_RX0_IRQHandler                      0x08005b03   Thumb Code   234  can.o(.text)
    CAN1_Send_Msg                            0x08005bed   Thumb Code    66  can.o(.text)
    CAN1_Receive_Msg                         0x08005c2f   Thumb Code    66  can.o(.text)
    CAN1_Send_MsgTEST                        0x08005c71   Thumb Code    66  can.o(.text)
    CAN1_Send_Num                            0x08005cb3   Thumb Code    64  can.o(.text)
    CAN1_SEND                                0x08005cf3   Thumb Code     2  can.o(.text)
    Key                                      0x08005d19   Thumb Code    78  control.o(.text)
    myabs                                    0x08005d67   Thumb Code    14  control.o(.text)
    Set_Pwm                                  0x08005d75   Thumb Code   164  control.o(.text)
    Turn_Off                                 0x08005e19   Thumb Code    96  control.o(.text)
    Put_Down                                 0x08005e79   Thumb Code   146  control.o(.text)
    Pick_Up                                  0x08005f0b   Thumb Code   224  control.o(.text)
    Xianfu_Pwm                               0x08005feb   Thumb Code    62  control.o(.text)
    turn                                     0x08006029   Thumb Code   554  control.o(.text)
    velocity                                 0x08006253   Thumb Code   562  control.o(.text)
    balance                                  0x08006485   Thumb Code    44  control.o(.text)
    Get_Angle                                0x080064b1   Thumb Code   676  control.o(.text)
    Get_MC6                                  0x08006755   Thumb Code   414  control.o(.text)
    EXTI15_10_IRQHandler                     0x080068f3   Thumb Code   592  control.o(.text)
    Float2Byte                               0x08006b69   Thumb Code    28  datascope_dp.o(.text)
    DataScope_Get_Channel_Data               0x08006b85   Thumb Code   162  datascope_dp.o(.text)
    DataScope_Data_Generate                  0x08006c27   Thumb Code   148  datascope_dp.o(.text)
    Kalman_Filter                            0x08006cc1   Thumb Code   580  filter.o(.text)
    Yijielvbo                                0x08006f05   Thumb Code    50  filter.o(.text)
    oled_show                                0x08006f89   Thumb Code   616  show.o(.text)
    APP_Show                                 0x080071f1   Thumb Code   330  show.o(.text)
    DataScope                                0x0800733b   Thumb Code   424  show.o(.text)
    MPU6050_newValues                        0x0800760b   Thumb Code   494  mpu6050.o(.text)
    MPU6050_setClockSource                   0x080077f9   Thumb Code    20  mpu6050.o(.text)
    MPU6050_setFullScaleGyroRange            0x0800780d   Thumb Code    20  mpu6050.o(.text)
    MPU6050_setFullScaleAccelRange           0x08007821   Thumb Code    20  mpu6050.o(.text)
    MPU6050_setSleepEnabled                  0x08007835   Thumb Code    18  mpu6050.o(.text)
    MPU6050_getDeviceID                      0x08007847   Thumb Code    20  mpu6050.o(.text)
    MPU6050_testConnection                   0x0800785b   Thumb Code    18  mpu6050.o(.text)
    MPU6050_setI2CMasterModeEnabled          0x0800786d   Thumb Code    18  mpu6050.o(.text)
    MPU6050_setI2CBypassEnabled              0x0800787f   Thumb Code    18  mpu6050.o(.text)
    MPU6050_initialize                       0x08007891   Thumb Code    40  mpu6050.o(.text)
    DMP_Init                                 0x080078b9   Thumb Code   210  mpu6050.o(.text)
    Read_DMP                                 0x0800798b   Thumb Code   842  mpu6050.o(.text)
    Read_Temperature                         0x08007cd5   Thumb Code   108  mpu6050.o(.text)
    mpu_reg_dump                             0x08007dfb   Thumb Code    72  inv_mpu.o(.text)
    mpu_read_reg                             0x08007e43   Thumb Code    66  inv_mpu.o(.text)
    mpu_set_int_latched                      0x08007e85   Thumb Code   102  inv_mpu.o(.text)
    mpu_set_sensors                          0x08007eeb   Thumb Code   202  inv_mpu.o(.text)
    mpu_set_bypass                           0x08007fb5   Thumb Code   328  inv_mpu.o(.text)
    mpu_reset_fifo                           0x080080fd   Thumb Code   444  inv_mpu.o(.text)
    mpu_configure_fifo                       0x080082b9   Thumb Code   106  inv_mpu.o(.text)
    mpu_set_lpf                              0x08008323   Thumb Code   126  inv_mpu.o(.text)
    mpu_lp_accel_mode                        0x080083a1   Thumb Code   218  inv_mpu.o(.text)
    mpu_set_sample_rate                      0x0800847b   Thumb Code   152  inv_mpu.o(.text)
    mpu_set_accel_fsr                        0x08008513   Thumb Code   132  inv_mpu.o(.text)
    mpu_set_gyro_fsr                         0x08008597   Thumb Code   132  inv_mpu.o(.text)
    mpu_init                                 0x0800861b   Thumb Code   416  inv_mpu.o(.text)
    myget_ms                                 0x080087bb   Thumb Code     2  inv_mpu.o(.text)
    mpu_get_gyro_reg                         0x080087bd   Thumb Code   110  inv_mpu.o(.text)
    mpu_get_accel_reg                        0x0800882b   Thumb Code   110  inv_mpu.o(.text)
    mpu_get_temperature                      0x08008899   Thumb Code   142  inv_mpu.o(.text)
    mpu_set_accel_bias                       0x08008927   Thumb Code   472  inv_mpu.o(.text)
    mpu_get_gyro_fsr                         0x08008aff   Thumb Code    64  inv_mpu.o(.text)
    mpu_get_accel_fsr                        0x08008b3f   Thumb Code    72  inv_mpu.o(.text)
    mpu_get_lpf                              0x08008b87   Thumb Code    74  inv_mpu.o(.text)
    mpu_get_sample_rate                      0x08008bd1   Thumb Code    26  inv_mpu.o(.text)
    mpu_get_compass_sample_rate              0x08008beb   Thumb Code    10  inv_mpu.o(.text)
    mpu_set_compass_sample_rate              0x08008bf5   Thumb Code     8  inv_mpu.o(.text)
    mpu_get_gyro_sens                        0x08008bfd   Thumb Code    74  inv_mpu.o(.text)
    mpu_get_accel_sens                       0x08008c47   Thumb Code    78  inv_mpu.o(.text)
    mpu_get_fifo_config                      0x08008c95   Thumb Code    12  inv_mpu.o(.text)
    mpu_get_power_state                      0x08008ca1   Thumb Code    22  inv_mpu.o(.text)
    mpu_get_int_status                       0x08008cb7   Thumb Code    64  inv_mpu.o(.text)
    mpu_read_fifo                            0x08008cf7   Thumb Code   520  inv_mpu.o(.text)
    mpu_read_fifo_stream                     0x08008eff   Thumb Code   186  inv_mpu.o(.text)
    mpu_set_int_level                        0x08008fb9   Thumb Code    12  inv_mpu.o(.text)
    mpu_set_dmp_state                        0x080096c9   Thumb Code   138  inv_mpu.o(.text)
    mpu_run_self_test                        0x08009753   Thumb Code   278  inv_mpu.o(.text)
    mpu_write_mem                            0x08009869   Thumb Code   122  inv_mpu.o(.text)
    mpu_read_mem                             0x080098e3   Thumb Code   122  inv_mpu.o(.text)
    mpu_load_firmware                        0x0800995d   Thumb Code   190  inv_mpu.o(.text)
    mpu_get_dmp_state                        0x08009a1b   Thumb Code    14  inv_mpu.o(.text)
    mpu_get_compass_reg                      0x08009a29   Thumb Code     8  inv_mpu.o(.text)
    mpu_get_compass_fsr                      0x08009a31   Thumb Code     8  inv_mpu.o(.text)
    mpu_lp_motion_interrupt                  0x08009a39   Thumb Code   512  inv_mpu.o(.text)
    dmp_load_motion_driver_firmware          0x08009c3d   Thumb Code    20  inv_mpu_dmp_motion_driver.o(.text)
    dmp_set_orientation                      0x08009c51   Thumb Code   290  inv_mpu_dmp_motion_driver.o(.text)
    dmp_set_gyro_bias                        0x08009d73   Thumb Code   294  inv_mpu_dmp_motion_driver.o(.text)
    dmp_set_accel_bias                       0x08009e99   Thumb Code   300  inv_mpu_dmp_motion_driver.o(.text)
    dmp_set_fifo_rate                        0x08009fc5   Thumb Code   136  inv_mpu_dmp_motion_driver.o(.text)
    dmp_get_fifo_rate                        0x0800a04d   Thumb Code    12  inv_mpu_dmp_motion_driver.o(.text)
    dmp_set_tap_thresh                       0x0800a059   Thumb Code   412  inv_mpu_dmp_motion_driver.o(.text)
    dmp_set_tap_axes                         0x0800a1f5   Thumb Code    70  inv_mpu_dmp_motion_driver.o(.text)
    dmp_set_tap_count                        0x0800a23b   Thumb Code    38  inv_mpu_dmp_motion_driver.o(.text)
    dmp_set_tap_time                         0x0800a261   Thumb Code    38  inv_mpu_dmp_motion_driver.o(.text)
    dmp_set_tap_time_multi                   0x0800a287   Thumb Code    38  inv_mpu_dmp_motion_driver.o(.text)
    dmp_set_shake_reject_thresh              0x0800a2ad   Thumb Code    56  inv_mpu_dmp_motion_driver.o(.text)
    dmp_set_shake_reject_time                0x0800a2e5   Thumb Code    38  inv_mpu_dmp_motion_driver.o(.text)
    dmp_set_shake_reject_timeout             0x0800a30b   Thumb Code    38  inv_mpu_dmp_motion_driver.o(.text)
    dmp_get_pedometer_step_count             0x0800a331   Thumb Code    66  inv_mpu_dmp_motion_driver.o(.text)
    dmp_set_pedometer_step_count             0x0800a373   Thumb Code    42  inv_mpu_dmp_motion_driver.o(.text)
    dmp_get_pedometer_walk_time              0x0800a39d   Thumb Code    72  inv_mpu_dmp_motion_driver.o(.text)
    dmp_set_pedometer_walk_time              0x0800a3e5   Thumb Code    48  inv_mpu_dmp_motion_driver.o(.text)
    dmp_enable_6x_lp_quat                    0x0800a415   Thumb Code   100  inv_mpu_dmp_motion_driver.o(.text)
    dmp_enable_lp_quat                       0x0800a479   Thumb Code    60  inv_mpu_dmp_motion_driver.o(.text)
    dmp_enable_gyro_cal                      0x0800a4b5   Thumb Code    62  inv_mpu_dmp_motion_driver.o(.text)
    dmp_enable_feature                       0x0800a4f3   Thumb Code   530  inv_mpu_dmp_motion_driver.o(.text)
    dmp_get_enabled_features                 0x0800a705   Thumb Code    12  inv_mpu_dmp_motion_driver.o(.text)
    dmp_set_interrupt_mode                   0x0800a76f   Thumb Code    66  inv_mpu_dmp_motion_driver.o(.text)
    dmp_read_fifo                            0x0800a7b1   Thumb Code   514  inv_mpu_dmp_motion_driver.o(.text)
    dmp_register_tap_cb                      0x0800a9b3   Thumb Code    10  inv_mpu_dmp_motion_driver.o(.text)
    dmp_register_android_orient_cb           0x0800a9bd   Thumb Code    10  inv_mpu_dmp_motion_driver.o(.text)
    __use_no_semihosting                     0x0800a9cd   Thumb Code     2  use_no_semi_2.o(.text)
    __aeabi_ldivmod                          0x0800a9cf   Thumb Code     0  llsdiv.o(.text)
    _ll_sdiv                                 0x0800a9cf   Thumb Code    72  llsdiv.o(.text)
    __2printf                                0x0800aa19   Thumb Code    20  noretval__2printf.o(.text)
    __printf                                 0x0800aa31   Thumb Code   104  __printf.o(.text)
    _printf_int_dec                          0x0800aa99   Thumb Code   100  _printf_dec.o(.text)
    memcmp                                   0x0800ab0d   Thumb Code    88  memcmp.o(.text)
    __aeabi_memset                           0x0800ab65   Thumb Code    16  aeabi_memset.o(.text)
    __aeabi_memclr                           0x0800ab75   Thumb Code     0  rt_memclr.o(.text)
    __rt_memclr                              0x0800ab75   Thumb Code    68  rt_memclr.o(.text)
    _memset                                  0x0800ab79   Thumb Code     0  rt_memclr.o(.text)
    __use_two_region_memory                  0x0800abb9   Thumb Code     2  heapauxi.o(.text)
    __rt_heap_escrow$2region                 0x0800abbb   Thumb Code     2  heapauxi.o(.text)
    __rt_heap_expand$2region                 0x0800abbd   Thumb Code     2  heapauxi.o(.text)
    __I$use$semihosting                      0x0800abbf   Thumb Code     0  use_no_semi.o(.text)
    __use_no_semihosting_swi                 0x0800abbf   Thumb Code     2  use_no_semi.o(.text)
    __aeabi_uldivmod                         0x0800abc1   Thumb Code     0  lludivv7m.o(.text)
    _ll_udiv                                 0x0800abc1   Thumb Code   238  lludivv7m.o(.text)
    __read_errno                             0x0800acaf   Thumb Code    10  _rserrno.o(.text)
    __set_errno                              0x0800acb9   Thumb Code    12  _rserrno.o(.text)
    _printf_int_common                       0x0800acc5   Thumb Code   178  _printf_intcommon.o(.text)
    _printf_char_file                        0x0800ad79   Thumb Code    32  _printf_char_file.o(.text)
    __aeabi_memclr4                          0x0800ad9d   Thumb Code     0  rt_memclr_w.o(.text)
    __aeabi_memclr8                          0x0800ad9d   Thumb Code     0  rt_memclr_w.o(.text)
    __rt_memclr_w                            0x0800ad9d   Thumb Code    78  rt_memclr_w.o(.text)
    _memset_w                                0x0800ada1   Thumb Code     0  rt_memclr_w.o(.text)
    __aeabi_errno_addr                       0x0800aded   Thumb Code     8  rt_errno_addr_intlibspace.o(.text)
    __errno$intlibspace                      0x0800aded   Thumb Code     0  rt_errno_addr_intlibspace.o(.text)
    __rt_errno_addr$intlibspace              0x0800aded   Thumb Code     0  rt_errno_addr_intlibspace.o(.text)
    _printf_char_common                      0x0800adff   Thumb Code    32  _printf_char_common.o(.text)
    ferror                                   0x0800ae25   Thumb Code     8  ferror.o(.text)
    __user_libspace                          0x0800ae2d   Thumb Code     8  libspace.o(.text)
    __user_perproc_libspace                  0x0800ae2d   Thumb Code     0  libspace.o(.text)
    __user_perthread_libspace                0x0800ae2d   Thumb Code     0  libspace.o(.text)
    __user_setup_stackheap                   0x0800ae35   Thumb Code    74  sys_stackheap_outer.o(.text)
    exit                                     0x0800ae7f   Thumb Code    12  exit.o(.text)
    __ARM_fpclassify                         0x0800ae8b   Thumb Code    48  fpclassify.o(i.__ARM_fpclassify)
    __hardfp_asin                            0x0800aec1   Thumb Code   770  asin.o(i.__hardfp_asin)
    __hardfp_atan                            0x0800b231   Thumb Code   632  atan.o(i.__hardfp_atan)
    __hardfp_atan2                           0x0800b511   Thumb Code   426  atan2.o(i.__hardfp_atan2)
    __hardfp_pow                             0x0800b701   Thumb Code  3048  pow.o(i.__hardfp_pow)
    __kernel_poly                            0x0800c339   Thumb Code   248  poly.o(i.__kernel_poly)
    __mathlib_dbl_underflow                  0x0800c431   Thumb Code    24  dunder.o(i.__mathlib_dbl_underflow)
    atan                                     0x0800c451   Thumb Code    16  atan.o(i.atan)
    fabs                                     0x0800c461   Thumb Code    24  fabs.o(i.fabs)
    sqrt                                     0x0800c479   Thumb Code   110  sqrt.o(i.sqrt)
    __aeabi_dneg                             0x0800c4e7   Thumb Code     0  basic.o(x$fpl$basic)
    _dneg                                    0x0800c4e7   Thumb Code     6  basic.o(x$fpl$basic)
    __aeabi_fneg                             0x0800c4ed   Thumb Code     0  basic.o(x$fpl$basic)
    _fneg                                    0x0800c4ed   Thumb Code     6  basic.o(x$fpl$basic)
    _dabs                                    0x0800c4f3   Thumb Code     6  basic.o(x$fpl$basic)
    _fabs                                    0x0800c4f9   Thumb Code     6  basic.o(x$fpl$basic)
    __aeabi_d2f                              0x0800c501   Thumb Code     0  d2f.o(x$fpl$d2f)
    _d2f                                     0x0800c501   Thumb Code    98  d2f.o(x$fpl$d2f)
    __aeabi_dadd                             0x0800c565   Thumb Code     0  daddsub_clz.o(x$fpl$dadd)
    _dadd                                    0x0800c565   Thumb Code   332  daddsub_clz.o(x$fpl$dadd)
    __fpl_dcheck_NaN1                        0x0800c6b5   Thumb Code    10  dcheck1.o(x$fpl$dcheck1)
    __fpl_dcmp_Inf                           0x0800c6c5   Thumb Code    24  dcmpi.o(x$fpl$dcmpinf)
    __aeabi_ddiv                             0x0800c6dd   Thumb Code     0  ddiv.o(x$fpl$ddiv)
    _ddiv                                    0x0800c6dd   Thumb Code   552  ddiv.o(x$fpl$ddiv)
    __aeabi_d2iz                             0x0800c98d   Thumb Code     0  dfix.o(x$fpl$dfix)
    _dfix                                    0x0800c98d   Thumb Code    94  dfix.o(x$fpl$dfix)
    __aeabi_d2uiz                            0x0800c9ed   Thumb Code     0  dfixu.o(x$fpl$dfixu)
    _dfixu                                   0x0800c9ed   Thumb Code    90  dfixu.o(x$fpl$dfixu)
    __aeabi_i2d                              0x0800ca47   Thumb Code     0  dflt_clz.o(x$fpl$dflt)
    _dflt                                    0x0800ca47   Thumb Code    46  dflt_clz.o(x$fpl$dflt)
    __aeabi_ui2d                             0x0800ca75   Thumb Code     0  dflt_clz.o(x$fpl$dfltu)
    _dfltu                                   0x0800ca75   Thumb Code    38  dflt_clz.o(x$fpl$dfltu)
    __aeabi_cdcmple                          0x0800ca9d   Thumb Code     0  dleqf.o(x$fpl$dleqf)
    _dcmple                                  0x0800ca9d   Thumb Code   120  dleqf.o(x$fpl$dleqf)
    __fpl_dcmple_InfNaN                      0x0800caff   Thumb Code     0  dleqf.o(x$fpl$dleqf)
    __aeabi_dmul                             0x0800cb15   Thumb Code     0  dmul.o(x$fpl$dmul)
    _dmul                                    0x0800cb15   Thumb Code   332  dmul.o(x$fpl$dmul)
    __fpl_dnaninf                            0x0800cc69   Thumb Code   156  dnaninf.o(x$fpl$dnaninf)
    __fpl_dretinf                            0x0800cd05   Thumb Code    12  dretinf.o(x$fpl$dretinf)
    __aeabi_cdrcmple                         0x0800cd11   Thumb Code     0  drleqf.o(x$fpl$drleqf)
    _drcmple                                 0x0800cd11   Thumb Code   108  drleqf.o(x$fpl$drleqf)
    __aeabi_drsub                            0x0800cd7d   Thumb Code     0  daddsub_clz.o(x$fpl$drsb)
    _drsb                                    0x0800cd7d   Thumb Code    22  daddsub_clz.o(x$fpl$drsb)
    _dsqrt                                   0x0800cd95   Thumb Code   404  dsqrt_umaal.o(x$fpl$dsqrt)
    __aeabi_dsub                             0x0800cf2d   Thumb Code     0  daddsub_clz.o(x$fpl$dsub)
    _dsub                                    0x0800cf2d   Thumb Code   464  daddsub_clz.o(x$fpl$dsub)
    __aeabi_f2d                              0x0800d101   Thumb Code     0  f2d.o(x$fpl$f2d)
    _f2d                                     0x0800d101   Thumb Code    86  f2d.o(x$fpl$f2d)
    __fpl_fnaninf                            0x0800d157   Thumb Code   140  fnaninf.o(x$fpl$fnaninf)
    _fp_init                                 0x0800d1e3   Thumb Code    10  fpinit.o(x$fpl$fpinit)
    __fplib_config_fpu_vfp                   0x0800d1eb   Thumb Code     0  fpinit.o(x$fpl$fpinit)
    __fplib_config_pureend_doubles           0x0800d1eb   Thumb Code     0  fpinit.o(x$fpl$fpinit)
    __fpl_fretinf                            0x0800d1ed   Thumb Code    10  fretinf.o(x$fpl$fretinf)
    __fpl_return_NaN                         0x0800d1f7   Thumb Code   100  retnan.o(x$fpl$retnan)
    __ARM_scalbn                             0x0800d25b   Thumb Code    92  scalbn.o(x$fpl$scalbn)
    __fpl_cmpreturn                          0x0800d2b7   Thumb Code    48  trapv.o(x$fpl$trapveneer)
    __I$use$fp                               0x0800d2e6   Number         0  usenofp.o(x$fpl$usenofp)
    oled_asc2_1206                           0x0800d2e6   Data        1140  oled.o(.constdata)
    oled_asc2_1608                           0x0800d75a   Data        1520  oled.o(.constdata)
    hw                                       0x0800dd4c   Data          12  inv_mpu.o(.constdata)
    reg                                      0x0800dd58   Data          27  inv_mpu.o(.constdata)
    test                                     0x0800dd74   Data          40  inv_mpu.o(.constdata)
    __mathlib_zero                           0x0800eb08   Data           8  qnan.o(.constdata)
    Region$$Table$$Base                      0x0800eb60   Number         0  anon$$obj.o(Region$$Table)
    Region$$Table$$Limit                     0x0800eb80   Number         0  anon$$obj.o(Region$$Table)
    Way_Angle                                0x20000000   Data           1  main.o(.data)
    Flag_Qian                                0x20000001   Data           1  main.o(.data)
    Flag_Hou                                 0x20000002   Data           1  main.o(.data)
    Flag_Left                                0x20000003   Data           1  main.o(.data)
    Flag_Right                               0x20000004   Data           1  main.o(.data)
    Flag_sudu                                0x20000005   Data           1  main.o(.data)
    Flag_Stop                                0x20000006   Data           1  main.o(.data)
    Flag_Show                                0x20000007   Data           1  main.o(.data)
    Flag_Hover                               0x20000008   Data           1  main.o(.data)
    Encoder_Left                             0x2000000c   Data           4  main.o(.data)
    Encoder_Right                            0x20000010   Data           4  main.o(.data)
    Moto1                                    0x20000014   Data           4  main.o(.data)
    Moto2                                    0x20000018   Data           4  main.o(.data)
    Temperature                              0x2000001c   Data           4  main.o(.data)
    Voltage                                  0x20000020   Data           4  main.o(.data)
    Angle_Balance                            0x20000024   Data           4  main.o(.data)
    Gyro_Balance                             0x20000028   Data           4  main.o(.data)
    Gyro_Turn                                0x2000002c   Data           4  main.o(.data)
    Show_Data_Mb                             0x20000030   Data           4  main.o(.data)
    Distance                                 0x20000034   Data           4  main.o(.data)
    delay_50                                 0x20000038   Data           1  main.o(.data)
    delay_flag                               0x20000039   Data           1  main.o(.data)
    Bi_zhang                                 0x2000003a   Data           1  main.o(.data)
    PID_Send                                 0x2000003b   Data           1  main.o(.data)
    Flash_Send                               0x2000003c   Data           1  main.o(.data)
    Acceleration_Z                           0x20000040   Data           4  main.o(.data)
    Balance_Kp                               0x20000044   Data           4  main.o(.data)
    Balance_Kd                               0x20000048   Data           4  main.o(.data)
    Velocity_Kp                              0x2000004c   Data           4  main.o(.data)
    Velocity_Ki                              0x20000050   Data           4  main.o(.data)
    Zhongzhi                                 0x20000054   Data           4  main.o(.data)
    Remoter_Ch1                              0x20000058   Data           4  main.o(.data)
    Remoter_Ch2                              0x2000005c   Data           4  main.o(.data)
    SystemCoreClock                          0x20000060   Data           4  system_stm32f4xx.o(.data)
    AHBPrescTable                            0x20000064   Data          16  system_stm32f4xx.o(.data)
    __stdout                                 0x20000088   Data           4  usart.o(.data)
    Usart2_Receive                           0x200000a0   Data           1  usartx.o(.data)
    TIM3CH3_CAPTURE_STA                      0x200000b0   Data           2  timer.o(.data)
    TIM3CH3_CAPTURE_VAL                      0x200000b2   Data           2  timer.o(.data)
    TIM8CH1_CAPTURE_STA                      0x200000b4   Data           1  timer.o(.data)
    TIM8CH1_CAPTURE_UPVAL                    0x200000b6   Data           2  timer.o(.data)
    TIM8CH1_CAPTURE_DOWNVAL                  0x200000b8   Data           2  timer.o(.data)
    TIM8CH2_CAPTURE_STA                      0x200000ba   Data           1  timer.o(.data)
    TIM8CH2_CAPTURE_UPVAL                    0x200000bc   Data           2  timer.o(.data)
    TIM8CH2_CAPTURE_DOWNVAL                  0x200000be   Data           2  timer.o(.data)
    TIM8CH3_CAPTURE_STA                      0x200000c0   Data           1  timer.o(.data)
    TIM8CH3_CAPTURE_UPVAL                    0x200000c2   Data           2  timer.o(.data)
    TIM8CH3_CAPTURE_DOWNVAL                  0x200000c4   Data           2  timer.o(.data)
    TIM8CH4_CAPTURE_STA                      0x200000c6   Data           1  timer.o(.data)
    TIM8CH4_CAPTURE_UPVAL                    0x200000c8   Data           2  timer.o(.data)
    TIM8CH4_CAPTURE_DOWNVAL                  0x200000ca   Data           2  timer.o(.data)
    TIM8_T1                                  0x200000cc   Data           4  timer.o(.data)
    TIM8_T2                                  0x200000d0   Data           4  timer.o(.data)
    TIM8_T3                                  0x200000d4   Data           4  timer.o(.data)
    TIM8_T4                                  0x200000d8   Data           4  timer.o(.data)
    Balance_Pwm                              0x200000dc   Data           4  control.o(.data)
    Velocity_Pwm                             0x200000e0   Data           4  control.o(.data)
    Turn_Pwm                                 0x200000e4   Data           4  control.o(.data)
    Flag_Target                              0x200000e8   Data           1  control.o(.data)
    Flash_R_Count                            0x200000ec   Data           4  control.o(.data)
    Voltage_Temp                             0x200000f0   Data           4  control.o(.data)
    Voltage_Count                            0x200000f4   Data           4  control.o(.data)
    Voltage_All                              0x200000f8   Data           4  control.o(.data)
    K1                                       0x20000134   Data           4  filter.o(.data)
    angle                                    0x20000138   Data           4  filter.o(.data)
    angle_dot                                0x2000013c   Data           4  filter.o(.data)
    Q_angle                                  0x20000140   Data           4  filter.o(.data)
    Q_gyro                                   0x20000144   Data           4  filter.o(.data)
    R_angle                                  0x20000148   Data           4  filter.o(.data)
    dt                                       0x2000014c   Data           4  filter.o(.data)
    C_0                                      0x20000150   Data           1  filter.o(.data)
    Q_bias                                   0x20000154   Data           4  filter.o(.data)
    Angle_err                                0x20000158   Data           4  filter.o(.data)
    PCt_0                                    0x2000015c   Data           4  filter.o(.data)
    PCt_1                                    0x20000160   Data           4  filter.o(.data)
    E                                        0x20000164   Data           4  filter.o(.data)
    K_0                                      0x20000168   Data           4  filter.o(.data)
    K_1                                      0x2000016c   Data           4  filter.o(.data)
    t_0                                      0x20000170   Data           4  filter.o(.data)
    t_1                                      0x20000174   Data           4  filter.o(.data)
    PP                                       0x20000178   Data          16  filter.o(.data)
    i                                        0x20000188   Data           1  show.o(.data)
    Send_Count                               0x20000189   Data           1  show.o(.data)
    Vol                                      0x2000018c   Data           4  show.o(.data)
    gyro                                     0x20000194   Data           6  mpu6050.o(.data)
    accel                                    0x2000019a   Data           6  mpu6050.o(.data)
    sensors                                  0x200001a0   Data           2  mpu6050.o(.data)
    Pitch                                    0x200001a4   Data           4  mpu6050.o(.data)
    Roll                                     0x200001a8   Data           4  mpu6050.o(.data)
    q0                                       0x200001ac   Data           4  mpu6050.o(.data)
    q1                                       0x200001b0   Data           4  mpu6050.o(.data)
    q2                                       0x200001b4   Data           4  mpu6050.o(.data)
    q3                                       0x200001b8   Data           4  mpu6050.o(.data)
    Gx_offset                                0x200001c6   Data           2  mpu6050.o(.data)
    Gy_offset                                0x200001c8   Data           2  mpu6050.o(.data)
    Gz_offset                                0x200001ca   Data           2  mpu6050.o(.data)
    PID_Parameter                            0x200001f8   Data          20  main.o(.bss)
    Flash_Parameter                          0x2000020c   Data          20  main.o(.bss)
    OLED_GRAM                                0x20000220   Data        1024  oled.o(.bss)
    DataScope_OutPut_Buffer                  0x20000652   Data          42  datascope_dp.o(.bss)
    Pdot                                     0x2000067c   Data          16  filter.o(.bss)
    buffer                                   0x2000068c   Data          14  mpu6050.o(.bss)
    MPU6050_FIFO                             0x2000069a   Data         132  mpu6050.o(.bss)
    __libspace_start                         0x20000730   Data          96  libspace.o(.bss)
    __temporary_stack_top$libspace           0x20000790   Data           0  libspace.o(.bss)



==============================================================================

Memory Map of the image

  Image Entry point : 0x08000189

  Load Region LR_IROM1 (Base: 0x08000000, Size: 0x0000ed78, Max: 0x00100000, ABSOLUTE, COMPRESSED[0x0000ebec])

    Execution Region ER_IROM1 (Base: 0x08000000, Size: 0x0000eb80, Max: 0x00100000, ABSOLUTE)

    Base Addr    Size         Type   Attr      Idx    E Section Name        Object

    0x08000000   0x00000188   Data   RO          375    RESET               startup_stm32f40_41xxx.o
    0x08000188   0x00000008   Code   RO         1971  * !!!main             c_w.l(__main.o)
    0x08000190   0x00000034   Code   RO         2295    !!!scatter          c_w.l(__scatter.o)
    0x080001c4   0x0000005a   Code   RO         2293    !!dczerorl2         c_w.l(__dczerorl2.o)
    0x0800021e   0x00000002   PAD
    0x08000220   0x0000001c   Code   RO         2297    !!handler_zi        c_w.l(__scatter_zi.o)
    0x0800023c   0x00000000   Code   RO         1962    .ARM.Collect$$_printf_percent$$00000000  c_w.l(_printf_percent.o)
    0x0800023c   0x00000006   Code   RO         1961    .ARM.Collect$$_printf_percent$$00000009  c_w.l(_printf_d.o)
    0x08000242   0x00000004   Code   RO         2054    .ARM.Collect$$_printf_percent$$00000017  c_w.l(_printf_percent_end.o)
    0x08000246   0x00000002   Code   RO         2163    .ARM.Collect$$libinit$$00000000  c_w.l(libinit.o)
    0x08000248   0x00000004   Code   RO         2174    .ARM.Collect$$libinit$$00000001  c_w.l(libinit2.o)
    0x0800024c   0x00000000   Code   RO         2178    .ARM.Collect$$libinit$$00000008  c_w.l(libinit2.o)
    0x0800024c   0x00000000   Code   RO         2180    .ARM.Collect$$libinit$$0000000A  c_w.l(libinit2.o)
    0x0800024c   0x00000000   Code   RO         2182    .ARM.Collect$$libinit$$0000000C  c_w.l(libinit2.o)
    0x0800024c   0x00000000   Code   RO         2185    .ARM.Collect$$libinit$$0000000F  c_w.l(libinit2.o)
    0x0800024c   0x00000000   Code   RO         2187    .ARM.Collect$$libinit$$00000011  c_w.l(libinit2.o)
    0x0800024c   0x00000000   Code   RO         2189    .ARM.Collect$$libinit$$00000013  c_w.l(libinit2.o)
    0x0800024c   0x00000000   Code   RO         2191    .ARM.Collect$$libinit$$00000015  c_w.l(libinit2.o)
    0x0800024c   0x00000000   Code   RO         2193    .ARM.Collect$$libinit$$00000017  c_w.l(libinit2.o)
    0x0800024c   0x00000000   Code   RO         2195    .ARM.Collect$$libinit$$00000019  c_w.l(libinit2.o)
    0x0800024c   0x00000000   Code   RO         2197    .ARM.Collect$$libinit$$0000001B  c_w.l(libinit2.o)
    0x0800024c   0x00000000   Code   RO         2199    .ARM.Collect$$libinit$$0000001D  c_w.l(libinit2.o)
    0x0800024c   0x00000000   Code   RO         2201    .ARM.Collect$$libinit$$0000001F  c_w.l(libinit2.o)
    0x0800024c   0x00000000   Code   RO         2203    .ARM.Collect$$libinit$$00000021  c_w.l(libinit2.o)
    0x0800024c   0x00000000   Code   RO         2205    .ARM.Collect$$libinit$$00000023  c_w.l(libinit2.o)
    0x0800024c   0x00000000   Code   RO         2209    .ARM.Collect$$libinit$$0000002A  c_w.l(libinit2.o)
    0x0800024c   0x00000000   Code   RO         2211    .ARM.Collect$$libinit$$0000002C  c_w.l(libinit2.o)
    0x0800024c   0x00000000   Code   RO         2213    .ARM.Collect$$libinit$$0000002E  c_w.l(libinit2.o)
    0x0800024c   0x00000000   Code   RO         2215    .ARM.Collect$$libinit$$00000030  c_w.l(libinit2.o)
    0x0800024c   0x00000002   Code   RO         2216    .ARM.Collect$$libinit$$00000031  c_w.l(libinit2.o)
    0x0800024e   0x00000002   Code   RO         2246    .ARM.Collect$$libshutdown$$00000000  c_w.l(libshutdown.o)
    0x08000250   0x00000000   Code   RO         2261    .ARM.Collect$$libshutdown$$00000003  c_w.l(libshutdown2.o)
    0x08000250   0x00000000   Code   RO         2264    .ARM.Collect$$libshutdown$$00000006  c_w.l(libshutdown2.o)
    0x08000250   0x00000000   Code   RO         2267    .ARM.Collect$$libshutdown$$00000009  c_w.l(libshutdown2.o)
    0x08000250   0x00000000   Code   RO         2269    .ARM.Collect$$libshutdown$$0000000B  c_w.l(libshutdown2.o)
    0x08000250   0x00000000   Code   RO         2272    .ARM.Collect$$libshutdown$$0000000E  c_w.l(libshutdown2.o)
    0x08000250   0x00000002   Code   RO         2273    .ARM.Collect$$libshutdown$$0000000F  c_w.l(libshutdown2.o)
    0x08000252   0x00000000   Code   RO         2045    .ARM.Collect$$rtentry$$00000000  c_w.l(rtentry.o)
    0x08000252   0x00000000   Code   RO         2112    .ARM.Collect$$rtentry$$00000002  c_w.l(rtentry2.o)
    0x08000252   0x00000006   Code   RO         2124    .ARM.Collect$$rtentry$$00000004  c_w.l(rtentry4.o)
    0x08000258   0x00000000   Code   RO         2114    .ARM.Collect$$rtentry$$00000009  c_w.l(rtentry2.o)
    0x08000258   0x00000004   Code   RO         2115    .ARM.Collect$$rtentry$$0000000A  c_w.l(rtentry2.o)
    0x0800025c   0x00000000   Code   RO         2117    .ARM.Collect$$rtentry$$0000000C  c_w.l(rtentry2.o)
    0x0800025c   0x00000008   Code   RO         2118    .ARM.Collect$$rtentry$$0000000D  c_w.l(rtentry2.o)
    0x08000264   0x00000002   Code   RO         2168    .ARM.Collect$$rtexit$$00000000  c_w.l(rtexit.o)
    0x08000266   0x00000000   Code   RO         2220    .ARM.Collect$$rtexit$$00000002  c_w.l(rtexit2.o)
    0x08000266   0x00000004   Code   RO         2221    .ARM.Collect$$rtexit$$00000003  c_w.l(rtexit2.o)
    0x0800026a   0x00000006   Code   RO         2222    .ARM.Collect$$rtexit$$00000004  c_w.l(rtexit2.o)
    0x08000270   0x000000d0   Code   RO            3    .text               main.o
    0x08000340   0x0000001a   Code   RO          225    .text               stm32f4xx_it.o
    0x0800035a   0x00000002   PAD
    0x0800035c   0x00000210   Code   RO          349    .text               system_stm32f4xx.o
    0x0800056c   0x00000040   Code   RO          376    .text               startup_stm32f40_41xxx.o
    0x080005ac   0x000000e0   Code   RO          382    .text               misc.o
    0x0800068c   0x00000464   Code   RO          428    .text               stm32f4xx_adc.o
    0x08000af0   0x000009f0   Code   RO          448    .text               stm32f4xx_can.o
    0x080014e0   0x00000110   Code   RO          671    .text               stm32f4xx_exti.o
    0x080015f0   0x00000694   Code   RO          691    .text               stm32f4xx_flash.o
    0x08001c84   0x00000294   Code   RO          757    .text               stm32f4xx_gpio.o
    0x08001f18   0x0000016c   Code   RO          900    .text               stm32f4xx_pwr.o
    0x08002084   0x0000065c   Code   RO          920    .text               stm32f4xx_rcc.o
    0x080026e0   0x00000094   Code   RO         1045    .text               stm32f4xx_syscfg.o
    0x08002774   0x00000ca2   Code   RO         1065    .text               stm32f4xx_tim.o
    0x08003416   0x00000002   PAD
    0x08003418   0x00000454   Code   RO         1085    .text               stm32f4xx_usart.o
    0x0800386c   0x00000104   Code   RO         1125    .text               delay.o
    0x08003970   0x000000c8   Code   RO         1242    .text               usart.o
    0x08003a38   0x00000134   Code   RO         1269    .text               adc.o
    0x08003b6c   0x000001e8   Code   RO         1289    .text               encoder.o
    0x08003d54   0x0000007c   Code   RO         1309    .text               exti.o
    0x08003dd0   0x0000017c   Code   RO         1332    .text               key.o
    0x08003f4c   0x00000078   Code   RO         1353    .text               led.o
    0x08003fc4   0x00000130   Code   RO         1374    .text               motor.o
    0x080040f4   0x0000043e   Code   RO         1394    .text               oled.o
    0x08004532   0x00000002   PAD
    0x08004534   0x00000508   Code   RO         1421    .text               ioi2c.o
    0x08004a3c   0x00000514   Code   RO         1441    .text               usartx.o
    0x08004f50   0x000002bc   Code   RO         1468    .text               stmflash.o
    0x0800520c   0x0000044c   Code   RO         1531    .text               timer.o
    0x08005658   0x000006c0   Code   RO         1554    .text               can.o
    0x08005d18   0x00000e50   Code   RO         1574    .text               control.o
    0x08006b68   0x00000158   Code   RO         1780    .text               datascope_dp.o
    0x08006cc0   0x000002c8   Code   RO         1798    .text               filter.o
    0x08006f88   0x00000570   Code   RO         1819    .text               show.o
    0x080074f8   0x00000878   Code   RO         1842    .text               mpu6050.o
    0x08007d70   0x00001ecc   Code   RO         1874    .text               inv_mpu.o
    0x08009c3c   0x00000d90   Code   RO         1906    .text               inv_mpu_dmp_motion_driver.o
    0x0800a9cc   0x00000002   Code   RO         1929    .text               c_w.l(use_no_semi_2.o)
    0x0800a9ce   0x00000048   Code   RO         1931    .text               c_w.l(llsdiv.o)
    0x0800aa16   0x00000002   PAD
    0x0800aa18   0x00000018   Code   RO         1935    .text               c_w.l(noretval__2printf.o)
    0x0800aa30   0x00000068   Code   RO         1937    .text               c_w.l(__printf.o)
    0x0800aa98   0x00000074   Code   RO         1939    .text               c_w.l(_printf_dec.o)
    0x0800ab0c   0x00000058   Code   RO         1963    .text               c_w.l(memcmp.o)
    0x0800ab64   0x00000010   Code   RO         1965    .text               c_w.l(aeabi_memset.o)
    0x0800ab74   0x00000044   Code   RO         1967    .text               c_w.l(rt_memclr.o)
    0x0800abb8   0x00000006   Code   RO         1969    .text               c_w.l(heapauxi.o)
    0x0800abbe   0x00000002   Code   RO         2043    .text               c_w.l(use_no_semi.o)
    0x0800abc0   0x000000ee   Code   RO         2046    .text               c_w.l(lludivv7m.o)
    0x0800acae   0x00000016   Code   RO         2048    .text               c_w.l(_rserrno.o)
    0x0800acc4   0x000000b2   Code   RO         2050    .text               c_w.l(_printf_intcommon.o)
    0x0800ad76   0x00000002   PAD
    0x0800ad78   0x00000024   Code   RO         2052    .text               c_w.l(_printf_char_file.o)
    0x0800ad9c   0x0000004e   Code   RO         2055    .text               c_w.l(rt_memclr_w.o)
    0x0800adea   0x00000002   PAD
    0x0800adec   0x00000008   Code   RO         2133    .text               c_w.l(rt_errno_addr_intlibspace.o)
    0x0800adf4   0x00000030   Code   RO         2135    .text               c_w.l(_printf_char_common.o)
    0x0800ae24   0x00000008   Code   RO         2137    .text               c_w.l(ferror.o)
    0x0800ae2c   0x00000008   Code   RO         2147    .text               c_w.l(libspace.o)
    0x0800ae34   0x0000004a   Code   RO         2150    .text               c_w.l(sys_stackheap_outer.o)
    0x0800ae7e   0x0000000c   Code   RO         2156    .text               c_w.l(exit.o)
    0x0800ae8a   0x00000030   Code   RO         2094    i.__ARM_fpclassify  m_wm.l(fpclassify.o)
    0x0800aeba   0x00000006   PAD
    0x0800aec0   0x00000370   Code   RO         2003    i.__hardfp_asin     m_wm.l(asin.o)
    0x0800b230   0x000002e0   Code   RO         2072    i.__hardfp_atan     m_wm.l(atan.o)
    0x0800b510   0x000001f0   Code   RO         2017    i.__hardfp_atan2    m_wm.l(atan2.o)
    0x0800b700   0x00000c38   Code   RO         2029    i.__hardfp_pow      m_wm.l(pow.o)
    0x0800c338   0x000000f8   Code   RO         2096    i.__kernel_poly     m_wm.l(poly.o)
    0x0800c430   0x00000020   Code   RO         2086    i.__mathlib_dbl_underflow  m_wm.l(dunder.o)
    0x0800c450   0x00000010   Code   RO         2074    i.atan              m_wm.l(atan.o)
    0x0800c460   0x00000018   Code   RO         2090    i.fabs              m_wm.l(fabs.o)
    0x0800c478   0x0000006e   Code   RO         2101    i.sqrt              m_wm.l(sqrt.o)
    0x0800c4e6   0x00000018   Code   RO         2057    x$fpl$basic         fz_wm.l(basic.o)
    0x0800c4fe   0x00000002   PAD
    0x0800c500   0x00000062   Code   RO         1973    x$fpl$d2f           fz_wm.l(d2f.o)
    0x0800c562   0x00000002   PAD
    0x0800c564   0x00000150   Code   RO         1975    x$fpl$dadd          fz_wm.l(daddsub_clz.o)
    0x0800c6b4   0x00000010   Code   RO         2141    x$fpl$dcheck1       fz_wm.l(dcheck1.o)
    0x0800c6c4   0x00000018   Code   RO         2164    x$fpl$dcmpinf       fz_wm.l(dcmpi.o)
    0x0800c6dc   0x000002b0   Code   RO         1982    x$fpl$ddiv          fz_wm.l(ddiv.o)
    0x0800c98c   0x0000005e   Code   RO         1985    x$fpl$dfix          fz_wm.l(dfix.o)
    0x0800c9ea   0x00000002   PAD
    0x0800c9ec   0x0000005a   Code   RO         1989    x$fpl$dfixu         fz_wm.l(dfixu.o)
    0x0800ca46   0x0000002e   Code   RO         1994    x$fpl$dflt          fz_wm.l(dflt_clz.o)
    0x0800ca74   0x00000026   Code   RO         1993    x$fpl$dfltu         fz_wm.l(dflt_clz.o)
    0x0800ca9a   0x00000002   PAD
    0x0800ca9c   0x00000078   Code   RO         2143    x$fpl$dleqf         fz_wm.l(dleqf.o)
    0x0800cb14   0x00000154   Code   RO         1999    x$fpl$dmul          fz_wm.l(dmul.o)
    0x0800cc68   0x0000009c   Code   RO         2059    x$fpl$dnaninf       fz_wm.l(dnaninf.o)
    0x0800cd04   0x0000000c   Code   RO         2061    x$fpl$dretinf       fz_wm.l(dretinf.o)
    0x0800cd10   0x0000006c   Code   RO         2063    x$fpl$drleqf        fz_wm.l(drleqf.o)
    0x0800cd7c   0x00000016   Code   RO         1976    x$fpl$drsb          fz_wm.l(daddsub_clz.o)
    0x0800cd92   0x00000002   PAD
    0x0800cd94   0x00000198   Code   RO         2145    x$fpl$dsqrt         fz_wm.l(dsqrt_umaal.o)
    0x0800cf2c   0x000001d4   Code   RO         1977    x$fpl$dsub          fz_wm.l(daddsub_clz.o)
    0x0800d100   0x00000056   Code   RO         2001    x$fpl$f2d           fz_wm.l(f2d.o)
    0x0800d156   0x0000008c   Code   RO         2065    x$fpl$fnaninf       fz_wm.l(fnaninf.o)
    0x0800d1e2   0x0000000a   Code   RO         2234    x$fpl$fpinit        fz_wm.l(fpinit.o)
    0x0800d1ec   0x0000000a   Code   RO         2067    x$fpl$fretinf       fz_wm.l(fretinf.o)
    0x0800d1f6   0x00000064   Code   RO         2166    x$fpl$retnan        fz_wm.l(retnan.o)
    0x0800d25a   0x0000005c   Code   RO         2069    x$fpl$scalbn        fz_wm.l(scalbn.o)
    0x0800d2b6   0x00000030   Code   RO         2217    x$fpl$trapveneer    fz_wm.l(trapv.o)
    0x0800d2e6   0x00000000   Code   RO         2071    x$fpl$usenofp       fz_wm.l(usenofp.o)
    0x0800d2e6   0x00000a64   Data   RO         1396    .constdata          oled.o
    0x0800dd4a   0x00000002   PAD
    0x0800dd4c   0x00000050   Data   RO         1875    .constdata          inv_mpu.o
    0x0800dd9c   0x00000bf6   Data   RO         1908    .constdata          inv_mpu_dmp_motion_driver.o
    0x0800e992   0x00000006   PAD
    0x0800e998   0x00000050   Data   RO         2006    .constdata          m_wm.l(asin.o)
    0x0800e9e8   0x00000088   Data   RO         2032    .constdata          m_wm.l(pow.o)
    0x0800ea70   0x00000098   Data   RO         2075    .constdata          m_wm.l(atan.o)
    0x0800eb08   0x00000008   Data   RO         2098    .constdata          m_wm.l(qnan.o)
    0x0800eb10   0x0000004e   Data   RO         1876    .conststring        inv_mpu.o
    0x0800eb5e   0x00000002   PAD
    0x0800eb60   0x00000020   Data   RO         2291    Region$$Table       anon$$obj.o


    Execution Region RW_IRAM1 (Base: 0x20000000, Size: 0x00000d90, Max: 0x00020000, ABSOLUTE, COMPRESSED[0x0000006c])

    Base Addr    Size         Type   Attr      Idx    E Section Name        Object

    0x20000000   0x00000060   Data   RW            5    .data               main.o
    0x20000060   0x00000014   Data   RW          350    .data               system_stm32f4xx.o
    0x20000074   0x00000010   Data   RW          921    .data               stm32f4xx_rcc.o
    0x20000084   0x00000004   Data   RW         1126    .data               delay.o
    0x20000088   0x00000004   Data   RW         1243    .data               usart.o
    0x2000008c   0x0000000e   Data   RW         1333    .data               key.o
    0x2000009a   0x00000002   PAD
    0x2000009c   0x00000004   Data   RW         1354    .data               led.o
    0x200000a0   0x00000010   Data   RW         1443    .data               usartx.o
    0x200000b0   0x0000002c   Data   RW         1532    .data               timer.o
    0x200000dc   0x00000058   Data   RW         1575    .data               control.o
    0x20000134   0x00000054   Data   RW         1800    .data               filter.o
    0x20000188   0x00000009   Data   RW         1820    .data               show.o
    0x20000191   0x00000003   PAD
    0x20000194   0x00000038   Data   RW         1844    .data               mpu6050.o
    0x200001cc   0x0000002c   Data   RW         1877    .data               inv_mpu.o
    0x200001f8   0x00000028   Zero   RW            4    .bss                main.o
    0x20000220   0x00000400   Zero   RW         1395    .bss                oled.o
    0x20000620   0x00000032   Zero   RW         1442    .bss                usartx.o
    0x20000652   0x0000002a   Zero   RW         1781    .bss                datascope_dp.o
    0x2000067c   0x00000010   Zero   RW         1799    .bss                filter.o
    0x2000068c   0x00000092   Zero   RW         1843    .bss                mpu6050.o
    0x2000071e   0x00000002   PAD
    0x20000720   0x00000010   Zero   RW         1907    .bss                inv_mpu_dmp_motion_driver.o
    0x20000730   0x00000060   Zero   RW         2148    .bss                c_w.l(libspace.o)
    0x20000790   0x00000200   Zero   RW          374    HEAP                startup_stm32f40_41xxx.o
    0x20000990   0x00000400   Zero   RW          373    STACK               startup_stm32f40_41xxx.o


==============================================================================

Image component sizes


      Code (inc. data)   RO Data    RW Data    ZI Data      Debug   Object Name

       308         40          0          0          0       1132   adc.o
      1728         48          0          0          0       5302   can.o
      3664        480          0         88          0     234335   control.o
       344         30          0          0         42       2258   datascope_dp.o
       260          8          0          4          0       1489   delay.o
       488         18          0          0          0       1787   encoder.o
       124          4          0          0          0        740   exti.o
       712         82          0         84         16       1932   filter.o
      7884        182        158         44          0      21399   inv_mpu.o
      3472        142       3062          0         16      14987   inv_mpu_dmp_motion_driver.o
      1288         14          0          0          0       5562   ioi2c.o
       380         42          0         14          0       1631   key.o
       120         16          0          4          0        845   led.o
       208         18          0         96         40     235035   main.o
       224         20          0          0          0     255537   misc.o
       304         12          0          0          0       1074   motor.o
      2168        456          0         56        146      32362   mpu6050.o
      1086         26       2660          0       1024       4743   oled.o
      1392        290          0          9          0       1702   show.o
        64         26        392          0       1536        844   startup_stm32f40_41xxx.o
      1124         24          0          0          0      10546   stm32f4xx_adc.o
      2544         38          0          0          0       8020   stm32f4xx_can.o
       272         10          0          0          0       2315   stm32f4xx_exti.o
      1684         28          0          0          0       9210   stm32f4xx_flash.o
       660         44          0          0          0       4145   stm32f4xx_gpio.o
        26          0          0          0          0      58214   stm32f4xx_it.o
       364         12          0          0          0       3763   stm32f4xx_pwr.o
      1628         52          0         16          0      12960   stm32f4xx_rcc.o
       148         12          0          0          0       1869   stm32f4xx_syscfg.o
      3234         60          0          0          0      22352   stm32f4xx_tim.o
      1108         34          0          0          0       7848   stm32f4xx_usart.o
       700         94          0          0          0       2732   stmflash.o
       528         46          0         20          0       1855   system_stm32f4xx.o
      1100         76          0         44          0       3333   timer.o
       200         16          0          4          0       3228   usart.o
      1300        152          0         16         50       2128   usartx.o

    ----------------------------------------------------------------------
     42844       2652       6314        504       2872     979214   Object Totals
         0          0         32          0          0          0   (incl. Generated)
         6          0         10          5          2          0   (incl. Padding)

    ----------------------------------------------------------------------

      Code (inc. data)   RO Data    RW Data    ZI Data      Debug   Library Member Name

        90          0          0          0          0          0   __dczerorl2.o
         8          0          0          0          0         68   __main.o
       104          0          0          0          0         84   __printf.o
        52          8          0          0          0          0   __scatter.o
        28          0          0          0          0          0   __scatter_zi.o
        48          6          0          0          0         96   _printf_char_common.o
        36          4          0          0          0         80   _printf_char_file.o
         6          0          0          0          0          0   _printf_d.o
       116         16          0          0          0         92   _printf_dec.o
       178          0          0          0          0         88   _printf_intcommon.o
         0          0          0          0          0          0   _printf_percent.o
         4          0          0          0          0          0   _printf_percent_end.o
        22          0          0          0          0        100   _rserrno.o
        16          0          0          0          0         68   aeabi_memset.o
        12          0          0          0          0         72   exit.o
         8          0          0          0          0         68   ferror.o
         6          0          0          0          0        152   heapauxi.o
         2          0          0          0          0          0   libinit.o
         6          0          0          0          0          0   libinit2.o
         2          0          0          0          0          0   libshutdown.o
         2          0          0          0          0          0   libshutdown2.o
         8          4          0          0         96         68   libspace.o
        72          0          0          0          0         76   llsdiv.o
       238          0          0          0          0        100   lludivv7m.o
        88          0          0          0          0         76   memcmp.o
        24          4          0          0          0         84   noretval__2printf.o
         8          4          0          0          0         68   rt_errno_addr_intlibspace.o
        68          0          0          0          0         68   rt_memclr.o
        78          0          0          0          0         80   rt_memclr_w.o
         0          0          0          0          0          0   rtentry.o
        12          0          0          0          0          0   rtentry2.o
         6          0          0          0          0          0   rtentry4.o
         2          0          0          0          0          0   rtexit.o
        10          0          0          0          0          0   rtexit2.o
        74          0          0          0          0         80   sys_stackheap_outer.o
         2          0          0          0          0         68   use_no_semi.o
         2          0          0          0          0         68   use_no_semi_2.o
        24          0          0          0          0        164   basic.o
        98          4          0          0          0        140   d2f.o
       826         16          0          0          0        492   daddsub_clz.o
        16          4          0          0          0        116   dcheck1.o
        24          0          0          0          0        116   dcmpi.o
       688        140          0          0          0        256   ddiv.o
        94          4          0          0          0        140   dfix.o
        90          4          0          0          0        140   dfixu.o
        84          0          0          0          0        232   dflt_clz.o
       120          4          0          0          0        140   dleqf.o
       340         12          0          0          0        152   dmul.o
       156          4          0          0          0        140   dnaninf.o
        12          0          0          0          0        116   dretinf.o
       108          0          0          0          0        128   drleqf.o
       408         56          0          0          0        168   dsqrt_umaal.o
        86          4          0          0          0        132   f2d.o
       140          4          0          0          0        132   fnaninf.o
        10          0          0          0          0        116   fpinit.o
        10          0          0          0          0        116   fretinf.o
       100          0          0          0          0        116   retnan.o
        92          0          0          0          0        116   scalbn.o
        48          0          0          0          0        116   trapv.o
         0          0          0          0          0          0   usenofp.o
       880        110         80          0          0        200   asin.o
       752        104        152          0          0        344   atan.o
       496         70          0          0          0        156   atan2.o
        32          8          0          0          0        124   dunder.o
        24          0          0          0          0        124   fabs.o
        48          0          0          0          0        124   fpclassify.o
       248          0          0          0          0        152   poly.o
      3128        304        136          0          0        216   pow.o
         0          0          8          0          0          0   qnan.o
       110          0          0          0          0        148   sqrt.o

    ----------------------------------------------------------------------
     10754        898        376          0         96       6876   Library Totals
        24          0          0          0          0          0   (incl. Padding)

    ----------------------------------------------------------------------

      Code (inc. data)   RO Data    RW Data    ZI Data      Debug   Library Name

      1438         46          0          0         96       1804   c_w.l
      3574        256          0          0          0       3484   fz_wm.l
      5718        596        376          0          0       1588   m_wm.l

    ----------------------------------------------------------------------
     10754        898        376          0         96       6876   Library Totals

    ----------------------------------------------------------------------

==============================================================================


      Code (inc. data)   RO Data    RW Data    ZI Data      Debug   

     53598       3550       6690        504       2968     973354   Grand Totals
     53598       3550       6690        108       2968     973354   ELF Image Totals (compressed)
     53598       3550       6690        108          0          0   ROM Totals

==============================================================================

    Total RO  Size (Code + RO Data)                60288 (  58.88kB)
    Total RW  Size (RW Data + ZI Data)              3472 (   3.39kB)
    Total ROM Size (Code + RO Data + RW Data)      60396 (  58.98kB)

==============================================================================

