<html>
<body>
<pre>
<h1>礦ision Build Log</h1>
<h2>Project:</h2>
D:\1.Work\MiniBalanceV5.0\MiniBalanceV5.0【高配版】平衡小车（STM32F405RGT6）\高配版平衡小车附送资料（STM32F405RGT6）\MiniBalanceV5.0【高配版】平衡小车库函数版源码（卡尔曼滤波版）\USER\Minibalance.uvproj
Project File Date:  06/02/2017

<h2>Output:</h2>
Build target 'MinibalanceF4'
linking...
Program Size: Code=53606 RO-data=6690 RW-data=504 ZI-data=2968  
FromELF: creating hex file...
"..\OBJ\Minibalance.axf" - 0 Error(s), 0 Warning(s).
</pre>
</body>
</html>
f4xx_can.c...
compiling stm32f4xx_crc.c...
compiling stm32f4xx_cryp.c...
compiling stm32f4xx_cryp_aes.c...
compiling stm32f4xx_cryp_des.c...
compiling stm32f4xx_cryp_tdes.c...
compiling stm32f4xx_dac.c...
compiling stm32f4xx_dbgmcu.c...
compiling stm32f4xx_dcmi.c...
compiling stm32f4xx_dma.c...
compiling stm32f4xx_dma2d.c...
compiling stm32f4xx_exti.c...
compiling stm32f4xx_flash.c...
compiling stm32f4xx_flash_ramfunc.c...
compiling stm32f4xx_fsmc.c...
compiling stm32f4xx_gpio.c...
compiling stm32f4xx_hash.c...
compiling stm32f4xx_hash_md5.c...
compiling stm32f4xx_hash_sha1.c...
compiling stm32f4xx_i2c.c...
compiling stm32f4xx_iwdg.c...
compiling stm32f4xx_ltdc.c...
compiling stm32f4xx_pwr.c...
compiling stm32f4xx_rcc.c...
compiling stm32f4xx_rng.c...
compiling stm32f4xx_rtc.c...
compiling stm32f4xx_sai.c...
compiling stm32f4xx_sdio.c...
compiling stm32f4xx_spi.c...
compiling stm32f4xx_syscfg.c...
compiling stm32f4xx_tim.c...
compiling stm32f4xx_usart.c...
compiling stm32f4xx_wwdg.c...
compiling delay.c...
compiling sys.c...
compiling usart.c...
compiling adc.c...
compiling encoder.c...
compiling exti.c...
compiling key.c...
compiling LED.C...
compiling motor.c...
compiling oled.c...
compiling IOI2C.c...
compiling usartx.c...
compiling stmflash.c...
compiling spi.c...
compiling 24l01.c...
compiling timer.c...
compiling can.c...
compiling control.c...
compiling DataScope_DP.C...
compiling filter.c...
compiling show.c...
compiling MPU6050.c...
compiling inv_mpu.c...
compiling inv_mpu_dmp_motion_driver.c...
linking...
Program Size: Code=53614 RO-data=6690 RW-data=504 ZI-data=2968  
FromELF: creating hex file...
"..\OBJ\Minibalance.axf" - 0 Error(s), 0 Warning(s).
